Archive member included to satisfy reference by file (symbol)

c:/st/stm32cubeide_1.8.0/stm32cubeide/plugins/com.st.stm32cube.ide.mcu.externaltools.gnu-tools-for-stm32.9-2020-q2-update.win32_2.0.0.202105311346/tools/bin/../lib/gcc/arm-none-eabi/9.3.1/../../../../arm-none-eabi/lib/thumb/v7e-m+dp/hard\libc_nano.a(lib_a-errno.o)
                              ./Core/Src/syscalls.o (__errno)
c:/st/stm32cubeide_1.8.0/stm32cubeide/plugins/com.st.stm32cube.ide.mcu.externaltools.gnu-tools-for-stm32.9-2020-q2-update.win32_2.0.0.202105311346/tools/bin/../lib/gcc/arm-none-eabi/9.3.1/../../../../arm-none-eabi/lib/thumb/v7e-m+dp/hard\libc_nano.a(lib_a-exit.o)
                              c:/st/stm32cubeide_1.8.0/stm32cubeide/plugins/com.st.stm32cube.ide.mcu.externaltools.gnu-tools-for-stm32.9-2020-q2-update.win32_2.0.0.202105311346/tools/bin/../lib/gcc/arm-none-eabi/9.3.1/../../../../arm-none-eabi/lib/thumb/v7e-m+dp/hard/crt0.o (exit)
c:/st/stm32cubeide_1.8.0/stm32cubeide/plugins/com.st.stm32cube.ide.mcu.externaltools.gnu-tools-for-stm32.9-2020-q2-update.win32_2.0.0.202105311346/tools/bin/../lib/gcc/arm-none-eabi/9.3.1/../../../../arm-none-eabi/lib/thumb/v7e-m+dp/hard\libc_nano.a(lib_a-impure.o)
                              c:/st/stm32cubeide_1.8.0/stm32cubeide/plugins/com.st.stm32cube.ide.mcu.externaltools.gnu-tools-for-stm32.9-2020-q2-update.win32_2.0.0.202105311346/tools/bin/../lib/gcc/arm-none-eabi/9.3.1/../../../../arm-none-eabi/lib/thumb/v7e-m+dp/hard\libc_nano.a(lib_a-exit.o) (_global_impure_ptr)
c:/st/stm32cubeide_1.8.0/stm32cubeide/plugins/com.st.stm32cube.ide.mcu.externaltools.gnu-tools-for-stm32.9-2020-q2-update.win32_2.0.0.202105311346/tools/bin/../lib/gcc/arm-none-eabi/9.3.1/../../../../arm-none-eabi/lib/thumb/v7e-m+dp/hard\libc_nano.a(lib_a-init.o)
                              c:/st/stm32cubeide_1.8.0/stm32cubeide/plugins/com.st.stm32cube.ide.mcu.externaltools.gnu-tools-for-stm32.9-2020-q2-update.win32_2.0.0.202105311346/tools/bin/../lib/gcc/arm-none-eabi/9.3.1/../../../../arm-none-eabi/lib/thumb/v7e-m+dp/hard/crt0.o (__libc_init_array)
c:/st/stm32cubeide_1.8.0/stm32cubeide/plugins/com.st.stm32cube.ide.mcu.externaltools.gnu-tools-for-stm32.9-2020-q2-update.win32_2.0.0.202105311346/tools/bin/../lib/gcc/arm-none-eabi/9.3.1/../../../../arm-none-eabi/lib/thumb/v7e-m+dp/hard\libc_nano.a(lib_a-memset.o)
                              c:/st/stm32cubeide_1.8.0/stm32cubeide/plugins/com.st.stm32cube.ide.mcu.externaltools.gnu-tools-for-stm32.9-2020-q2-update.win32_2.0.0.202105311346/tools/bin/../lib/gcc/arm-none-eabi/9.3.1/../../../../arm-none-eabi/lib/thumb/v7e-m+dp/hard/crt0.o (memset)
c:/st/stm32cubeide_1.8.0/stm32cubeide/plugins/com.st.stm32cube.ide.mcu.externaltools.gnu-tools-for-stm32.9-2020-q2-update.win32_2.0.0.202105311346/tools/bin/../lib/gcc/arm-none-eabi/9.3.1/../../../../arm-none-eabi/lib/thumb/v7e-m+dp/hard\libc_nano.a(lib_a-sprintf.o)
                              ./Core/Src/mems_configuration.o (sprintf)
c:/st/stm32cubeide_1.8.0/stm32cubeide/plugins/com.st.stm32cube.ide.mcu.externaltools.gnu-tools-for-stm32.9-2020-q2-update.win32_2.0.0.202105311346/tools/bin/../lib/gcc/arm-none-eabi/9.3.1/../../../../arm-none-eabi/lib/thumb/v7e-m+dp/hard\libc_nano.a(lib_a-nano-svfprintf.o)
                              c:/st/stm32cubeide_1.8.0/stm32cubeide/plugins/com.st.stm32cube.ide.mcu.externaltools.gnu-tools-for-stm32.9-2020-q2-update.win32_2.0.0.202105311346/tools/bin/../lib/gcc/arm-none-eabi/9.3.1/../../../../arm-none-eabi/lib/thumb/v7e-m+dp/hard\libc_nano.a(lib_a-sprintf.o) (_svfprintf_r)
c:/st/stm32cubeide_1.8.0/stm32cubeide/plugins/com.st.stm32cube.ide.mcu.externaltools.gnu-tools-for-stm32.9-2020-q2-update.win32_2.0.0.202105311346/tools/bin/../lib/gcc/arm-none-eabi/9.3.1/../../../../arm-none-eabi/lib/thumb/v7e-m+dp/hard\libc_nano.a(lib_a-nano-vfprintf_i.o)
                              c:/st/stm32cubeide_1.8.0/stm32cubeide/plugins/com.st.stm32cube.ide.mcu.externaltools.gnu-tools-for-stm32.9-2020-q2-update.win32_2.0.0.202105311346/tools/bin/../lib/gcc/arm-none-eabi/9.3.1/../../../../arm-none-eabi/lib/thumb/v7e-m+dp/hard\libc_nano.a(lib_a-nano-svfprintf.o) (_printf_i)
c:/st/stm32cubeide_1.8.0/stm32cubeide/plugins/com.st.stm32cube.ide.mcu.externaltools.gnu-tools-for-stm32.9-2020-q2-update.win32_2.0.0.202105311346/tools/bin/../lib/gcc/arm-none-eabi/9.3.1/../../../../arm-none-eabi/lib/thumb/v7e-m+dp/hard\libc_nano.a(lib_a-memchr.o)
                              c:/st/stm32cubeide_1.8.0/stm32cubeide/plugins/com.st.stm32cube.ide.mcu.externaltools.gnu-tools-for-stm32.9-2020-q2-update.win32_2.0.0.202105311346/tools/bin/../lib/gcc/arm-none-eabi/9.3.1/../../../../arm-none-eabi/lib/thumb/v7e-m+dp/hard\libc_nano.a(lib_a-nano-svfprintf.o) (memchr)
c:/st/stm32cubeide_1.8.0/stm32cubeide/plugins/com.st.stm32cube.ide.mcu.externaltools.gnu-tools-for-stm32.9-2020-q2-update.win32_2.0.0.202105311346/tools/bin/../lib/gcc/arm-none-eabi/9.3.1/../../../../arm-none-eabi/lib/thumb/v7e-m+dp/hard\libc_nano.a(lib_a-memcpy-stub.o)
[...]
Memory Configuration

Name             Origin             Length             Attributes
RAM              0x0000000020000000 0x0000000000080000 xrw
FLASH            0x0000000008000000 0x0000000000200000 xr
*default*        0x0000000000000000 0xffffffffffffffff

Linker script and memory map

LOAD c:/st/stm32cubeide_1.8.0/stm32cubeide/plugins/com.st.stm32cube.ide.mcu.externaltools.gnu-tools-for-stm32.9-2020-q2-update.win32_2.0.0.202105311346/tools/bin/../lib/gcc/arm-none-eabi/9.3.1/thumb/v7e-m+dp/hard/crti.o
LOAD c:/st/stm32cubeide_1.8.0/stm32cubeide/plugins/com.st.stm32cube.ide.mcu.externaltools.gnu-tools-for-stm32.9-2020-q2-update.win32_2.0.0.202105311346/tools/bin/../lib/gcc/arm-none-eabi/9.3.1/thumb/v7e-m+dp/hard/crtbegin.o
LOAD c:/st/stm32cubeide_1.8.0/stm32cubeide/plugins/com.st.stm32cube.ide.mcu.externaltools.gnu-tools-for-stm32.9-2020-q2-update.win32_2.0.0.202105311346/tools/bin/../lib/gcc/arm-none-eabi/9.3.1/../../../../arm-none-eabi/lib/thumb/v7e-m+dp/hard/crt0.o
LOAD ./Core/Src/gpio.o
LOAD ./Core/Src/main.o
LOAD ./Core/Src/mems_configuration.o
LOAD ./Core/Src/stm32f7xx_hal_msp.o
LOAD ./Core/Src/stm32f7xx_it.o
LOAD ./Core/Src/stm32f7xx_nucleo.o
LOAD ./Core/Src/stm32f7xx_nucleo_bus.o
LOAD ./Core/Src/syscalls.o
LOAD ./Core/Src/sysmem.o
LOAD ./Core/Src/system_stm32f7xx.o
LOAD ./Core/Src/tim.o
LOAD ./Core/Src/usart.o
LOAD ./Core/Startup/startup_stm32f767zitx.o
LOAD ./Drivers/BSP/Components/iis2dlpc/iis2dlpc.o
LOAD ./Drivers/BSP/Components/iis2dlpc/iis2dlpc_reg.o
LOAD ./Drivers/BSP/Components/iis2mdc/iis2mdc.o
LOAD ./Drivers/BSP/Components/iis2mdc/iis2mdc_reg.o
LOAD ./Drivers/BSP/Components/ism330dhcx/ism330dhcx.o
LOAD ./Drivers/BSP/Components/ism330dhcx/ism330dhcx_reg.o
LOAD ./Drivers/BSP/IKS02A1/iks02a1_motion_sensors.o
LOAD ./Drivers/BSP/IKS02A1/iks02a1_motion_sensors_ex.o
LOAD ./Drivers/STM32F7xx_HAL_Driver/Src/stm32f7xx_hal.o
LOAD ./Drivers/STM32F7xx_HAL_Driver/Src/stm32f7xx_hal_cortex.o
LOAD ./Drivers/STM32F7xx_HAL_Driver/Src/stm32f7xx_hal_dma.o
LOAD ./Drivers/STM32F7xx_HAL_Driver/Src/stm32f7xx_hal_dma_ex.o
LOAD ./Drivers/STM32F7xx_HAL_Driver/Src/stm32f7xx_hal_exti.o
LOAD ./Drivers/STM32F7xx_HAL_Driver/Src/stm32f7xx_hal_flash.o
LOAD ./Drivers/STM32F7xx_HAL_Driver/Src/stm32f7xx_hal_flash_ex.o
LOAD ./Drivers/STM32F7xx_HAL_Driver/Src/stm32f7xx_hal_gpio.o
LOAD ./Drivers/STM32F7xx_HAL_Driver/Src/stm32f7xx_hal_i2c.o
LOAD ./Drivers/STM32F7xx_HAL_Driver/Src/stm32f7xx_hal_i2c_ex.o
LOAD ./Drivers/STM32F7xx_HAL_Driver/Src/stm32f7xx_hal_pwr.o
LOAD ./Drivers/STM32F7xx_HAL_Driver/Src/stm32f7xx_hal_pwr_ex.o
LOAD ./Drivers/STM32F7xx_HAL_Driver/Src/stm32f7xx_hal_rcc.o
LOAD ./Drivers/STM32F7xx_HAL_Driver/Src/stm32f7xx_hal_rcc_ex.o
LOAD ./Drivers/STM32F7xx_HAL_Driver/Src/stm32f7xx_hal_tim.o
LOAD ./Drivers/STM32F7xx_HAL_Driver/Src/stm32f7xx_hal_tim_ex.o
LOAD ./Drivers/STM32F7xx_HAL_Driver/Src/stm32f7xx_hal_uart.o
LOAD ./Drivers/STM32F7xx_HAL_Driver/Src/stm32f7xx_hal_uart_ex.o
LOAD ../Middlewares/ST/STM32_MotionAC_Library/Lib\MotionAC_CM7F_wc32_ot_hard.a
START GROUP
LOAD c:/st/stm32cubeide_1.8.0/stm32cubeide/plugins/com.st.stm32cube.ide.mcu.externaltools.gnu-tools-for-stm32.9-2020-q2-update.win32_2.0.0.202105311346/tools/bin/../lib/gcc/arm-none-eabi/9.3.1/../../../../arm-none-eabi/lib/thumb/v7e-m+dp/hard\libc_nano.a
LOAD c:/st/stm32cubeide_1.8.0/stm32cubeide/plugins/com.st.stm32cube.ide.mcu.externaltools.gnu-tools-for-stm32.9-2020-q2-update.win32_2.0.0.202105311346/tools/bin/../lib/gcc/arm-none-eabi/9.3.1/../../../../arm-none-eabi/lib/thumb/v7e-m+dp/hard\libm.a
END GROUP
START GROUP
LOAD c:/st/stm32cubeide_1.8.0/stm32cubeide/plugins/com.st.stm32cube.ide.mcu.externaltools.gnu-tools-for-stm32.9-2020-q2-update.win32_2.0.0.202105311346/tools/bin/../lib/gcc/arm-none-eabi/9.3.1/thumb/v7e-m+dp/hard\libgcc.a
LOAD c:/st/stm32cubeide_1.8.0/stm32cubeide/plugins/com.st.stm32cube.ide.mcu.externaltools.gnu-tools-for-stm32.9-2020-q2-update.win32_2.0.0.202105311346/tools/bin/../lib/gcc/arm-none-eabi/9.3.1/../../../../arm-none-eabi/lib/thumb/v7e-m+dp/hard\libc_nano.a
END GROUP
START GROUP
LOAD c:/st/stm32cubeide_1.8.0/stm32cubeide/plugins/com.st.stm32cube.ide.mcu.externaltools.gnu-tools-for-stm32.9-2020-q2-update.win32_2.0.0.202105311346/tools/bin/../lib/gcc/arm-none-eabi/9.3.1/thumb/v7e-m+dp/hard\libgcc.a
LOAD c:/st/stm32cubeide_1.8.0/stm32cubeide/plugins/com.st.stm32cube.ide.mcu.externaltools.gnu-tools-for-stm32.9-2020-q2-update.win32_2.0.0.202105311346/tools/bin/../lib/gcc/arm-none-eabi/9.3.1/../../../../arm-none-eabi/lib/thumb/v7e-m+dp/hard\libc_nano.a
LOAD c:/st/stm32cubeide_1.8.0/stm32cubeide/plugins/com.st.stm32cube.ide.mcu.externaltools.gnu-tools-for-stm32.9-2020-q2-update.win32_2.0.0.202105311346/tools/bin/../lib/gcc/arm-none-eabi/9.3.1/../../../../arm-none-eabi/lib/thumb/v7e-m+dp/hard\libnosys.a
END GROUP
START GROUP
LOAD c:/st/stm32cubeide_1.8.0/stm32cubeide/plugins/com.st.stm32cube.ide.mcu.externaltools.gnu-tools-for-stm32.9-2020-q2-update.win32_2.0.0.202105311346/tools/bin/../lib/gcc/arm-none-eabi/9.3.1/thumb/v7e-m+dp/hard\libgcc.a
LOAD c:/st/stm32cubeide_1.8.0/stm32cubeide/plugins/com.st.stm32cube.ide.mcu.externaltools.gnu-tools-for-stm32.9-2020-q2-update.win32_2.0.0.202105311346/tools/bin/../lib/gcc/arm-none-eabi/9.3.1/../../../../arm-none-eabi/lib/thumb/v7e-m+dp/hard\libc_nano.a
LOAD c:/st/stm32cubeide_1.8.0/stm32cubeide/plugins/com.st.stm32cube.ide.mcu.externaltools.gnu-tools-for-stm32.9-2020-q2-update.win32_2.0.0.202105311346/tools/bin/../lib/gcc/arm-none-eabi/9.3.1/../../../../arm-none-eabi/lib/thumb/v7e-m+dp/hard\libnosys.a
END GROUP
LOAD c:/st/stm32cubeide_1.8.0/stm32cubeide/plugins/com.st.stm32cube.ide.mcu.externaltools.gnu-tools-for-stm32.9-2020-q2-update.win32_2.0.0.202105311346/tools/bin/../lib/gcc/arm-none-eabi/9.3.1/thumb/v7e-m+dp/hard/crtend.o
LOAD c:/st/stm32cubeide_1.8.0/stm32cubeide/plugins/com.st.stm32cube.ide.mcu.externaltools.gnu-tools-for-stm32.9-2020-q2-update.win32_2.0.0.202105311346/tools/bin/../lib/gcc/arm-none-eabi/9.3.1/thumb/v7e-m+dp/hard/crtn.o
                0x0000000020080000                _estack = (ORIGIN (RAM) + LENGTH (RAM))
                0x0000000000000200                _Min_Heap_Size = 0x200
                0x0000000000000400                _Min_Stack_Size = 0x400

.isr_vector     0x0000000008000000      0x1f8
                0x0000000008000000                . = ALIGN (0x4)
 *(.isr_vector)
 .isr_vector    0x0000000008000000      0x1f8 ./Core/Startup/startup_stm32f767zitx.o
                0x0000000008000000                g_pfnVectors
                0x00000000080001f8                . = ALIGN (0x4)

.text           0x0000000008000200     0xa1d0
                0x0000000008000200                . = ALIGN (0x4)
 *(.text)
 .text          0x0000000008000200       0x40 c:/st/stm32cubeide_1.8.0/stm32cubeide/plugins/com.st.stm32cube.ide.mcu.externaltools.gnu-tools-for-stm32.9-2020-q2-update.win32_2.0.0.202105311346/tools/bin/../lib/gcc/arm-none-eabi/9.3.1/thumb/v7e-m+dp/hard/crtbegin.o
 .text          0x0000000008000240       0xa0 c:/st/stm32cubeide_1.8.0/stm32cubeide/plugins/com.st.stm32cube.ide.mcu.externaltools.gnu-tools-for-stm32.9-2020-q2-update.win32_2.0.0.202105311346/tools/bin/../lib/gcc/arm-none-eabi/9.3.1/../../../../arm-none-eabi/lib/thumb/v7e-m+dp/hard\libc_nano.a(lib_a-memchr.o)
                0x0000000008000240                memchr
 .text          0x00000000080002e0       0x30 c:/st/stm32cubeide_1.8.0/stm32cubeide/plugins/com.st.stm32cube.ide.mcu.externaltools.gnu-tools-for-stm32.9-2020-q2-update.win32_2.0.0.202105311346/tools/bin/../lib/gcc/arm-none-eabi/9.3.1/thumb/v7e-m+dp/hard\libgcc.a(_aeabi_uldivmod.o)
                0x00000000080002e0                __aeabi_uldivmod
 .text          0x0000000008000310      0x2c4 c:/st/stm32cubeide_1.8.0/stm32cubeide/plugins/com.st.stm32cube.ide.mcu.externaltools.gnu-tools-for-stm32.9-2020-q2-update.win32_2.0.0.202105311346/tools/bin/../lib/gcc/arm-none-eabi/9.3.1/thumb/v7e-m+dp/hard\libgcc.a(_udivmoddi4.o)
                0x0000000008000310                __udivmoddi4
 .text          0x00000000080005d4        0x4 c:/st/stm32cubeide_1.8.0/stm32cubeide/plugins/com.st.stm32cube.ide.mcu.externaltools.gnu-tools-for-stm32.9-2020-q2-update.win32_2.0.0.202105311346/tools/bin/../lib/gcc/arm-none-eabi/9.3.1/thumb/v7e-m+dp/hard\libgcc.a(_dvmd_tls.o)
                0x00000000080005d4                __aeabi_idiv0
                0x00000000080005d4                __aeabi_ldiv0
 *(.text*)
 .text.MX_GPIO_Init
                0x00000000080005d8      0x218 ./Core/Src/gpio.o
                0x00000000080005d8                MX_GPIO_Init
 .text.main     0x00000000080007f0       0x22 ./Core/Src/main.o
                0x00000000080007f0                main
 *fill*         0x0000000008000812        0x2 
 .text.SystemClock_Config
                0x0000000008000814       0xe4 ./Core/Src/main.o
                0x0000000008000814                SystemClock_Config
 .text.Error_Handler
                0x00000000080008f8        0xa ./Core/Src/main.o
                0x00000000080008f8                Error_Handler
 .text.MX_MEMS_Init
                0x0000000008000902        0xc ./Core/Src/mems_configuration.o
                0x0000000008000902                MX_MEMS_Init
 .text.MX_MEMS_Process
                0x000000000800090e        0xc ./Core/Src/mems_configuration.o
                0x000000000800090e                MX_MEMS_Process
 *fill*         0x000000000800091a        0x2 
 .text.MX_IKS02A1_DataLogTerminal_Init
                0x000000000800091c       0x50 ./Core/Src/mems_configuration.o
 .text.BSP_PB_Callback
                0x000000000800096c       0x20 ./Core/Src/mems_configuration.o
                0x000000000800096c                BSP_PB_Callback
 .text.MX_IKS02A1_DataLogTerminal_Process
                0x000000000800098c       0x32 ./Core/Src/mems_configuration.o
 *fill*         0x00000000080009be        0x2 
 .text.Accelero_Sensor_Handler
                0x00000000080009c0       0x80 ./Core/Src/mems_configuration.o
 .text.HAL_MspInit
                0x0000000008000a40       0x48 ./Core/Src/stm32f7xx_hal_msp.o
                0x0000000008000a40                HAL_MspInit
 .text.NMI_Handler
                0x0000000008000a88        0x6 ./Core/Src/stm32f7xx_it.o
                0x0000000008000a88                NMI_Handler
 .text.HardFault_Handler
                0x0000000008000a8e        0x6 ./Core/Src/stm32f7xx_it.o
                0x0000000008000a8e                HardFault_Handler
 .text.MemManage_Handler
                0x0000000008000a94        0x6 ./Core/Src/stm32f7xx_it.o
                0x0000000008000a94                MemManage_Handler
 .text.BusFault_Handler
                0x0000000008000a9a        0x6 ./Core/Src/stm32f7xx_it.o
                0x0000000008000a9a                BusFault_Handler
 .text.UsageFault_Handler
                0x0000000008000aa0        0x6 ./Core/Src/stm32f7xx_it.o
                0x0000000008000aa0                UsageFault_Handler
 .text.SVC_Handler
                0x0000000008000aa6        0xe ./Core/Src/stm32f7xx_it.o
                0x0000000008000aa6                SVC_Handler
 .text.DebugMon_Handler
                0x0000000008000ab4        0xe ./Core/Src/stm32f7xx_it.o
                0x0000000008000ab4                DebugMon_Handler
 .text.PendSV_Handler
                0x0000000008000ac2        0xe ./Core/Src/stm32f7xx_it.o
                0x0000000008000ac2                PendSV_Handler
 .text.SysTick_Handler
                0x0000000008000ad0        0xc ./Core/Src/stm32f7xx_it.o
                0x0000000008000ad0                SysTick_Handler
 .text.TIM3_IRQHandler
                0x0000000008000adc       0x14 ./Core/Src/stm32f7xx_it.o
                0x0000000008000adc                TIM3_IRQHandler
 .text.USART3_IRQHandler
                0x0000000008000af0       0x14 ./Core/Src/stm32f7xx_it.o
                0x0000000008000af0                USART3_IRQHandler
 .text.EXTI15_10_IRQHandler
                0x0000000008000b04       0x10 ./Core/Src/stm32f7xx_it.o
                0x0000000008000b04                EXTI15_10_IRQHandler
 .text.BSP_LED_Init
                0x0000000008000b14       0x24 ./Core/Src/stm32f7xx_nucleo.o
                0x0000000008000b14                BSP_LED_Init
 .text.LED_USER_GPIO_Init
                0x0000000008000b38        0xe ./Core/Src/stm32f7xx_nucleo.o
 *fill*         0x0000000008000b46        0x2 
 .text.BSP_PB_Init
                0x0000000008000b48       0xa8 ./Core/Src/stm32f7xx_nucleo.o
                0x0000000008000b48                BSP_PB_Init
 .text.BSP_PB_GetState
                0x0000000008000bf0       0x38 ./Core/Src/stm32f7xx_nucleo.o
                0x0000000008000bf0                BSP_PB_GetState
 .text.BUTTON_USER_EXTI_Callback
                0x0000000008000c28        0xe ./Core/Src/stm32f7xx_nucleo.o
 .text.BUTTON_USER_GPIO_Init
                0x0000000008000c36        0xe ./Core/Src/stm32f7xx_nucleo.o
 .text.BSP_I2C1_Init
                0x0000000008000c44       0x7c ./Core/Src/stm32f7xx_nucleo_bus.o
                0x0000000008000c44                BSP_I2C1_Init
 .text.BSP_I2C1_DeInit
                0x0000000008000cc0       0x50 ./Core/Src/stm32f7xx_nucleo_bus.o
                0x0000000008000cc0                BSP_I2C1_DeInit
 .text.BSP_I2C1_WriteReg
                0x0000000008000d10       0x64 ./Core/Src/stm32f7xx_nucleo_bus.o
                0x0000000008000d10                BSP_I2C1_WriteReg
 .text.BSP_I2C1_ReadReg
                0x0000000008000d74       0x64 ./Core/Src/stm32f7xx_nucleo_bus.o
                0x0000000008000d74                BSP_I2C1_ReadReg
 .text.BSP_GetTick
                0x0000000008000dd8        0xe ./Core/Src/stm32f7xx_nucleo_bus.o
                0x0000000008000dd8                BSP_GetTick
 *fill*         0x0000000008000de6        0x2 
 .text.MX_I2C1_Init
                0x0000000008000de8       0x88 ./Core/Src/stm32f7xx_nucleo_bus.o
                0x0000000008000de8                MX_I2C1_Init
 .text.I2C1_MspInit
                0x0000000008000e70       0x8c ./Core/Src/stm32f7xx_nucleo_bus.o
 .text.I2C1_MspDeInit
                0x0000000008000efc       0x38 ./Core/Src/stm32f7xx_nucleo_bus.o
 .text._sbrk    0x0000000008000f34       0x6c ./Core/Src/sysmem.o
                0x0000000008000f34                _sbrk
 .text.SystemInit
                0x0000000008000fa0       0x24 ./Core/Src/system_stm32f7xx.o
                0x0000000008000fa0                SystemInit
 .text.MX_TIM3_Init
                0x0000000008000fc4       0x9c ./Core/Src/tim.o
                0x0000000008000fc4                MX_TIM3_Init
 .text.HAL_TIM_Base_MspInit
                0x0000000008001060       0x4c ./Core/Src/tim.o
                0x0000000008001060                HAL_TIM_Base_MspInit
 .text.MX_USART3_UART_Init
                0x00000000080010ac       0x60 ./Core/Src/usart.o
                0x00000000080010ac                MX_USART3_UART_Init
 .text.HAL_UART_MspInit
                0x000000000800110c       0xd0 ./Core/Src/usart.o
                0x000000000800110c                HAL_UART_MspInit
 .text.Reset_Handler
                0x00000000080011dc       0x50 ./Core/Startup/startup_stm32f767zitx.o
                0x00000000080011dc                Reset_Handler
 .text.Default_Handler
                0x000000000800122c        0x2 ./Core/Startup/startup_stm32f767zitx.o
                0x000000000800122c                RTC_Alarm_IRQHandler
                0x000000000800122c                EXTI2_IRQHandler
                0x000000000800122c                TIM8_CC_IRQHandler
                0x000000000800122c                UART8_IRQHandler
                0x000000000800122c                SPI4_IRQHandler
                0x000000000800122c                TIM1_CC_IRQHandler
                0x000000000800122c                DMA2_Stream5_IRQHandler
                0x000000000800122c                JPEG_IRQHandler
                0x000000000800122c                DMA1_Stream5_IRQHandler
                0x000000000800122c                CAN3_RX1_IRQHandler
                0x000000000800122c                PVD_IRQHandler
                0x000000000800122c                TAMP_STAMP_IRQHandler
                0x000000000800122c                CAN2_RX1_IRQHandler
                0x000000000800122c                EXTI3_IRQHandler
                0x000000000800122c                TIM8_TRG_COM_TIM14_IRQHandler
                0x000000000800122c                DFSDM1_FLT1_IRQHandler
                0x000000000800122c                TIM1_UP_TIM10_IRQHandler
                0x000000000800122c                TIM8_UP_TIM13_IRQHandler
                0x000000000800122c                I2C3_ER_IRQHandler
                0x000000000800122c                DFSDM1_FLT2_IRQHandler
                0x000000000800122c                EXTI0_IRQHandler
                0x000000000800122c                I2C2_EV_IRQHandler
                0x000000000800122c                DMA1_Stream2_IRQHandler
                0x000000000800122c                CAN1_RX0_IRQHandler
                0x000000000800122c                FPU_IRQHandler
                0x000000000800122c                OTG_HS_WKUP_IRQHandler
                0x000000000800122c                CAN3_SCE_IRQHandler
                0x000000000800122c                LTDC_ER_IRQHandler
                0x000000000800122c                CAN2_SCE_IRQHandler
                0x000000000800122c                DMA2_Stream2_IRQHandler
                0x000000000800122c                SPI1_IRQHandler
                0x000000000800122c                TIM6_DAC_IRQHandler
                0x000000000800122c                TIM1_BRK_TIM9_IRQHandler
                0x000000000800122c                DCMI_IRQHandler
                0x000000000800122c                CAN2_RX0_IRQHandler
                0x000000000800122c                DMA2_Stream3_IRQHandler
                0x000000000800122c                SAI2_IRQHandler
                0x000000000800122c                DFSDM1_FLT3_IRQHandler
                0x000000000800122c                USART6_IRQHandler
                0x000000000800122c                CAN3_RX0_IRQHandler
                0x000000000800122c                CAN1_RX1_IRQHandler
                0x000000000800122c                UART5_IRQHandler
                0x000000000800122c                DMA2_Stream0_IRQHandler
                0x000000000800122c                TIM4_IRQHandler
                0x000000000800122c                QUADSPI_IRQHandler
                0x000000000800122c                I2C1_EV_IRQHandler
                0x000000000800122c                DMA1_Stream6_IRQHandler
                0x000000000800122c                DMA1_Stream1_IRQHandler
                0x000000000800122c                UART4_IRQHandler
                0x000000000800122c                RCC_IRQHandler
                0x000000000800122c                TIM8_BRK_TIM12_IRQHandler
                0x000000000800122c                Default_Handler
                0x000000000800122c                CEC_IRQHandler
                0x000000000800122c                ADC_IRQHandler
                0x000000000800122c                DMA1_Stream7_IRQHandler
                0x000000000800122c                SPI5_IRQHandler
                0x000000000800122c                TIM7_IRQHandler
                0x000000000800122c                SDMMC1_IRQHandler
                0x000000000800122c                CAN2_TX_IRQHandler
                0x000000000800122c                TIM5_IRQHandler
                0x000000000800122c                DMA2_Stream7_IRQHandler
                0x000000000800122c                I2C3_EV_IRQHandler
                0x000000000800122c                EXTI9_5_IRQHandler
                0x000000000800122c                RTC_WKUP_IRQHandler
                0x000000000800122c                LTDC_IRQHandler
                0x000000000800122c                ETH_WKUP_IRQHandler
                0x000000000800122c                SPDIF_RX_IRQHandler
                0x000000000800122c                SPI2_IRQHandler
                0x000000000800122c                OTG_HS_EP1_IN_IRQHandler
                0x000000000800122c                DMA1_Stream0_IRQHandler
                0x000000000800122c                CAN1_TX_IRQHandler
                0x000000000800122c                EXTI4_IRQHandler
                0x000000000800122c                RNG_IRQHandler
                0x000000000800122c                ETH_IRQHandler
                0x000000000800122c                OTG_HS_EP1_OUT_IRQHandler
                0x000000000800122c                WWDG_IRQHandler
                0x000000000800122c                SPI6_IRQHandler
                0x000000000800122c                MDIOS_IRQHandler
                0x000000000800122c                I2C4_EV_IRQHandler
                0x000000000800122c                CAN3_TX_IRQHandler
                0x000000000800122c                TIM2_IRQHandler
                0x000000000800122c                OTG_FS_WKUP_IRQHandler
                0x000000000800122c                TIM1_TRG_COM_TIM11_IRQHandler
                0x000000000800122c                OTG_HS_IRQHandler
                0x000000000800122c                DMA2D_IRQHandler
                0x000000000800122c                EXTI1_IRQHandler
                0x000000000800122c                SDMMC2_IRQHandler
                0x000000000800122c                UART7_IRQHandler
                0x000000000800122c                USART2_IRQHandler
                0x000000000800122c                DFSDM1_FLT0_IRQHandler
                0x000000000800122c                I2C2_ER_IRQHandler
                0x000000000800122c                DMA2_Stream1_IRQHandler
                0x000000000800122c                CAN1_SCE_IRQHandler
                0x000000000800122c                FLASH_IRQHandler
                0x000000000800122c                DMA2_Stream4_IRQHandler
                0x000000000800122c                USART1_IRQHandler
                0x000000000800122c                OTG_FS_IRQHandler
                0x000000000800122c                SPI3_IRQHandler
                0x000000000800122c                DMA1_Stream4_IRQHandler
                0x000000000800122c                I2C1_ER_IRQHandler
                0x000000000800122c                FMC_IRQHandler
                0x000000000800122c                LPTIM1_IRQHandler
                0x000000000800122c                I2C4_ER_IRQHandler
                0x000000000800122c                DMA2_Stream6_IRQHandler
                0x000000000800122c                SAI1_IRQHandler
                0x000000000800122c                DMA1_Stream3_IRQHandler
 *fill*         0x000000000800122e        0x2 
 .text.IIS2DLPC_RegisterBusIO
                0x0000000008001230       0xcc ./Drivers/BSP/Components/iis2dlpc/iis2dlpc.o
                0x0000000008001230                IIS2DLPC_RegisterBusIO
 .text.IIS2DLPC_Init
                0x00000000080012fc       0xc4 ./Drivers/BSP/Components/iis2dlpc/iis2dlpc.o
                0x00000000080012fc                IIS2DLPC_Init
 .text.IIS2DLPC_DeInit
                0x00000000080013c0       0x44 ./Drivers/BSP/Components/iis2dlpc/iis2dlpc.o
                0x00000000080013c0                IIS2DLPC_DeInit
 .text.IIS2DLPC_ReadID
                0x0000000008001404       0x2c ./Drivers/BSP/Components/iis2dlpc/iis2dlpc.o
                0x0000000008001404                IIS2DLPC_ReadID
 .text.IIS2DLPC_GetCapabilities
                0x0000000008001430       0x5c ./Drivers/BSP/Components/iis2dlpc/iis2dlpc.o
                0x0000000008001430                IIS2DLPC_GetCapabilities
 .text.IIS2DLPC_ACC_Enable
                0x000000000800148c       0x52 ./Drivers/BSP/Components/iis2dlpc/iis2dlpc.o
                0x000000000800148c                IIS2DLPC_ACC_Enable
 .text.IIS2DLPC_ACC_Disable
                0x00000000080014de       0x40 ./Drivers/BSP/Components/iis2dlpc/iis2dlpc.o
                0x00000000080014de                IIS2DLPC_ACC_Disable
 *fill*         0x000000000800151e        0x2 
 .text.IIS2DLPC_ACC_GetSensitivity
                0x0000000008001520      0x190 ./Drivers/BSP/Components/iis2dlpc/iis2dlpc.o
                0x0000000008001520                IIS2DLPC_ACC_GetSensitivity
 .text.IIS2DLPC_ACC_GetOutputDataRate
                0x00000000080016b0      0x3c4 ./Drivers/BSP/Components/iis2dlpc/iis2dlpc.o
                0x00000000080016b0                IIS2DLPC_ACC_GetOutputDataRate
 .text.IIS2DLPC_ACC_SetOutputDataRate
                0x0000000008001a74       0x24 ./Drivers/BSP/Components/iis2dlpc/iis2dlpc.o
                0x0000000008001a74                IIS2DLPC_ACC_SetOutputDataRate
 .text.IIS2DLPC_ACC_SetOutputDataRate_With_Mode
                0x0000000008001a98       0x4c ./Drivers/BSP/Components/iis2dlpc/iis2dlpc.o
                0x0000000008001a98                IIS2DLPC_ACC_SetOutputDataRate_With_Mode
 .text.IIS2DLPC_ACC_GetFullScale
                0x0000000008001ae4       0x84 ./Drivers/BSP/Components/iis2dlpc/iis2dlpc.o
                0x0000000008001ae4                IIS2DLPC_ACC_GetFullScale
 .text.IIS2DLPC_ACC_SetFullScale
                0x0000000008001b68       0x50 ./Drivers/BSP/Components/iis2dlpc/iis2dlpc.o
                0x0000000008001b68                IIS2DLPC_ACC_SetFullScale
 .text.IIS2DLPC_ACC_GetAxesRaw
                0x0000000008001bb8      0x148 ./Drivers/BSP/Components/iis2dlpc/iis2dlpc.o
                0x0000000008001bb8                IIS2DLPC_ACC_GetAxesRaw
 .text.IIS2DLPC_ACC_GetAxes
                0x0000000008001d00       0xaa ./Drivers/BSP/Components/iis2dlpc/iis2dlpc.o
                0x0000000008001d00                IIS2DLPC_ACC_GetAxes
 .text.IIS2DLPC_Write_Reg
                0x0000000008001daa       0x36 ./Drivers/BSP/Components/iis2dlpc/iis2dlpc.o
                0x0000000008001daa                IIS2DLPC_Write_Reg
 .text.IIS2DLPC_ACC_SetOutputDataRate_When_Enabled
                0x0000000008001de0      0x238 ./Drivers/BSP/Components/iis2dlpc/iis2dlpc.o
 .text.IIS2DLPC_ACC_SetOutputDataRate_When_Disabled
                0x0000000008002018      0x124 ./Drivers/BSP/Components/iis2dlpc/iis2dlpc.o
 .text.ReadRegWrap
                0x000000000800213c       0x36 ./Drivers/BSP/Components/iis2dlpc/iis2dlpc.o
 .text.WriteRegWrap
                0x0000000008002172       0x36 ./Drivers/BSP/Components/iis2dlpc/iis2dlpc.o
 .text.iis2dlpc_read_reg
                0x00000000080021a8       0x30 ./Drivers/BSP/Components/iis2dlpc/iis2dlpc_reg.o
                0x00000000080021a8                iis2dlpc_read_reg
 .text.iis2dlpc_write_reg
                0x00000000080021d8       0x30 ./Drivers/BSP/Components/iis2dlpc/iis2dlpc_reg.o
                0x00000000080021d8                iis2dlpc_write_reg
 .text.iis2dlpc_power_mode_set
                0x0000000008002208       0x9c ./Drivers/BSP/Components/iis2dlpc/iis2dlpc_reg.o
                0x0000000008002208                iis2dlpc_power_mode_set
 .text.iis2dlpc_power_mode_get
                0x00000000080022a4      0x174 ./Drivers/BSP/Components/iis2dlpc/iis2dlpc_reg.o
                0x00000000080022a4                iis2dlpc_power_mode_get
 .text.iis2dlpc_data_rate_set
                0x0000000008002418       0x8a ./Drivers/BSP/Components/iis2dlpc/iis2dlpc_reg.o
                0x0000000008002418                iis2dlpc_data_rate_set
 *fill*         0x00000000080024a2        0x2 
 .text.iis2dlpc_data_rate_get
                0x00000000080024a4      0x150 ./Drivers/BSP/Components/iis2dlpc/iis2dlpc_reg.o
                0x00000000080024a4                iis2dlpc_data_rate_get
 .text.iis2dlpc_block_data_update_set
                0x00000000080025f4       0x4c ./Drivers/BSP/Components/iis2dlpc/iis2dlpc_reg.o
                0x00000000080025f4                iis2dlpc_block_data_update_set
 .text.iis2dlpc_full_scale_set
                0x0000000008002640       0x4c ./Drivers/BSP/Components/iis2dlpc/iis2dlpc_reg.o
                0x0000000008002640                iis2dlpc_full_scale_set
 .text.iis2dlpc_full_scale_get
                0x000000000800268c       0x70 ./Drivers/BSP/Components/iis2dlpc/iis2dlpc_reg.o
                0x000000000800268c                iis2dlpc_full_scale_get
 .text.iis2dlpc_acceleration_raw_get
                0x00000000080026fc       0x96 ./Drivers/BSP/Components/iis2dlpc/iis2dlpc_reg.o
                0x00000000080026fc                iis2dlpc_acceleration_raw_get
 .text.iis2dlpc_device_id_get
                0x0000000008002792       0x22 ./Drivers/BSP/Components/iis2dlpc/iis2dlpc_reg.o
                0x0000000008002792                iis2dlpc_device_id_get
 .text.iis2dlpc_auto_increment_set
                0x00000000080027b4       0x4c ./Drivers/BSP/Components/iis2dlpc/iis2dlpc_reg.o
                0x00000000080027b4                iis2dlpc_auto_increment_set
 .text.iis2dlpc_fifo_mode_set
                0x0000000008002800       0x4c ./Drivers/BSP/Components/iis2dlpc/iis2dlpc_reg.o
                0x0000000008002800                iis2dlpc_fifo_mode_set
 .text.IIS2MDC_RegisterBusIO
                0x000000000800284c       0xc8 ./Drivers/BSP/Components/iis2mdc/iis2mdc.o
                0x000000000800284c                IIS2MDC_RegisterBusIO
 .text.IIS2MDC_Init
                0x0000000008002914       0x7a ./Drivers/BSP/Components/iis2mdc/iis2mdc.o
                0x0000000008002914                IIS2MDC_Init
 .text.IIS2MDC_DeInit
                0x000000000800298e       0x2c ./Drivers/BSP/Components/iis2mdc/iis2mdc.o
                0x000000000800298e                IIS2MDC_DeInit
 .text.IIS2MDC_ReadID
                0x00000000080029ba       0x2c ./Drivers/BSP/Components/iis2mdc/iis2mdc.o
                0x00000000080029ba                IIS2MDC_ReadID
 *fill*         0x00000000080029e6        0x2 
 .text.IIS2MDC_GetCapabilities
                0x00000000080029e8       0x5c ./Drivers/BSP/Components/iis2mdc/iis2mdc.o
                0x00000000080029e8                IIS2MDC_GetCapabilities
 .text.IIS2MDC_MAG_Enable
                0x0000000008002a44       0x40 ./Drivers/BSP/Components/iis2mdc/iis2mdc.o
                0x0000000008002a44                IIS2MDC_MAG_Enable
 .text.IIS2MDC_MAG_Disable
                0x0000000008002a84       0x40 ./Drivers/BSP/Components/iis2mdc/iis2mdc.o
                0x0000000008002a84                IIS2MDC_MAG_Disable
 .text.IIS2MDC_MAG_GetSensitivity
                0x0000000008002ac4       0x20 ./Drivers/BSP/Components/iis2mdc/iis2mdc.o
                0x0000000008002ac4                IIS2MDC_MAG_GetSensitivity
 .text.IIS2MDC_MAG_GetOutputDataRate
                0x0000000008002ae4       0x8c ./Drivers/BSP/Components/iis2mdc/iis2mdc.o
                0x0000000008002ae4                IIS2MDC_MAG_GetOutputDataRate
 .text.IIS2MDC_MAG_SetOutputDataRate
                0x0000000008002b70       0x7c ./Drivers/BSP/Components/iis2mdc/iis2mdc.o
                0x0000000008002b70                IIS2MDC_MAG_SetOutputDataRate
 .text.IIS2MDC_MAG_GetFullScale
                0x0000000008002bec       0x1e ./Drivers/BSP/Components/iis2mdc/iis2mdc.o
                0x0000000008002bec                IIS2MDC_MAG_GetFullScale
 .text.IIS2MDC_MAG_SetFullScale
                0x0000000008002c0a       0x18 ./Drivers/BSP/Components/iis2mdc/iis2mdc.o
                0x0000000008002c0a                IIS2MDC_MAG_SetFullScale
 .text.IIS2MDC_MAG_GetAxesRaw
                0x0000000008002c22       0x48 ./Drivers/BSP/Components/iis2mdc/iis2mdc.o
                0x0000000008002c22                IIS2MDC_MAG_GetAxesRaw
 .text.IIS2MDC_MAG_GetAxes
                0x0000000008002c6a       0x9c ./Drivers/BSP/Components/iis2mdc/iis2mdc.o
                0x0000000008002c6a                IIS2MDC_MAG_GetAxes
 .text.ReadMagRegWrap
                0x0000000008002d06       0x62 ./Drivers/BSP/Components/iis2mdc/iis2mdc.o
 .text.WriteMagRegWrap
                0x0000000008002d68       0x62 ./Drivers/BSP/Components/iis2mdc/iis2mdc.o
 .text.iis2mdc_read_reg
                0x0000000008002dca       0x30 ./Drivers/BSP/Components/iis2mdc/iis2mdc_reg.o
                0x0000000008002dca                iis2mdc_read_reg
 .text.iis2mdc_write_reg
                0x0000000008002dfa       0x30 ./Drivers/BSP/Components/iis2mdc/iis2mdc_reg.o
                0x0000000008002dfa                iis2mdc_write_reg
 .text.iis2mdc_operating_mode_set
                0x0000000008002e2a       0x4c ./Drivers/BSP/Components/iis2mdc/iis2mdc_reg.o
                0x0000000008002e2a                iis2mdc_operating_mode_set
 .text.iis2mdc_data_rate_set
                0x0000000008002e76       0x4c ./Drivers/BSP/Components/iis2mdc/iis2mdc_reg.o
                0x0000000008002e76                iis2mdc_data_rate_set
 *fill*         0x0000000008002ec2        0x2 
 .text.iis2mdc_data_rate_get
                0x0000000008002ec4       0x70 ./Drivers/BSP/Components/iis2mdc/iis2mdc_reg.o
                0x0000000008002ec4                iis2mdc_data_rate_get
 .text.iis2mdc_block_data_update_set
                0x0000000008002f34       0x4c ./Drivers/BSP/Components/iis2mdc/iis2mdc_reg.o
                0x0000000008002f34                iis2mdc_block_data_update_set
 .text.iis2mdc_magnetic_raw_get
                0x0000000008002f80       0x96 ./Drivers/BSP/Components/iis2mdc/iis2mdc_reg.o
                0x0000000008002f80                iis2mdc_magnetic_raw_get
 .text.iis2mdc_device_id_get
                0x0000000008003016       0x22 ./Drivers/BSP/Components/iis2mdc/iis2mdc_reg.o
                0x0000000008003016                iis2mdc_device_id_get
 .text.iis2mdc_self_test_set
                0x0000000008003038       0x4c ./Drivers/BSP/Components/iis2mdc/iis2mdc_reg.o
                0x0000000008003038                iis2mdc_self_test_set
 .text.iis2mdc_i2c_interface_set
                0x0000000008003084       0x4c ./Drivers/BSP/Components/iis2mdc/iis2mdc_reg.o
                0x0000000008003084                iis2mdc_i2c_interface_set
 .text.ISM330DHCX_RegisterBusIO
                0x00000000080030d0       0xcc ./Drivers/BSP/Components/ism330dhcx/ism330dhcx.o
                0x00000000080030d0                ISM330DHCX_RegisterBusIO
 .text.ISM330DHCX_Init
                0x000000000800319c      0x11a ./Drivers/BSP/Components/ism330dhcx/ism330dhcx.o
                0x000000000800319c                ISM330DHCX_Init
 .text.ISM330DHCX_DeInit
                0x00000000080032b6       0x4e ./Drivers/BSP/Components/ism330dhcx/ism330dhcx.o
                0x00000000080032b6                ISM330DHCX_DeInit
 .text.ISM330DHCX_ReadID
                0x0000000008003304       0x2c ./Drivers/BSP/Components/ism330dhcx/ism330dhcx.o
                0x0000000008003304                ISM330DHCX_ReadID
 .text.ISM330DHCX_GetCapabilities
                0x0000000008003330       0x5c ./Drivers/BSP/Components/ism330dhcx/ism330dhcx.o
                0x0000000008003330                ISM330DHCX_GetCapabilities
 .text.ISM330DHCX_ACC_Enable
                0x000000000800338c       0x48 ./Drivers/BSP/Components/ism330dhcx/ism330dhcx.o
                0x000000000800338c                ISM330DHCX_ACC_Enable
 .text.ISM330DHCX_ACC_Disable
                0x00000000080033d4       0x5e ./Drivers/BSP/Components/ism330dhcx/ism330dhcx.o
                0x00000000080033d4                ISM330DHCX_ACC_Disable
 *fill*         0x0000000008003432        0x2 
 .text.ISM330DHCX_ACC_GetSensitivity
                0x0000000008003434       0x8c ./Drivers/BSP/Components/ism330dhcx/ism330dhcx.o
                0x0000000008003434                ISM330DHCX_ACC_GetSensitivity
 .text.ISM330DHCX_ACC_GetOutputDataRate
                0x00000000080034c0       0xf8 ./Drivers/BSP/Components/ism330dhcx/ism330dhcx.o
                0x00000000080034c0                ISM330DHCX_ACC_GetOutputDataRate
 .text.ISM330DHCX_ACC_SetOutputDataRate
                0x00000000080035b8       0x38 ./Drivers/BSP/Components/ism330dhcx/ism330dhcx.o
                0x00000000080035b8                ISM330DHCX_ACC_SetOutputDataRate
 .text.ISM330DHCX_ACC_GetFullScale
                0x00000000080035f0       0x7c ./Drivers/BSP/Components/ism330dhcx/ism330dhcx.o
                0x00000000080035f0                ISM330DHCX_ACC_GetFullScale
 .text.ISM330DHCX_ACC_SetFullScale
                0x000000000800366c       0x50 ./Drivers/BSP/Components/ism330dhcx/ism330dhcx.o
                0x000000000800366c                ISM330DHCX_ACC_SetFullScale
 .text.ISM330DHCX_ACC_GetAxesRaw
                0x00000000080036bc       0x48 ./Drivers/BSP/Components/ism330dhcx/ism330dhcx.o
                0x00000000080036bc                ISM330DHCX_ACC_GetAxesRaw
 .text.ISM330DHCX_ACC_GetAxes
                0x0000000008003704       0xae ./Drivers/BSP/Components/ism330dhcx/ism330dhcx.o
                0x0000000008003704                ISM330DHCX_ACC_GetAxes
 .text.ISM330DHCX_GYRO_Enable
                0x00000000080037b2       0x48 ./Drivers/BSP/Components/ism330dhcx/ism330dhcx.o
                0x00000000080037b2                ISM330DHCX_GYRO_Enable
 .text.ISM330DHCX_GYRO_Disable
                0x00000000080037fa       0x5e ./Drivers/BSP/Components/ism330dhcx/ism330dhcx.o
                0x00000000080037fa                ISM330DHCX_GYRO_Disable
 .text.ISM330DHCX_GYRO_GetSensitivity
                0x0000000008003858       0xbc ./Drivers/BSP/Components/ism330dhcx/ism330dhcx.o
                0x0000000008003858                ISM330DHCX_GYRO_GetSensitivity
 .text.ISM330DHCX_GYRO_GetOutputDataRate
                0x0000000008003914       0xf8 ./Drivers/BSP/Components/ism330dhcx/ism330dhcx.o
                0x0000000008003914                ISM330DHCX_GYRO_GetOutputDataRate
 .text.ISM330DHCX_GYRO_SetOutputDataRate
                0x0000000008003a0c       0x38 ./Drivers/BSP/Components/ism330dhcx/ism330dhcx.o
                0x0000000008003a0c                ISM330DHCX_GYRO_SetOutputDataRate
 .text.ISM330DHCX_GYRO_GetFullScale
                0x0000000008003a44       0xac ./Drivers/BSP/Components/ism330dhcx/ism330dhcx.o
                0x0000000008003a44                ISM330DHCX_GYRO_GetFullScale
 .text.ISM330DHCX_GYRO_SetFullScale
                0x0000000008003af0       0x5e ./Drivers/BSP/Components/ism330dhcx/ism330dhcx.o
                0x0000000008003af0                ISM330DHCX_GYRO_SetFullScale
 .text.ISM330DHCX_GYRO_GetAxesRaw
                0x0000000008003b4e       0x48 ./Drivers/BSP/Components/ism330dhcx/ism330dhcx.o
                0x0000000008003b4e                ISM330DHCX_GYRO_GetAxesRaw
 .text.ISM330DHCX_GYRO_GetAxes
                0x0000000008003b96       0xa8 ./Drivers/BSP/Components/ism330dhcx/ism330dhcx.o
                0x0000000008003b96                ISM330DHCX_GYRO_GetAxes
 .text.ISM330DHCX_Write_Reg
                0x0000000008003c3e       0x36 ./Drivers/BSP/Components/ism330dhcx/ism330dhcx.o
                0x0000000008003c3e                ISM330DHCX_Write_Reg
 .text.ISM330DHCX_ACC_SetOutputDataRate_When_Enabled
                0x0000000008003c74      0x118 ./Drivers/BSP/Components/ism330dhcx/ism330dhcx.o
 .text.ISM330DHCX_ACC_SetOutputDataRate_When_Disabled
                0x0000000008003d8c      0x104 ./Drivers/BSP/Components/ism330dhcx/ism330dhcx.o
 .text.ISM330DHCX_GYRO_SetOutputDataRate_When_Enabled
                0x0000000008003e90      0x118 ./Drivers/BSP/Components/ism330dhcx/ism330dhcx.o
 .text.ISM330DHCX_GYRO_SetOutputDataRate_When_Disabled
                0x0000000008003fa8      0x104 ./Drivers/BSP/Components/ism330dhcx/ism330dhcx.o
 .text.ReadRegWrap
                0x00000000080040ac       0x36 ./Drivers/BSP/Components/ism330dhcx/ism330dhcx.o
 .text.WriteRegWrap
                0x00000000080040e2       0x36 ./Drivers/BSP/Components/ism330dhcx/ism330dhcx.o
 .text.ism330dhcx_read_reg
                0x0000000008004118       0x30 ./Drivers/BSP/Components/ism330dhcx/ism330dhcx_reg.o
                0x0000000008004118                ism330dhcx_read_reg
 .text.ism330dhcx_write_reg
                0x0000000008004148       0x30 ./Drivers/BSP/Components/ism330dhcx/ism330dhcx_reg.o
                0x0000000008004148                ism330dhcx_write_reg
 .text.ism330dhcx_xl_full_scale_set
                0x0000000008004178       0x4c ./Drivers/BSP/Components/ism330dhcx/ism330dhcx_reg.o
                0x0000000008004178                ism330dhcx_xl_full_scale_set
 .text.ism330dhcx_xl_full_scale_get
                0x00000000080041c4       0x70 ./Drivers/BSP/Components/ism330dhcx/ism330dhcx_reg.o
                0x00000000080041c4                ism330dhcx_xl_full_scale_get
 .text.ism330dhcx_xl_data_rate_set
                0x0000000008004234      0x2e0 ./Drivers/BSP/Components/ism330dhcx/ism330dhcx_reg.o
                0x0000000008004234                ism330dhcx_xl_data_rate_set
 .text.ism330dhcx_xl_data_rate_get
                0x0000000008004514       0xd0 ./Drivers/BSP/Components/ism330dhcx/ism330dhcx_reg.o
                0x0000000008004514                ism330dhcx_xl_data_rate_get
 .text.ism330dhcx_gy_full_scale_set
                0x00000000080045e4       0x4c ./Drivers/BSP/Components/ism330dhcx/ism330dhcx_reg.o
                0x00000000080045e4                ism330dhcx_gy_full_scale_set
 .text.ism330dhcx_gy_full_scale_get
                0x0000000008004630       0xa4 ./Drivers/BSP/Components/ism330dhcx/ism330dhcx_reg.o
                0x0000000008004630                ism330dhcx_gy_full_scale_get
 .text.ism330dhcx_gy_data_rate_set
                0x00000000080046d4      0x2e0 ./Drivers/BSP/Components/ism330dhcx/ism330dhcx_reg.o
                0x00000000080046d4                ism330dhcx_gy_data_rate_set
 .text.ism330dhcx_gy_data_rate_get
                0x00000000080049b4       0xc4 ./Drivers/BSP/Components/ism330dhcx/ism330dhcx_reg.o
                0x00000000080049b4                ism330dhcx_gy_data_rate_get
 .text.ism330dhcx_block_data_update_set
                0x0000000008004a78       0x4c ./Drivers/BSP/Components/ism330dhcx/ism330dhcx_reg.o
                0x0000000008004a78                ism330dhcx_block_data_update_set
 .text.ism330dhcx_angular_rate_raw_get
                0x0000000008004ac4       0x96 ./Drivers/BSP/Components/ism330dhcx/ism330dhcx_reg.o
                0x0000000008004ac4                ism330dhcx_angular_rate_raw_get
 .text.ism330dhcx_acceleration_raw_get
                0x0000000008004b5a       0x96 ./Drivers/BSP/Components/ism330dhcx/ism330dhcx_reg.o
                0x0000000008004b5a                ism330dhcx_acceleration_raw_get
 .text.ism330dhcx_device_conf_set
                0x0000000008004bf0       0x4c ./Drivers/BSP/Components/ism330dhcx/ism330dhcx_reg.o
                0x0000000008004bf0                ism330dhcx_device_conf_set
 .text.ism330dhcx_mem_bank_set
                0x0000000008004c3c       0x4c ./Drivers/BSP/Components/ism330dhcx/ism330dhcx_reg.o
                0x0000000008004c3c                ism330dhcx_mem_bank_set
 .text.ism330dhcx_device_id_get
                0x0000000008004c88       0x22 ./Drivers/BSP/Components/ism330dhcx/ism330dhcx_reg.o
                0x0000000008004c88                ism330dhcx_device_id_get
 .text.ism330dhcx_reset_set
                0x0000000008004caa       0x4c ./Drivers/BSP/Components/ism330dhcx/ism330dhcx_reg.o
                0x0000000008004caa                ism330dhcx_reset_set
 .text.ism330dhcx_auto_increment_set
                0x0000000008004cf6       0x4c ./Drivers/BSP/Components/ism330dhcx/ism330dhcx_reg.o
                0x0000000008004cf6                ism330dhcx_auto_increment_set
 .text.ism330dhcx_fifo_mode_set
                0x0000000008004d42       0x4c ./Drivers/BSP/Components/ism330dhcx/ism330dhcx_reg.o
                0x0000000008004d42                ism330dhcx_fifo_mode_set
 .text.ism330dhcx_fsm_enable_get
                0x0000000008004d8e       0x58 ./Drivers/BSP/Components/ism330dhcx/ism330dhcx_reg.o
                0x0000000008004d8e                ism330dhcx_fsm_enable_get
 *fill*         0x0000000008004de6        0x2 
 .text.ism330dhcx_fsm_data_rate_get
                0x0000000008004de8       0x90 ./Drivers/BSP/Components/ism330dhcx/ism330dhcx_reg.o
                0x0000000008004de8                ism330dhcx_fsm_data_rate_get
 .text.ism330dhcx_mlc_get
                0x0000000008004e78       0x52 ./Drivers/BSP/Components/ism330dhcx/ism330dhcx_reg.o
                0x0000000008004e78                ism330dhcx_mlc_get
 *fill*         0x0000000008004eca        0x2 
 .text.ism330dhcx_mlc_data_rate_get
                0x0000000008004ecc       0x90 ./Drivers/BSP/Components/ism330dhcx/ism330dhcx_reg.o
                0x0000000008004ecc                ism330dhcx_mlc_data_rate_get
 .text.IKS02A1_MOTION_SENSOR_Init
                0x0000000008004f5c      0x1f8 ./Drivers/BSP/IKS02A1/iks02a1_motion_sensors.o
                0x0000000008004f5c                IKS02A1_MOTION_SENSOR_Init
 .text.IKS02A1_MOTION_SENSOR_GetAxes
                0x0000000008005154       0x88 ./Drivers/BSP/IKS02A1/iks02a1_motion_sensors.o
                0x0000000008005154                IKS02A1_MOTION_SENSOR_GetAxes
 .text.ISM330DHCX_0_Probe
                0x00000000080051dc      0x178 ./Drivers/BSP/IKS02A1/iks02a1_motion_sensors.o
 .text.IIS2DLPC_0_Probe
                0x0000000008005354      0x150 ./Drivers/BSP/IKS02A1/iks02a1_motion_sensors.o
 .text.IIS2MDC_0_Probe
                0x00000000080054a4      0x150 ./Drivers/BSP/IKS02A1/iks02a1_motion_sensors.o
 .text.HAL_Init
                0x00000000080055f4       0x1a ./Drivers/STM32F7xx_HAL_Driver/Src/stm32f7xx_hal.o
                0x00000000080055f4                HAL_Init
 *fill*         0x000000000800560e        0x2 
 .text.HAL_InitTick
                0x0000000008005610       0x60 ./Drivers/STM32F7xx_HAL_Driver/Src/stm32f7xx_hal.o
                0x0000000008005610                HAL_InitTick
 .text.HAL_IncTick
                0x0000000008005670       0x28 ./Drivers/STM32F7xx_HAL_Driver/Src/stm32f7xx_hal.o
                0x0000000008005670                HAL_IncTick
 .text.HAL_GetTick
                0x0000000008005698       0x18 ./Drivers/STM32F7xx_HAL_Driver/Src/stm32f7xx_hal.o
                0x0000000008005698                HAL_GetTick
 .text.HAL_Delay
                0x00000000080056b0       0x48 ./Drivers/STM32F7xx_HAL_Driver/Src/stm32f7xx_hal.o
                0x00000000080056b0                HAL_Delay
 .text.__NVIC_SetPriorityGrouping
                0x00000000080056f8       0x48 ./Drivers/STM32F7xx_HAL_Driver/Src/stm32f7xx_hal_cortex.o
 .text.__NVIC_GetPriorityGrouping
                0x0000000008005740       0x1c ./Drivers/STM32F7xx_HAL_Driver/Src/stm32f7xx_hal_cortex.o
 .text.__NVIC_EnableIRQ
                0x000000000800575c       0x3c ./Drivers/STM32F7xx_HAL_Driver/Src/stm32f7xx_hal_cortex.o
 .text.__NVIC_SetPriority
                0x0000000008005798       0x54 ./Drivers/STM32F7xx_HAL_Driver/Src/stm32f7xx_hal_cortex.o
 .text.NVIC_EncodePriority
                0x00000000080057ec       0x66 ./Drivers/STM32F7xx_HAL_Driver/Src/stm32f7xx_hal_cortex.o
 *fill*         0x0000000008005852        0x2 
 .text.SysTick_Config
                0x0000000008005854       0x44 ./Drivers/STM32F7xx_HAL_Driver/Src/stm32f7xx_hal_cortex.o
 .text.HAL_NVIC_SetPriorityGrouping
                0x0000000008005898       0x16 ./Drivers/STM32F7xx_HAL_Driver/Src/stm32f7xx_hal_cortex.o
                0x0000000008005898                HAL_NVIC_SetPriorityGrouping
 .text.HAL_NVIC_SetPriority
                0x00000000080058ae       0x38 ./Drivers/STM32F7xx_HAL_Driver/Src/stm32f7xx_hal_cortex.o
                0x00000000080058ae                HAL_NVIC_SetPriority
 .text.HAL_NVIC_EnableIRQ
                0x00000000080058e6       0x1c ./Drivers/STM32F7xx_HAL_Driver/Src/stm32f7xx_hal_cortex.o
                0x00000000080058e6                HAL_NVIC_EnableIRQ
 .text.HAL_SYSTICK_Config
                0x0000000008005902       0x18 ./Drivers/STM32F7xx_HAL_Driver/Src/stm32f7xx_hal_cortex.o
                0x0000000008005902                HAL_SYSTICK_Config
 .text.HAL_DMA_Abort
                0x000000000800591a       0xe0 ./Drivers/STM32F7xx_HAL_Driver/Src/stm32f7xx_hal_dma.o
                0x000000000800591a                HAL_DMA_Abort
 .text.HAL_DMA_Abort_IT
                0x00000000080059fa       0x44 ./Drivers/STM32F7xx_HAL_Driver/Src/stm32f7xx_hal_dma.o
                0x00000000080059fa                HAL_DMA_Abort_IT
 .text.HAL_EXTI_RegisterCallback
                0x0000000008005a3e       0x34 ./Drivers/STM32F7xx_HAL_Driver/Src/stm32f7xx_hal_exti.o
                0x0000000008005a3e                HAL_EXTI_RegisterCallback
 .text.HAL_EXTI_GetHandle
                0x0000000008005a72       0x28 ./Drivers/STM32F7xx_HAL_Driver/Src/stm32f7xx_hal_exti.o
                0x0000000008005a72                HAL_EXTI_GetHandle
 *fill*         0x0000000008005a9a        0x2 
 .text.HAL_GPIO_Init
                0x0000000008005a9c      0x358 ./Drivers/STM32F7xx_HAL_Driver/Src/stm32f7xx_hal_gpio.o
                0x0000000008005a9c                HAL_GPIO_Init
 .text.HAL_GPIO_DeInit
                0x0000000008005df4      0x218 ./Drivers/STM32F7xx_HAL_Driver/Src/stm32f7xx_hal_gpio.o
                0x0000000008005df4                HAL_GPIO_DeInit
 .text.HAL_GPIO_ReadPin
                0x000000000800600c       0x30 ./Drivers/STM32F7xx_HAL_Driver/Src/stm32f7xx_hal_gpio.o
                0x000000000800600c                HAL_GPIO_ReadPin
 .text.HAL_GPIO_WritePin
                0x000000000800603c       0x32 ./Drivers/STM32F7xx_HAL_Driver/Src/stm32f7xx_hal_gpio.o
                0x000000000800603c                HAL_GPIO_WritePin
 *fill*         0x000000000800606e        0x2 
 .text.HAL_GPIO_EXTI_IRQHandler
                0x0000000008006070       0x30 ./Drivers/STM32F7xx_HAL_Driver/Src/stm32f7xx_hal_gpio.o
                0x0000000008006070                HAL_GPIO_EXTI_IRQHandler
 .text.HAL_GPIO_EXTI_Callback
                0x00000000080060a0       0x16 ./Drivers/STM32F7xx_HAL_Driver/Src/stm32f7xx_hal_gpio.o
                0x00000000080060a0                HAL_GPIO_EXTI_Callback
 *fill*         0x00000000080060b6        0x2 
 .text.HAL_I2C_Init
                0x00000000080060b8      0x120 ./Drivers/STM32F7xx_HAL_Driver/Src/stm32f7xx_hal_i2c.o
                0x00000000080060b8                HAL_I2C_Init
 .text.HAL_I2C_DeInit
                0x00000000080061d8       0x5e ./Drivers/STM32F7xx_HAL_Driver/Src/stm32f7xx_hal_i2c.o
                0x00000000080061d8                HAL_I2C_DeInit
 .text.HAL_I2C_MspInit
                0x0000000008006236       0x14 ./Drivers/STM32F7xx_HAL_Driver/Src/stm32f7xx_hal_i2c.o
                0x0000000008006236                HAL_I2C_MspInit
 .text.HAL_I2C_MspDeInit
                0x000000000800624a       0x14 ./Drivers/STM32F7xx_HAL_Driver/Src/stm32f7xx_hal_i2c.o
                0x000000000800624a                HAL_I2C_MspDeInit
 *fill*         0x000000000800625e        0x2 
 .text.HAL_I2C_Mem_Write
                0x0000000008006260      0x228 ./Drivers/STM32F7xx_HAL_Driver/Src/stm32f7xx_hal_i2c.o
                0x0000000008006260                HAL_I2C_Mem_Write
 .text.HAL_I2C_Mem_Read
                0x0000000008006488      0x234 ./Drivers/STM32F7xx_HAL_Driver/Src/stm32f7xx_hal_i2c.o
                0x0000000008006488                HAL_I2C_Mem_Read
 .text.HAL_I2C_GetState
                0x00000000080066bc       0x1c ./Drivers/STM32F7xx_HAL_Driver/Src/stm32f7xx_hal_i2c.o
                0x00000000080066bc                HAL_I2C_GetState
 .text.HAL_I2C_GetError
                0x00000000080066d8       0x18 ./Drivers/STM32F7xx_HAL_Driver/Src/stm32f7xx_hal_i2c.o
                0x00000000080066d8                HAL_I2C_GetError
 .text.I2C_RequestMemoryWrite
                0x00000000080066f0       0xa8 ./Drivers/STM32F7xx_HAL_Driver/Src/stm32f7xx_hal_i2c.o
 .text.I2C_RequestMemoryRead
                0x0000000008006798       0xa8 ./Drivers/STM32F7xx_HAL_Driver/Src/stm32f7xx_hal_i2c.o
 .text.I2C_Flush_TXDR
                0x0000000008006840       0x48 ./Drivers/STM32F7xx_HAL_Driver/Src/stm32f7xx_hal_i2c.o
 .text.I2C_WaitOnFlagUntilTimeout
                0x0000000008006888       0x80 ./Drivers/STM32F7xx_HAL_Driver/Src/stm32f7xx_hal_i2c.o
 .text.I2C_WaitOnTXISFlagUntilTimeout
                0x0000000008006908       0x80 ./Drivers/STM32F7xx_HAL_Driver/Src/stm32f7xx_hal_i2c.o
 .text.I2C_WaitOnSTOPFlagUntilTimeout
                0x0000000008006988       0x78 ./Drivers/STM32F7xx_HAL_Driver/Src/stm32f7xx_hal_i2c.o
 .text.I2C_IsErrorOccurred
                0x0000000008006a00      0x1d8 ./Drivers/STM32F7xx_HAL_Driver/Src/stm32f7xx_hal_i2c.o
 .text.I2C_TransferConfig
                0x0000000008006bd8       0x64 ./Drivers/STM32F7xx_HAL_Driver/Src/stm32f7xx_hal_i2c.o
 .text.HAL_I2CEx_ConfigAnalogFilter
                0x0000000008006c3c       0x96 ./Drivers/STM32F7xx_HAL_Driver/Src/stm32f7xx_hal_i2c_ex.o
                0x0000000008006c3c                HAL_I2CEx_ConfigAnalogFilter
 .text.HAL_I2CEx_ConfigDigitalFilter
                0x0000000008006cd2       0x98 ./Drivers/STM32F7xx_HAL_Driver/Src/stm32f7xx_hal_i2c_ex.o
                0x0000000008006cd2                HAL_I2CEx_ConfigDigitalFilter
 *fill*         0x0000000008006d6a        0x2 
 .text.HAL_PWR_EnableBkUpAccess
                0x0000000008006d6c       0x20 ./Drivers/STM32F7xx_HAL_Driver/Src/stm32f7xx_hal_pwr.o
                0x0000000008006d6c                HAL_PWR_EnableBkUpAccess
 .text.HAL_PWREx_EnableOverDrive
                0x0000000008006d8c       0xa0 ./Drivers/STM32F7xx_HAL_Driver/Src/stm32f7xx_hal_pwr_ex.o
                0x0000000008006d8c                HAL_PWREx_EnableOverDrive
 .text.HAL_RCC_OscConfig
                0x0000000008006e2c      0x55c ./Drivers/STM32F7xx_HAL_Driver/Src/stm32f7xx_hal_rcc.o
                0x0000000008006e2c                HAL_RCC_OscConfig
 .text.HAL_RCC_ClockConfig
                0x0000000008007388      0x1d8 ./Drivers/STM32F7xx_HAL_Driver/Src/stm32f7xx_hal_rcc.o
                0x0000000008007388                HAL_RCC_ClockConfig
 .text.HAL_RCC_GetSysClockFreq
                0x0000000008007560      0x1c4 ./Drivers/STM32F7xx_HAL_Driver/Src/stm32f7xx_hal_rcc.o
                0x0000000008007560                HAL_RCC_GetSysClockFreq
 .text.HAL_RCC_GetHCLKFreq
                0x0000000008007724       0x18 ./Drivers/STM32F7xx_HAL_Driver/Src/stm32f7xx_hal_rcc.o
                0x0000000008007724                HAL_RCC_GetHCLKFreq
 .text.HAL_RCC_GetPCLK1Freq
                0x000000000800773c       0x28 ./Drivers/STM32F7xx_HAL_Driver/Src/stm32f7xx_hal_rcc.o
                0x000000000800773c                HAL_RCC_GetPCLK1Freq
 .text.HAL_RCC_GetPCLK2Freq
                0x0000000008007764       0x28 ./Drivers/STM32F7xx_HAL_Driver/Src/stm32f7xx_hal_rcc.o
                0x0000000008007764                HAL_RCC_GetPCLK2Freq
 .text.HAL_RCCEx_PeriphCLKConfig
                0x000000000800778c      0x850 ./Drivers/STM32F7xx_HAL_Driver/Src/stm32f7xx_hal_rcc_ex.o
                0x000000000800778c                HAL_RCCEx_PeriphCLKConfig
 .text.HAL_TIM_Base_Init
                0x0000000008007fdc       0xae ./Drivers/STM32F7xx_HAL_Driver/Src/stm32f7xx_hal_tim.o
                0x0000000008007fdc                HAL_TIM_Base_Init
 .text.HAL_TIM_IRQHandler
                0x000000000800808a      0x23e ./Drivers/STM32F7xx_HAL_Driver/Src/stm32f7xx_hal_tim.o
                0x000000000800808a                HAL_TIM_IRQHandler
 .text.HAL_TIM_ConfigClockSource
                0x00000000080082c8      0x194 ./Drivers/STM32F7xx_HAL_Driver/Src/stm32f7xx_hal_tim.o
                0x00000000080082c8                HAL_TIM_ConfigClockSource
 .text.HAL_TIM_PeriodElapsedCallback
                0x000000000800845c       0x14 ./Drivers/STM32F7xx_HAL_Driver/Src/stm32f7xx_hal_tim.o
                0x000000000800845c                HAL_TIM_PeriodElapsedCallback
 .text.HAL_TIM_OC_DelayElapsedCallback
                0x0000000008008470       0x14 ./Drivers/STM32F7xx_HAL_Driver/Src/stm32f7xx_hal_tim.o
                0x0000000008008470                HAL_TIM_OC_DelayElapsedCallback
 .text.HAL_TIM_IC_CaptureCallback
                0x0000000008008484       0x14 ./Drivers/STM32F7xx_HAL_Driver/Src/stm32f7xx_hal_tim.o
                0x0000000008008484                HAL_TIM_IC_CaptureCallback
 .text.HAL_TIM_PWM_PulseFinishedCallback
                0x0000000008008498       0x14 ./Drivers/STM32F7xx_HAL_Driver/Src/stm32f7xx_hal_tim.o
                0x0000000008008498                HAL_TIM_PWM_PulseFinishedCallback
 .text.HAL_TIM_TriggerCallback
                0x00000000080084ac       0x14 ./Drivers/STM32F7xx_HAL_Driver/Src/stm32f7xx_hal_tim.o
                0x00000000080084ac                HAL_TIM_TriggerCallback
 .text.TIM_Base_SetConfig
                0x00000000080084c0      0x140 ./Drivers/STM32F7xx_HAL_Driver/Src/stm32f7xx_hal_tim.o
                0x00000000080084c0                TIM_Base_SetConfig
 .text.TIM_TI1_ConfigInputStage
                0x0000000008008600       0x5e ./Drivers/STM32F7xx_HAL_Driver/Src/stm32f7xx_hal_tim.o
 .text.TIM_TI2_ConfigInputStage
                0x000000000800865e       0x60 ./Drivers/STM32F7xx_HAL_Driver/Src/stm32f7xx_hal_tim.o
 .text.TIM_ITRx_SetConfig
                0x00000000080086be       0x36 ./Drivers/STM32F7xx_HAL_Driver/Src/stm32f7xx_hal_tim.o
 .text.TIM_ETR_SetConfig
                0x00000000080086f4       0x40 ./Drivers/STM32F7xx_HAL_Driver/Src/stm32f7xx_hal_tim.o
                0x00000000080086f4                TIM_ETR_SetConfig
 .text.HAL_TIMEx_MasterConfigSynchronization
                0x0000000008008734      0x11c ./Drivers/STM32F7xx_HAL_Driver/Src/stm32f7xx_hal_tim_ex.o
                0x0000000008008734                HAL_TIMEx_MasterConfigSynchronization
 .text.HAL_TIMEx_CommutCallback
                0x0000000008008850       0x14 ./Drivers/STM32F7xx_HAL_Driver/Src/stm32f7xx_hal_tim_ex.o
                0x0000000008008850                HAL_TIMEx_CommutCallback
 .text.HAL_TIMEx_BreakCallback
                0x0000000008008864       0x14 ./Drivers/STM32F7xx_HAL_Driver/Src/stm32f7xx_hal_tim_ex.o
                0x0000000008008864                HAL_TIMEx_BreakCallback
 .text.HAL_TIMEx_Break2Callback
                0x0000000008008878       0x14 ./Drivers/STM32F7xx_HAL_Driver/Src/stm32f7xx_hal_tim_ex.o
                0x0000000008008878                HAL_TIMEx_Break2Callback
 .text.HAL_UART_Init
                0x000000000800888c       0x9c ./Drivers/STM32F7xx_HAL_Driver/Src/stm32f7xx_hal_uart.o
                0x000000000800888c                HAL_UART_Init
 .text.HAL_UART_Transmit_IT
                0x0000000008008928       0xdc ./Drivers/STM32F7xx_HAL_Driver/Src/stm32f7xx_hal_uart.o
                0x0000000008008928                HAL_UART_Transmit_IT
 .text.HAL_UART_IRQHandler
                0x0000000008008a04      0x5c0 ./Drivers/STM32F7xx_HAL_Driver/Src/stm32f7xx_hal_uart.o
                0x0000000008008a04                HAL_UART_IRQHandler
 .text.HAL_UART_TxCpltCallback
                0x0000000008008fc4       0x14 ./Drivers/STM32F7xx_HAL_Driver/Src/stm32f7xx_hal_uart.o
                0x0000000008008fc4                HAL_UART_TxCpltCallback
 .text.HAL_UART_ErrorCallback
                0x0000000008008fd8       0x14 ./Drivers/STM32F7xx_HAL_Driver/Src/stm32f7xx_hal_uart.o
                0x0000000008008fd8                HAL_UART_ErrorCallback
 .text.HAL_UARTEx_RxEventCallback
                0x0000000008008fec       0x18 ./Drivers/STM32F7xx_HAL_Driver/Src/stm32f7xx_hal_uart.o
                0x0000000008008fec                HAL_UARTEx_RxEventCallback
 .text.HAL_UARTEx_WakeupCallback
                0x0000000008009004       0x14 ./Drivers/STM32F7xx_HAL_Driver/Src/stm32f7xx_hal_uart.o
                0x0000000008009004                HAL_UARTEx_WakeupCallback
 .text.UART_SetConfig
                0x0000000008009018      0x4c4 ./Drivers/STM32F7xx_HAL_Driver/Src/stm32f7xx_hal_uart.o
                0x0000000008009018                UART_SetConfig
 .text.UART_AdvFeatureConfig
                0x00000000080094dc      0x144 ./Drivers/STM32F7xx_HAL_Driver/Src/stm32f7xx_hal_uart.o
                0x00000000080094dc                UART_AdvFeatureConfig
 .text.UART_CheckIdleState
                0x0000000008009620       0x92 ./Drivers/STM32F7xx_HAL_Driver/Src/stm32f7xx_hal_uart.o
                0x0000000008009620                UART_CheckIdleState
 .text.UART_WaitOnFlagUntilTimeout
                0x00000000080096b2      0x188 ./Drivers/STM32F7xx_HAL_Driver/Src/stm32f7xx_hal_uart.o
                0x00000000080096b2                UART_WaitOnFlagUntilTimeout
 .text.UART_EndRxTransfer
                0x000000000800983a       0xc6 ./Drivers/STM32F7xx_HAL_Driver/Src/stm32f7xx_hal_uart.o
 .text.UART_DMAAbortOnError
                0x0000000008009900       0x2c ./Drivers/STM32F7xx_HAL_Driver/Src/stm32f7xx_hal_uart.o
 .text.UART_TxISR_8BIT
                0x000000000800992c       0xb6 ./Drivers/STM32F7xx_HAL_Driver/Src/stm32f7xx_hal_uart.o
 .text.UART_TxISR_16BIT
                0x00000000080099e2       0xc0 ./Drivers/STM32F7xx_HAL_Driver/Src/stm32f7xx_hal_uart.o
 .text.UART_EndTransmit_IT
                0x0000000008009aa2       0x54 ./Drivers/STM32F7xx_HAL_Driver/Src/stm32f7xx_hal_uart.o
 *fill*         0x0000000008009af6        0x2 
 .text.__errno  0x0000000008009af8        0xc c:/st/stm32cubeide_1.8.0/stm32cubeide/plugins/com.st.stm32cube.ide.mcu.externaltools.gnu-tools-for-stm32.9-2020-q2-update.win32_2.0.0.202105311346/tools/bin/../lib/gcc/arm-none-eabi/9.3.1/../../../../arm-none-eabi/lib/thumb/v7e-m+dp/hard\libc_nano.a(lib_a-errno.o)
                0x0000000008009af8                __errno
 .text.__libc_init_array
                0x0000000008009b04       0x48 c:/st/stm32cubeide_1.8.0/stm32cubeide/plugins/com.st.stm32cube.ide.mcu.externaltools.gnu-tools-for-stm32.9-2020-q2-update.win32_2.0.0.202105311346/tools/bin/../lib/gcc/arm-none-eabi/9.3.1/../../../../arm-none-eabi/lib/thumb/v7e-m+dp/hard\libc_nano.a(lib_a-init.o)
                0x0000000008009b04                __libc_init_array
 .text.memset   0x0000000008009b4c       0x10 c:/st/stm32cubeide_1.8.0/stm32cubeide/plugins/com.st.stm32cube.ide.mcu.externaltools.gnu-tools-for-stm32.9-2020-q2-update.win32_2.0.0.202105311346/tools/bin/../lib/gcc/arm-none-eabi/9.3.1/../../../../arm-none-eabi/lib/thumb/v7e-m+dp/hard\libc_nano.a(lib_a-memset.o)
                0x0000000008009b4c                memset
 .text.sprintf  0x0000000008009b5c       0x40 c:/st/stm32cubeide_1.8.0/stm32cubeide/plugins/com.st.stm32cube.ide.mcu.externaltools.gnu-tools-for-stm32.9-2020-q2-update.win32_2.0.0.202105311346/tools/bin/../lib/gcc/arm-none-eabi/9.3.1/../../../../arm-none-eabi/lib/thumb/v7e-m+dp/hard\libc_nano.a(lib_a-sprintf.o)
                0x0000000008009b5c                siprintf
                0x0000000008009b5c                sprintf
 .text.__ssputs_r
                0x0000000008009b9c       0xb6 c:/st/stm32cubeide_1.8.0/stm32cubeide/plugins/com.st.stm32cube.ide.mcu.externaltools.gnu-tools-for-stm32.9-2020-q2-update.win32_2.0.0.202105311346/tools/bin/../lib/gcc/arm-none-eabi/9.3.1/../../../../arm-none-eabi/lib/thumb/v7e-m+dp/hard\libc_nano.a(lib_a-nano-svfprintf.o)
                0x0000000008009b9c                __ssputs_r
 *fill*         0x0000000008009c52        0x2 
 .text._svfprintf_r
                0x0000000008009c54      0x200 c:/st/stm32cubeide_1.8.0/stm32cubeide/plugins/com.st.stm32cube.ide.mcu.externaltools.gnu-tools-for-stm32.9-2020-q2-update.win32_2.0.0.202105311346/tools/bin/../lib/gcc/arm-none-eabi/9.3.1/../../../../arm-none-eabi/lib/thumb/v7e-m+dp/hard\libc_nano.a(lib_a-nano-svfprintf.o)
                0x0000000008009c54                _svfiprintf_r
                0x0000000008009c54                _svfprintf_r
 .text._printf_common
                0x0000000008009e54       0xda c:/st/stm32cubeide_1.8.0/stm32cubeide/plugins/com.st.stm32cube.ide.mcu.externaltools.gnu-tools-for-stm32.9-2020-q2-update.win32_2.0.0.202105311346/tools/bin/../lib/gcc/arm-none-eabi/9.3.1/../../../../arm-none-eabi/lib/thumb/v7e-m+dp/hard\libc_nano.a(lib_a-nano-vfprintf_i.o)
                0x0000000008009e54                _printf_common
 *fill*         0x0000000008009f2e        0x2 
 .text._printf_i
                0x0000000008009f30      0x24c c:/st/stm32cubeide_1.8.0/stm32cubeide/plugins/com.st.stm32cube.ide.mcu.externaltools.gnu-tools-for-stm32.9-2020-q2-update.win32_2.0.0.202105311346/tools/bin/../lib/gcc/arm-none-eabi/9.3.1/../../../../arm-none-eabi/lib/thumb/v7e-m+dp/hard\libc_nano.a(lib_a-nano-vfprintf_i.o)
                0x0000000008009f30                _printf_i
 .text.memcpy   0x000000000800a17c       0x1c c:/st/stm32cubeide_1.8.0/stm32cubeide/plugins/com.st.stm32cube.ide.mcu.externaltools.gnu-tools-for-stm32.9-2020-q2-update.win32_2.0.0.202105311346/tools/bin/../lib/gcc/arm-none-eabi/9.3.1/../../../../arm-none-eabi/lib/thumb/v7e-m+dp/hard\libc_nano.a(lib_a-memcpy-stub.o)
                0x000000000800a17c                memcpy
 .text.memmove  0x000000000800a198       0x34 c:/st/stm32cubeide_1.8.0/stm32cubeide/plugins/com.st.stm32cube.ide.mcu.externaltools.gnu-tools-for-stm32.9-2020-q2-update.win32_2.0.0.202105311346/tools/bin/../lib/gcc/arm-none-eabi/9.3.1/../../../../arm-none-eabi/lib/thumb/v7e-m+dp/hard\libc_nano.a(lib_a-memmove.o)
                0x000000000800a198                memmove
 .text._free_r  0x000000000800a1cc       0xa0 c:/st/stm32cubeide_1.8.0/stm32cubeide/plugins/com.st.stm32cube.ide.mcu.externaltools.gnu-tools-for-stm32.9-2020-q2-update.win32_2.0.0.202105311346/tools/bin/../lib/gcc/arm-none-eabi/9.3.1/../../../../arm-none-eabi/lib/thumb/v7e-m+dp/hard\libc_nano.a(lib_a-nano-freer.o)
                0x000000000800a1cc                _free_r
 .text._malloc_r
                0x000000000800a26c       0xb4 c:/st/stm32cubeide_1.8.0/stm32cubeide/plugins/com.st.stm32cube.ide.mcu.externaltools.gnu-tools-for-stm32.9-2020-q2-update.win32_2.0.0.202105311346/tools/bin/../lib/gcc/arm-none-eabi/9.3.1/../../../../arm-none-eabi/lib/thumb/v7e-m+dp/hard\libc_nano.a(lib_a-nano-mallocr.o)
                0x000000000800a26c                _malloc_r
 .text._realloc_r
                0x000000000800a320       0x4c c:/st/stm32cubeide_1.8.0/stm32cubeide/plugins/com.st.stm32cube.ide.mcu.externaltools.gnu-tools-for-stm32.9-2020-q2-update.win32_2.0.0.202105311346/tools/bin/../lib/gcc/arm-none-eabi/9.3.1/../../../../arm-none-eabi/lib/thumb/v7e-m+dp/hard\libc_nano.a(lib_a-nano-reallocr.o)
                0x000000000800a320                _realloc_r
 .text._sbrk_r  0x000000000800a36c       0x20 c:/st/stm32cubeide_1.8.0/stm32cubeide/plugins/com.st.stm32cube.ide.mcu.externaltools.gnu-tools-for-stm32.9-2020-q2-update.win32_2.0.0.202105311346/tools/bin/../lib/gcc/arm-none-eabi/9.3.1/../../../../arm-none-eabi/lib/thumb/v7e-m+dp/hard\libc_nano.a(lib_a-sbrkr.o)
                0x000000000800a36c                _sbrk_r
 .text.__malloc_lock
                0x000000000800a38c        0xc c:/st/stm32cubeide_1.8.0/stm32cubeide/plugins/com.st.stm32cube.ide.mcu.externaltools.gnu-tools-for-stm32.9-2020-q2-update.win32_2.0.0.202105311346/tools/bin/../lib/gcc/arm-none-eabi/9.3.1/../../../../arm-none-eabi/lib/thumb/v7e-m+dp/hard\libc_nano.a(lib_a-mlock.o)
                0x000000000800a38c                __malloc_lock
 .text.__malloc_unlock
                0x000000000800a398        0xc c:/st/stm32cubeide_1.8.0/stm32cubeide/plugins/com.st.stm32cube.ide.mcu.externaltools.gnu-tools-for-stm32.9-2020-q2-update.win32_2.0.0.202105311346/tools/bin/../lib/gcc/arm-none-eabi/9.3.1/../../../../arm-none-eabi/lib/thumb/v7e-m+dp/hard\libc_nano.a(lib_a-mlock.o)
                0x000000000800a398                __malloc_unlock
 .text._malloc_usable_size_r
                0x000000000800a3a4       0x10 c:/st/stm32cubeide_1.8.0/stm32cubeide/plugins/com.st.stm32cube.ide.mcu.externaltools.gnu-tools-for-stm32.9-2020-q2-update.win32_2.0.0.202105311346/tools/bin/../lib/gcc/arm-none-eabi/9.3.1/../../../../arm-none-eabi/lib/thumb/v7e-m+dp/hard\libc_nano.a(lib_a-nano-msizer.o)
                0x000000000800a3a4                _malloc_usable_size_r
 .text.__retarget_lock_acquire_recursive
                0x000000000800a3b4        0x2 c:/st/stm32cubeide_1.8.0/stm32cubeide/plugins/com.st.stm32cube.ide.mcu.externaltools.gnu-tools-for-stm32.9-2020-q2-update.win32_2.0.0.202105311346/tools/bin/../lib/gcc/arm-none-eabi/9.3.1/../../../../arm-none-eabi/lib/thumb/v7e-m+dp/hard\libc_nano.a(lib_a-lock.o)
                0x000000000800a3b4                __retarget_lock_acquire_recursive
 .text.__retarget_lock_release_recursive
                0x000000000800a3b6        0x2 c:/st/stm32cubeide_1.8.0/stm32cubeide/plugins/com.st.stm32cube.ide.mcu.externaltools.gnu-tools-for-stm32.9-2020-q2-update.win32_2.0.0.202105311346/tools/bin/../lib/gcc/arm-none-eabi/9.3.1/../../../../arm-none-eabi/lib/thumb/v7e-m+dp/hard\libc_nano.a(lib_a-lock.o)
                0x000000000800a3b6                __retarget_lock_release_recursive
 *(.glue_7)
 .glue_7        0x000000000800a3b8        0x0 linker stubs
 *(.glue_7t)
 .glue_7t       0x000000000800a3b8        0x0 linker stubs
 *(.eh_frame)
 .eh_frame      0x000000000800a3b8        0x0 c:/st/stm32cubeide_1.8.0/stm32cubeide/plugins/com.st.stm32cube.ide.mcu.externaltools.gnu-tools-for-stm32.9-2020-q2-update.win32_2.0.0.202105311346/tools/bin/../lib/gcc/arm-none-eabi/9.3.1/thumb/v7e-m+dp/hard/crtbegin.o
 *(.init)
 .init          0x000000000800a3b8        0x4 c:/st/stm32cubeide_1.8.0/stm32cubeide/plugins/com.st.stm32cube.ide.mcu.externaltools.gnu-tools-for-stm32.9-2020-q2-update.win32_2.0.0.202105311346/tools/bin/../lib/gcc/arm-none-eabi/9.3.1/thumb/v7e-m+dp/hard/crti.o
                0x000000000800a3b8                _init
 .init          0x000000000800a3bc        0x8 c:/st/stm32cubeide_1.8.0/stm32cubeide/plugins/com.st.stm32cube.ide.mcu.externaltools.gnu-tools-for-stm32.9-2020-q2-update.win32_2.0.0.202105311346/tools/bin/../lib/gcc/arm-none-eabi/9.3.1/thumb/v7e-m+dp/hard/crtn.o
 *(.fini)
 .fini          0x000000000800a3c4        0x4 c:/st/stm32cubeide_1.8.0/stm32cubeide/plugins/com.st.stm32cube.ide.mcu.externaltools.gnu-tools-for-stm32.9-2020-q2-update.win32_2.0.0.202105311346/tools/bin/../lib/gcc/arm-none-eabi/9.3.1/thumb/v7e-m+dp/hard/crti.o
                0x000000000800a3c4                _fini
 .fini          0x000000000800a3c8        0x8 c:/st/stm32cubeide_1.8.0/stm32cubeide/plugins/com.st.stm32cube.ide.mcu.externaltools.gnu-tools-for-stm32.9-2020-q2-update.win32_2.0.0.202105311346/tools/bin/../lib/gcc/arm-none-eabi/9.3.1/thumb/v7e-m+dp/hard/crtn.o
                0x000000000800a3d0                . = ALIGN (0x4)
                0x000000000800a3d0                _etext = .

.vfp11_veneer   0x000000000800a3d0        0x0
 .vfp11_veneer  0x000000000800a3d0        0x0 linker stubs

.v4_bx          0x000000000800a3d0        0x0
 .v4_bx         0x000000000800a3d0        0x0 linker stubs

.iplt           0x000000000800a3d0        0x0
 .iplt          0x000000000800a3d0        0x0 c:/st/stm32cubeide_1.8.0/stm32cubeide/plugins/com.st.stm32cube.ide.mcu.externaltools.gnu-tools-for-stm32.9-2020-q2-update.win32_2.0.0.202105311346/tools/bin/../lib/gcc/arm-none-eabi/9.3.1/thumb/v7e-m+dp/hard/crtbegin.o

.rodata         0x000000000800a3d0       0xa4
                0x000000000800a3d0                . = ALIGN (0x4)
 *(.rodata)
 .rodata        0x000000000800a3d0       0x41 ./Core/Src/mems_configuration.o
 *(.rodata*)
 *fill*         0x000000000800a411        0x3 
 .rodata.LedGpioInit.9085
                0x000000000800a414        0x4 ./Core/Src/stm32f7xx_nucleo.o
 .rodata.ButtonGpioInit.9113
                0x000000000800a418        0x4 ./Core/Src/stm32f7xx_nucleo.o
 .rodata.BUTTON_EXTI_LINE.9112
                0x000000000800a41c        0x4 ./Core/Src/stm32f7xx_nucleo.o
 .rodata.ButtonCallback.9110
                0x000000000800a420        0x4 ./Core/Src/stm32f7xx_nucleo.o
 .rodata.BSP_BUTTON_PRIO.9111
                0x000000000800a424        0x4 ./Core/Src/stm32f7xx_nucleo.o
 .rodata.AHBPrescTable
                0x000000000800a428       0x10 ./Core/Src/system_stm32f7xx.o
                0x000000000800a428                AHBPrescTable
 .rodata.APBPrescTable
                0x000000000800a438        0x8 ./Core/Src/system_stm32f7xx.o
                0x000000000800a438                APBPrescTable
 .rodata._svfprintf_r.str1.1
                0x000000000800a440       0x11 c:/st/stm32cubeide_1.8.0/stm32cubeide/plugins/com.st.stm32cube.ide.mcu.externaltools.gnu-tools-for-stm32.9-2020-q2-update.win32_2.0.0.202105311346/tools/bin/../lib/gcc/arm-none-eabi/9.3.1/../../../../arm-none-eabi/lib/thumb/v7e-m+dp/hard\libc_nano.a(lib_a-nano-svfprintf.o)
 .rodata._printf_i.str1.1
                0x000000000800a451       0x22 c:/st/stm32cubeide_1.8.0/stm32cubeide/plugins/com.st.stm32cube.ide.mcu.externaltools.gnu-tools-for-stm32.9-2020-q2-update.win32_2.0.0.202105311346/tools/bin/../lib/gcc/arm-none-eabi/9.3.1/../../../../arm-none-eabi/lib/thumb/v7e-m+dp/hard\libc_nano.a(lib_a-nano-vfprintf_i.o)
                0x000000000800a474                . = ALIGN (0x4)
 *fill*         0x000000000800a473        0x1 

.ARM.extab      0x000000000800a474        0x0
                0x000000000800a474                . = ALIGN (0x4)
 *(.ARM.extab* .gnu.linkonce.armextab.*)
                0x000000000800a474                . = ALIGN (0x4)

.ARM            0x000000000800a474        0x8
                0x000000000800a474                . = ALIGN (0x4)
                0x000000000800a474                __exidx_start = .
 *(.ARM.exidx*)
 .ARM.exidx     0x000000000800a474        0x8 c:/st/stm32cubeide_1.8.0/stm32cubeide/plugins/com.st.stm32cube.ide.mcu.externaltools.gnu-tools-for-stm32.9-2020-q2-update.win32_2.0.0.202105311346/tools/bin/../lib/gcc/arm-none-eabi/9.3.1/thumb/v7e-m+dp/hard\libgcc.a(_udivmoddi4.o)
                0x000000000800a47c                __exidx_end = .
                0x000000000800a47c                . = ALIGN (0x4)

.rel.dyn        0x000000000800a47c        0x0
 .rel.iplt      0x000000000800a47c        0x0 c:/st/stm32cubeide_1.8.0/stm32cubeide/plugins/com.st.stm32cube.ide.mcu.externaltools.gnu-tools-for-stm32.9-2020-q2-update.win32_2.0.0.202105311346/tools/bin/../lib/gcc/arm-none-eabi/9.3.1/thumb/v7e-m+dp/hard/crtbegin.o

.preinit_array  0x000000000800a47c        0x0
                0x000000000800a47c                . = ALIGN (0x4)
                0x000000000800a47c                PROVIDE (__preinit_array_start = .)
 *(.preinit_array*)
                0x000000000800a47c                PROVIDE (__preinit_array_end = .)
                0x000000000800a47c                . = ALIGN (0x4)

.init_array     0x000000000800a47c        0x4
                0x000000000800a47c                . = ALIGN (0x4)
                0x000000000800a47c                PROVIDE (__init_array_start = .)
 *(SORT_BY_NAME(.init_array.*))
 *(.init_array*)
 .init_array    0x000000000800a47c        0x4 c:/st/stm32cubeide_1.8.0/stm32cubeide/plugins/com.st.stm32cube.ide.mcu.externaltools.gnu-tools-for-stm32.9-2020-q2-update.win32_2.0.0.202105311346/tools/bin/../lib/gcc/arm-none-eabi/9.3.1/thumb/v7e-m+dp/hard/crtbegin.o
                0x000000000800a480                PROVIDE (__init_array_end = .)
                0x000000000800a480                . = ALIGN (0x4)

.fini_array     0x000000000800a480        0x4
                0x000000000800a480                . = ALIGN (0x4)
                [!provide]                        PROVIDE (__fini_array_start = .)
 *(SORT_BY_NAME(.fini_array.*))
 *(.fini_array*)
 .fini_array    0x000000000800a480        0x4 c:/st/stm32cubeide_1.8.0/stm32cubeide/plugins/com.st.stm32cube.ide.mcu.externaltools.gnu-tools-for-stm32.9-2020-q2-update.win32_2.0.0.202105311346/tools/bin/../lib/gcc/arm-none-eabi/9.3.1/thumb/v7e-m+dp/hard/crtbegin.o
                [!provide]                        PROVIDE (__fini_array_end = .)
                0x000000000800a484                . = ALIGN (0x4)
                0x000000000800a484                _sidata = LOADADDR (.data)

.data           0x0000000020000000      0x150 load address 0x000000000800a484
                0x0000000020000000                . = ALIGN (0x4)
                0x0000000020000000                _sdata = .
 *(.data)
 *(.data*)
 .data.BUTTON_PORT
                0x0000000020000000        0x4 ./Core/Src/stm32f7xx_nucleo.o
 .data.hpb_exti
                0x0000000020000004        0x8 ./Core/Src/stm32f7xx_nucleo.o
                0x0000000020000004                hpb_exti
 .data.SystemCoreClock
                0x000000002000000c        0x4 ./Core/Src/system_stm32f7xx.o
                0x000000002000000c                SystemCoreClock
 .data.IIS2DLPC_COMMON_Driver
                0x0000000020000010       0x10 ./Drivers/BSP/Components/iis2dlpc/iis2dlpc.o
                0x0000000020000010                IIS2DLPC_COMMON_Driver
 .data.IIS2DLPC_ACC_Driver
                0x0000000020000020       0x24 ./Drivers/BSP/Components/iis2dlpc/iis2dlpc.o
                0x0000000020000020                IIS2DLPC_ACC_Driver
 .data.IIS2MDC_COMMON_Driver
                0x0000000020000044       0x10 ./Drivers/BSP/Components/iis2mdc/iis2mdc.o
                0x0000000020000044                IIS2MDC_COMMON_Driver
 .data.IIS2MDC_MAG_Driver
                0x0000000020000054       0x24 ./Drivers/BSP/Components/iis2mdc/iis2mdc.o
                0x0000000020000054                IIS2MDC_MAG_Driver
 .data.ISM330DHCX_COMMON_Driver
                0x0000000020000078       0x10 ./Drivers/BSP/Components/ism330dhcx/ism330dhcx.o
                0x0000000020000078                ISM330DHCX_COMMON_Driver
 .data.ISM330DHCX_ACC_Driver
                0x0000000020000088       0x24 ./Drivers/BSP/Components/ism330dhcx/ism330dhcx.o
                0x0000000020000088                ISM330DHCX_ACC_Driver
 .data.ISM330DHCX_GYRO_Driver
                0x00000000200000ac       0x24 ./Drivers/BSP/Components/ism330dhcx/ism330dhcx.o
                0x00000000200000ac                ISM330DHCX_GYRO_Driver
 .data.FunctionIndex
                0x00000000200000d0       0x14 ./Drivers/BSP/IKS02A1/iks02a1_motion_sensors.o
 .data.uwTickPrio
                0x00000000200000e4        0x4 ./Drivers/STM32F7xx_HAL_Driver/Src/stm32f7xx_hal.o
                0x00000000200000e4                uwTickPrio
 .data.uwTickFreq
                0x00000000200000e8        0x1 ./Drivers/STM32F7xx_HAL_Driver/Src/stm32f7xx_hal.o
                0x00000000200000e8                uwTickFreq
 *fill*         0x00000000200000e9        0x3 
 .data._impure_ptr
                0x00000000200000ec        0x4 c:/st/stm32cubeide_1.8.0/stm32cubeide/plugins/com.st.stm32cube.ide.mcu.externaltools.gnu-tools-for-stm32.9-2020-q2-update.win32_2.0.0.202105311346/tools/bin/../lib/gcc/arm-none-eabi/9.3.1/../../../../arm-none-eabi/lib/thumb/v7e-m+dp/hard\libc_nano.a(lib_a-impure.o)
                0x00000000200000ec                _impure_ptr
 .data.impure_data
                0x00000000200000f0       0x60 c:/st/stm32cubeide_1.8.0/stm32cubeide/plugins/com.st.stm32cube.ide.mcu.externaltools.gnu-tools-for-stm32.9-2020-q2-update.win32_2.0.0.202105311346/tools/bin/../lib/gcc/arm-none-eabi/9.3.1/../../../../arm-none-eabi/lib/thumb/v7e-m+dp/hard\libc_nano.a(lib_a-impure.o)
 *(.RamFunc)
 *(.RamFunc*)
                0x0000000020000150                . = ALIGN (0x4)
                0x0000000020000150                _edata = .

.igot.plt       0x0000000020000150        0x0 load address 0x000000000800a5d4
 .igot.plt      0x0000000020000150        0x0 c:/st/stm32cubeide_1.8.0/stm32cubeide/plugins/com.st.stm32cube.ide.mcu.externaltools.gnu-tools-for-stm32.9-2020-q2-update.win32_2.0.0.202105311346/tools/bin/../lib/gcc/arm-none-eabi/9.3.1/thumb/v7e-m+dp/hard/crtbegin.o
                0x0000000020000150                . = ALIGN (0x4)

.bss            0x0000000020000150      0x340 load address 0x000000000800a5d4
                0x0000000020000150                _sbss = .
                0x0000000020000150                __bss_start__ = _sbss
 *(.bss)
 .bss           0x0000000020000150       0x1c c:/st/stm32cubeide_1.8.0/stm32cubeide/plugins/com.st.stm32cube.ide.mcu.externaltools.gnu-tools-for-stm32.9-2020-q2-update.win32_2.0.0.202105311346/tools/bin/../lib/gcc/arm-none-eabi/9.3.1/thumb/v7e-m+dp/hard/crtbegin.o
 *(.bss*)
 .bss.PushButtonDetected
                0x000000002000016c        0x1 ./Core/Src/mems_configuration.o
 *fill*         0x000000002000016d        0x3 
 .bss.dataOut   0x0000000020000170      0x100 ./Core/Src/mems_configuration.o
 .bss.PushButtonState
                0x0000000020000270        0x4 ./Core/Src/mems_configuration.o
 .bss.databufforlentgh
                0x0000000020000274        0x2 ./Core/Src/mems_configuration.o
 *fill*         0x0000000020000276        0x2 
 .bss.I2C1InitCounter
                0x0000000020000278        0x4 ./Core/Src/stm32f7xx_nucleo_bus.o
 .bss.__sbrk_heap_end
                0x000000002000027c        0x4 ./Core/Src/sysmem.o
 .bss.MotionFuncDrv
                0x0000000020000280       0x24 ./Drivers/BSP/IKS02A1/iks02a1_motion_sensors.o
 .bss.MotionDrv
                0x00000000200002a4        0xc ./Drivers/BSP/IKS02A1/iks02a1_motion_sensors.o
 .bss.MotionCtx
                0x00000000200002b0        0xc ./Drivers/BSP/IKS02A1/iks02a1_motion_sensors.o
 .bss.ism330dhcx_obj_0.14638
                0x00000000200002bc       0x30 ./Drivers/BSP/IKS02A1/iks02a1_motion_sensors.o
 .bss.iis2dlpc_obj_0.14646
                0x00000000200002ec       0x34 ./Drivers/BSP/IKS02A1/iks02a1_motion_sensors.o
 .bss.iis2mdc_obj_0.14654
                0x0000000020000320       0x2c ./Drivers/BSP/IKS02A1/iks02a1_motion_sensors.o
 .bss.__malloc_free_list
                0x000000002000034c        0x4 c:/st/stm32cubeide_1.8.0/stm32cubeide/plugins/com.st.stm32cube.ide.mcu.externaltools.gnu-tools-for-stm32.9-2020-q2-update.win32_2.0.0.202105311346/tools/bin/../lib/gcc/arm-none-eabi/9.3.1/../../../../arm-none-eabi/lib/thumb/v7e-m+dp/hard\libc_nano.a(lib_a-nano-mallocr.o)
                0x000000002000034c                __malloc_free_list
 .bss.__malloc_sbrk_start
                0x0000000020000350        0x4 c:/st/stm32cubeide_1.8.0/stm32cubeide/plugins/com.st.stm32cube.ide.mcu.externaltools.gnu-tools-for-stm32.9-2020-q2-update.win32_2.0.0.202105311346/tools/bin/../lib/gcc/arm-none-eabi/9.3.1/../../../../arm-none-eabi/lib/thumb/v7e-m+dp/hard\libc_nano.a(lib_a-nano-mallocr.o)
                0x0000000020000350                __malloc_sbrk_start
 *(COMMON)
 COMMON         0x0000000020000354       0x4c ./Core/Src/stm32f7xx_nucleo_bus.o
                0x0000000020000354                hi2c1
 COMMON         0x00000000200003a0       0x4c ./Core/Src/tim.o
                0x00000000200003a0                htim3
 COMMON         0x00000000200003ec       0x84 ./Core/Src/usart.o
                0x00000000200003ec                huart3
 COMMON         0x0000000020000470        0xc ./Drivers/BSP/IKS02A1/iks02a1_motion_sensors.o
                0x0000000020000470                MotionCompObj
 COMMON         0x000000002000047c        0x4 ./Drivers/STM32F7xx_HAL_Driver/Src/stm32f7xx_hal.o
                0x000000002000047c                uwTick
 COMMON         0x0000000020000480        0x4 c:/st/stm32cubeide_1.8.0/stm32cubeide/plugins/com.st.stm32cube.ide.mcu.externaltools.gnu-tools-for-stm32.9-2020-q2-update.win32_2.0.0.202105311346/tools/bin/../lib/gcc/arm-none-eabi/9.3.1/../../../../arm-none-eabi/lib/thumb/v7e-m+dp/hard\libc_nano.a(lib_a-reent.o)
                0x0000000020000480                errno
 COMMON         0x0000000020000484        0x9 c:/st/stm32cubeide_1.8.0/stm32cubeide/plugins/com.st.stm32cube.ide.mcu.externaltools.gnu-tools-for-stm32.9-2020-q2-update.win32_2.0.0.202105311346/tools/bin/../lib/gcc/arm-none-eabi/9.3.1/../../../../arm-none-eabi/lib/thumb/v7e-m+dp/hard\libc_nano.a(lib_a-lock.o)
                0x0000000020000484                __lock___atexit_recursive_mutex
                0x0000000020000485                __lock___arc4random_mutex
                0x0000000020000486                __lock___env_recursive_mutex
                0x0000000020000487                __lock___sinit_recursive_mutex
                0x0000000020000488                __lock___malloc_recursive_mutex
                0x0000000020000489                __lock___at_quick_exit_mutex
                0x000000002000048a                __lock___dd_hash_mutex
                0x000000002000048b                __lock___tz_mutex
                0x000000002000048c                __lock___sfp_recursive_mutex
                0x0000000020000490                . = ALIGN (0x4)
 *fill*         0x000000002000048d        0x3 
                0x0000000020000490                _ebss = .
                0x0000000020000490                __bss_end__ = _ebss

._user_heap_stack
                0x0000000020000490      0x600 load address 0x000000000800a5d4
                0x0000000020000490                . = ALIGN (0x8)
                [!provide]                        PROVIDE (end = .)
                0x0000000020000490                PROVIDE (_end = .)
                0x0000000020000690                . = (. + _Min_Heap_Size)
 *fill*         0x0000000020000490      0x200 
                0x0000000020000a90                . = (. + _Min_Stack_Size)
 *fill*         0x0000000020000690      0x400 
                0x0000000020000a90                . = ALIGN (0x8)

/DISCARD/
 libc.a(*)
 libm.a(*)
 libgcc.a(*)

.ARM.attributes
                0x0000000000000000       0x2e
 *(.ARM.attributes)
 .ARM.attributes
                0x0000000000000000       0x1e c:/st/stm32cubeide_1.8.0/stm32cubeide/plugins/com.st.stm32cube.ide.mcu.externaltools.gnu-tools-for-stm32.9-2020-q2-update.win32_2.0.0.202105311346/tools/bin/../lib/gcc/arm-none-eabi/9.3.1/thumb/v7e-m+dp/hard/crti.o
 .ARM.attributes
                0x000000000000001e       0x32 c:/st/stm32cubeide_1.8.0/stm32cubeide/plugins/com.st.stm32cube.ide.mcu.externaltools.gnu-tools-for-stm32.9-2020-q2-update.win32_2.0.0.202105311346/tools/bin/../lib/gcc/arm-none-eabi/9.3.1/thumb/v7e-m+dp/hard/crtbegin.o
 .ARM.attributes
                0x0000000000000050       0x32 ./Core/Src/gpio.o
 .ARM.attributes
                0x0000000000000082       0x32 ./Core/Src/main.o
 .ARM.attributes
                0x00000000000000b4       0x32 ./Core/Src/mems_configuration.o
 .ARM.attributes
                0x00000000000000e6       0x32 ./Core/Src/stm32f7xx_hal_msp.o
 .ARM.attributes
                0x0000000000000118       0x32 ./Core/Src/stm32f7xx_it.o
 .ARM.attributes
                0x000000000000014a       0x32 ./Core/Src/stm32f7xx_nucleo.o
 .ARM.attributes
                0x000000000000017c       0x32 ./Core/Src/stm32f7xx_nucleo_bus.o
 .ARM.attributes
                0x00000000000001ae       0x32 ./Core/Src/sysmem.o
 .ARM.attributes
                0x00000000000001e0       0x32 ./Core/Src/system_stm32f7xx.o
 .ARM.attributes
                0x0000000000000212       0x32 ./Core/Src/tim.o
 .ARM.attributes
                0x0000000000000244       0x32 ./Core/Src/usart.o
 .ARM.attributes
                0x0000000000000276       0x21 ./Core/Startup/startup_stm32f767zitx.o
 .ARM.attributes
                0x0000000000000297       0x32 ./Drivers/BSP/Components/iis2dlpc/iis2dlpc.o
 .ARM.attributes
                0x00000000000002c9       0x32 ./Drivers/BSP/Components/iis2dlpc/iis2dlpc_reg.o
 .ARM.attributes
                0x00000000000002fb       0x32 ./Drivers/BSP/Components/iis2mdc/iis2mdc.o
 .ARM.attributes
                0x000000000000032d       0x32 ./Drivers/BSP/Components/iis2mdc/iis2mdc_reg.o
 .ARM.attributes
                0x000000000000035f       0x32 ./Drivers/BSP/Components/ism330dhcx/ism330dhcx.o
 .ARM.attributes
                0x0000000000000391       0x32 ./Drivers/BSP/Components/ism330dhcx/ism330dhcx_reg.o
 .ARM.attributes
                0x00000000000003c3       0x32 ./Drivers/BSP/IKS02A1/iks02a1_motion_sensors.o
 .ARM.attributes
                0x00000000000003f5       0x32 ./Drivers/STM32F7xx_HAL_Driver/Src/stm32f7xx_hal.o
 .ARM.attributes
                0x0000000000000427       0x32 ./Drivers/STM32F7xx_HAL_Driver/Src/stm32f7xx_hal_cortex.o
 .ARM.attributes
                0x0000000000000459       0x32 ./Drivers/STM32F7xx_HAL_Driver/Src/stm32f7xx_hal_dma.o
 .ARM.attributes
                0x000000000000048b       0x32 ./Drivers/STM32F7xx_HAL_Driver/Src/stm32f7xx_hal_exti.o
 .ARM.attributes
                0x00000000000004bd       0x32 ./Drivers/STM32F7xx_HAL_Driver/Src/stm32f7xx_hal_gpio.o
 .ARM.attributes
                0x00000000000004ef       0x32 ./Drivers/STM32F7xx_HAL_Driver/Src/stm32f7xx_hal_i2c.o
 .ARM.attributes
                0x0000000000000521       0x32 ./Drivers/STM32F7xx_HAL_Driver/Src/stm32f7xx_hal_i2c_ex.o
 .ARM.attributes
                0x0000000000000553       0x32 ./Drivers/STM32F7xx_HAL_Driver/Src/stm32f7xx_hal_pwr.o
 .ARM.attributes
                0x0000000000000585       0x32 ./Drivers/STM32F7xx_HAL_Driver/Src/stm32f7xx_hal_pwr_ex.o
 .ARM.attributes
                0x00000000000005b7       0x32 ./Drivers/STM32F7xx_HAL_Driver/Src/stm32f7xx_hal_rcc.o
 .ARM.attributes
                0x00000000000005e9       0x32 ./Drivers/STM32F7xx_HAL_Driver/Src/stm32f7xx_hal_rcc_ex.o
 .ARM.attributes
                0x000000000000061b       0x32 ./Drivers/STM32F7xx_HAL_Driver/Src/stm32f7xx_hal_tim.o
 .ARM.attributes
                0x000000000000064d       0x32 ./Drivers/STM32F7xx_HAL_Driver/Src/stm32f7xx_hal_tim_ex.o
 .ARM.attributes
                0x000000000000067f       0x32 ./Drivers/STM32F7xx_HAL_Driver/Src/stm32f7xx_hal_uart.o
 .ARM.attributes
                0x00000000000006b1       0x32 c:/st/stm32cubeide_1.8.0/stm32cubeide/plugins/com.st.stm32cube.ide.mcu.externaltools.gnu-tools-for-stm32.9-2020-q2-update.win32_2.0.0.202105311346/tools/bin/../lib/gcc/arm-none-eabi/9.3.1/../../../../arm-none-eabi/lib/thumb/v7e-m+dp/hard\libc_nano.a(lib_a-errno.o)
 .ARM.attributes
                0x00000000000006e3       0x30 c:/st/stm32cubeide_1.8.0/stm32cubeide/plugins/com.st.stm32cube.ide.mcu.externaltools.gnu-tools-for-stm32.9-2020-q2-update.win32_2.0.0.202105311346/tools/bin/../lib/gcc/arm-none-eabi/9.3.1/../../../../arm-none-eabi/lib/thumb/v7e-m+dp/hard\libc_nano.a(lib_a-impure.o)
 .ARM.attributes
                0x0000000000000713       0x32 c:/st/stm32cubeide_1.8.0/stm32cubeide/plugins/com.st.stm32cube.ide.mcu.externaltools.gnu-tools-for-stm32.9-2020-q2-update.win32_2.0.0.202105311346/tools/bin/../lib/gcc/arm-none-eabi/9.3.1/../../../../arm-none-eabi/lib/thumb/v7e-m+dp/hard\libc_nano.a(lib_a-init.o)
 .ARM.attributes
                0x0000000000000745       0x32 c:/st/stm32cubeide_1.8.0/stm32cubeide/plugins/com.st.stm32cube.ide.mcu.externaltools.gnu-tools-for-stm32.9-2020-q2-update.win32_2.0.0.202105311346/tools/bin/../lib/gcc/arm-none-eabi/9.3.1/../../../../arm-none-eabi/lib/thumb/v7e-m+dp/hard\libc_nano.a(lib_a-memset.o)
 .ARM.attributes
                0x0000000000000777       0x32 c:/st/stm32cubeide_1.8.0/stm32cubeide/plugins/com.st.stm32cube.ide.mcu.externaltools.gnu-tools-for-stm32.9-2020-q2-update.win32_2.0.0.202105311346/tools/bin/../lib/gcc/arm-none-eabi/9.3.1/../../../../arm-none-eabi/lib/thumb/v7e-m+dp/hard\libc_nano.a(lib_a-sprintf.o)
 .ARM.attributes
                0x00000000000007a9       0x32 c:/st/stm32cubeide_1.8.0/stm32cubeide/plugins/com.st.stm32cube.ide.mcu.externaltools.gnu-tools-for-stm32.9-2020-q2-update.win32_2.0.0.202105311346/tools/bin/../lib/gcc/arm-none-eabi/9.3.1/../../../../arm-none-eabi/lib/thumb/v7e-m+dp/hard\libc_nano.a(lib_a-nano-svfprintf.o)
 .ARM.attributes
                0x00000000000007db       0x32 c:/st/stm32cubeide_1.8.0/stm32cubeide/plugins/com.st.stm32cube.ide.mcu.externaltools.gnu-tools-for-stm32.9-2020-q2-update.win32_2.0.0.202105311346/tools/bin/../lib/gcc/arm-none-eabi/9.3.1/../../../../arm-none-eabi/lib/thumb/v7e-m+dp/hard\libc_nano.a(lib_a-nano-vfprintf_i.o)
 .ARM.attributes
                0x000000000000080d       0x1c c:/st/stm32cubeide_1.8.0/stm32cubeide/plugins/com.st.stm32cube.ide.mcu.externaltools.gnu-tools-for-stm32.9-2020-q2-update.win32_2.0.0.202105311346/tools/bin/../lib/gcc/arm-none-eabi/9.3.1/../../../../arm-none-eabi/lib/thumb/v7e-m+dp/hard\libc_nano.a(lib_a-memchr.o)
 .ARM.attributes
                0x0000000000000829       0x32 c:/st/stm32cubeide_1.8.0/stm32cubeide/plugins/com.st.stm32cube.ide.mcu.externaltools.gnu-tools-for-stm32.9-2020-q2-update.win32_2.0.0.202105311346/tools/bin/../lib/gcc/arm-none-eabi/9.3.1/../../../../arm-none-eabi/lib/thumb/v7e-m+dp/hard\libc_nano.a(lib_a-memcpy-stub.o)
 .ARM.attributes
                0x000000000000085b       0x32 c:/st/stm32cubeide_1.8.0/stm32cubeide/plugins/com.st.stm32cube.ide.mcu.externaltools.gnu-tools-for-stm32.9-2020-q2-update.win32_2.0.0.202105311346/tools/bin/../lib/gcc/arm-none-eabi/9.3.1/../../../../arm-none-eabi/lib/thumb/v7e-m+dp/hard\libc_nano.a(lib_a-memmove.o)
 .ARM.attributes
                0x000000000000088d       0x32 c:/st/stm32cubeide_1.8.0/stm32cubeide/plugins/com.st.stm32cube.ide.mcu.externaltools.gnu-tools-for-stm32.9-2020-q2-update.win32_2.0.0.202105311346/tools/bin/../lib/gcc/arm-none-eabi/9.3.1/../../../../arm-none-eabi/lib/thumb/v7e-m+dp/hard\libc_nano.a(lib_a-nano-freer.o)
 .ARM.attributes
                0x00000000000008bf       0x32 c:/st/stm32cubeide_1.8.0/stm32cubeide/plugins/com.st.stm32cube.ide.mcu.externaltools.gnu-tools-for-stm32.9-2020-q2-update.win32_2.0.0.202105311346/tools/bin/../lib/gcc/arm-none-eabi/9.3.1/../../../../arm-none-eabi/lib/thumb/v7e-m+dp/hard\libc_nano.a(lib_a-nano-mallocr.o)
 .ARM.attributes
                0x00000000000008f1       0x32 c:/st/stm32cubeide_1.8.0/stm32cubeide/plugins/com.st.stm32cube.ide.mcu.externaltools.gnu-tools-for-stm32.9-2020-q2-update.win32_2.0.0.202105311346/tools/bin/../lib/gcc/arm-none-eabi/9.3.1/../../../../arm-none-eabi/lib/thumb/v7e-m+dp/hard\libc_nano.a(lib_a-nano-reallocr.o)
 .ARM.attributes
                0x0000000000000923       0x32 c:/st/stm32cubeide_1.8.0/stm32cubeide/plugins/com.st.stm32cube.ide.mcu.externaltools.gnu-tools-for-stm32.9-2020-q2-update.win32_2.0.0.202105311346/tools/bin/../lib/gcc/arm-none-eabi/9.3.1/../../../../arm-none-eabi/lib/thumb/v7e-m+dp/hard\libc_nano.a(lib_a-sbrkr.o)
 .ARM.attributes
                0x0000000000000955       0x32 c:/st/stm32cubeide_1.8.0/stm32cubeide/plugins/com.st.stm32cube.ide.mcu.externaltools.gnu-tools-for-stm32.9-2020-q2-update.win32_2.0.0.202105311346/tools/bin/../lib/gcc/arm-none-eabi/9.3.1/../../../../arm-none-eabi/lib/thumb/v7e-m+dp/hard\libc_nano.a(lib_a-mlock.o)
 .ARM.attributes