Archive member included to satisfy reference by file (symbol)

c:/st/stm32cubeide_1.8.0/stm32cubeide/plugins/com.st.stm32cube.ide.mcu.externaltools.gnu-tools-for-stm32.9-2020-q2-update.win32_2.0.0.202105311346/tools/bin/../lib/gcc/arm-none-eabi/9.3.1/../../../../arm-none-eabi/lib/thumb/v7e-m+dp/hard\libc_nano.a(lib_a-errno.o)
                              ./Core/Src/syscalls.o (__errno)
c:/st/stm32cubeide_1.8.0/stm32cubeide/plugins/com.st.stm32cube.ide.mcu.externaltools.gnu-tools-for-stm32.9-2020-q2-update.win32_2.0.0.202105311346/tools/bin/../lib/gcc/arm-none-eabi/9.3.1/../../../../arm-none-eabi/lib/thumb/v7e-m+dp/hard\libc_nano.a(lib_a-exit.o)
                              c:/st/stm32cubeide_1.8.0/stm32cubeide/plugins/com.st.stm32cube.ide.mcu.externaltools.gnu-tools-for-stm32.9-2020-q2-update.win32_2.0.0.202105311346/tools/bin/../lib/gcc/arm-none-eabi/9.3.1/../../../../arm-none-eabi/lib/thumb/v7e-m+dp/hard/crt0.o (exit)
c:/st/stm32cubeide_1.8.0/stm32cubeide/plugins/com.st.stm32cube.ide.mcu.externaltools.gnu-tools-for-stm32.9-2020-q2-update.win32_2.0.0.202105311346/tools/bin/../lib/gcc/arm-none-eabi/9.3.1/../../../../arm-none-eabi/lib/thumb/v7e-m+dp/hard\libc_nano.a(lib_a-impure.o)
                              c:/st/stm32cubeide_1.8.0/stm32cubeide/plugins/com.st.stm32cube.ide.mcu.externaltools.gnu-tools-for-stm32.9-2020-q2-update.win32_2.0.0.202105311346/tools/bin/../lib/gcc/arm-none-eabi/9.3.1/../../../../arm-none-eabi/lib/thumb/v7e-m+dp/hard\libc_nano.a(lib_a-exit.o) (_global_impure_ptr)
c:/st/stm32cubeide_1.8.0/stm32cubeide/plugins/com.st.stm32cube.ide.mcu.externaltools.gnu-tools-for-stm32.9-2020-q2-update.win32_2.0.0.202105311346/tools/bin/../lib/gcc/arm-none-eabi/9.3.1/../../../../arm-none-eabi/lib/thumb/v7e-m+dp/hard\libc_nano.a(lib_a-init.o)
                              c:/st/stm32cubeide_1.8.0/stm32cubeide/plugins/com.st.stm32cube.ide.mcu.externaltools.gnu-tools-for-stm32.9-2020-q2-update.win32_2.0.0.202105311346/tools/bin/../lib/gcc/arm-none-eabi/9.3.1/../../../../arm-none-eabi/lib/thumb/v7e-m+dp/hard/crt0.o (__libc_init_array)
c:/st/stm32cubeide_1.8.0/stm32cubeide/plugins/com.st.stm32cube.ide.mcu.externaltools.gnu-tools-for-stm32.9-2020-q2-update.win32_2.0.0.202105311346/tools/bin/../lib/gcc/arm-none-eabi/9.3.1/../../../../arm-none-eabi/lib/thumb/v7e-m+dp/hard\libc_nano.a(lib_a-memset.o)
                              c:/st/stm32cubeide_1.8.0/stm32cubeide/plugins/com.st.stm32cube.ide.mcu.externaltools.gnu-tools-for-stm32.9-2020-q2-update.win32_2.0.0.202105311346/tools/bin/../lib/gcc/arm-none-eabi/9.3.1/../../../../arm-none-eabi/lib/thumb/v7e-m+dp/hard/crt0.o (memset)
c:/st/stm32cubeide_1.8.0/stm32cubeide/plugins/com.st.stm32cube.ide.mcu.externaltools.gnu-tools-for-stm32.9-2020-q2-update.win32_2.0.0.202105311346/tools/bin/../lib/gcc/arm-none-eabi/9.3.1/../../../../arm-none-eabi/lib/thumb/v7e-m+dp/hard\libc_nano.a(lib_a-sprintf.o)
                              ./Core/Src/main.o (sprintf)
c:/st/stm32cubeide_1.8.0/stm32cubeide/plugins/com.st.stm32cube.ide.mcu.externaltools.gnu-tools-for-stm32.9-2020-q2-update.win32_2.0.0.202105311346/tools/bin/../lib/gcc/arm-none-eabi/9.3.1/../../../../arm-none-eabi/lib/thumb/v7e-m+dp/hard\libc_nano.a(lib_a-nano-svfprintf.o)
                              c:/st/stm32cubeide_1.8.0/stm32cubeide/plugins/com.st.stm32cube.ide.mcu.externaltools.gnu-tools-for-stm32.9-2020-q2-update.win32_2.0.0.202105311346/tools/bin/../lib/gcc/arm-none-eabi/9.3.1/../../../../arm-none-eabi/lib/thumb/v7e-m+dp/hard\libc_nano.a(lib_a-sprintf.o) (_svfprintf_r)
c:/st/stm32cubeide_1.8.0/stm32cubeide/plugins/com.st.stm32cube.ide.mcu.externaltools.gnu-tools-for-stm32.9-2020-q2-update.win32_2.0.0.202105311346/tools/bin/../lib/gcc/arm-none-eabi/9.3.1/../../../../arm-none-eabi/lib/thumb/v7e-m+dp/hard\libc_nano.a(lib_a-nano-vfprintf_i.o)
                              c:/st/stm32cubeide_1.8.0/stm32cubeide/plugins/com.st.stm32cube.ide.mcu.externaltools.gnu-tools-for-stm32.9-2020-q2-update.win32_2.0.0.202105311346/tools/bin/../lib/gcc/arm-none-eabi/9.3.1/../../../../arm-none-eabi/lib/thumb/v7e-m+dp/hard\libc_nano.a(lib_a-nano-svfprintf.o) (_printf_i)
c:/st/stm32cubeide_1.8.0/stm32cubeide/plugins/com.st.stm32cube.ide.mcu.externaltools.gnu-tools-for-stm32.9-2020-q2-update.win32_2.0.0.202105311346/tools/bin/../lib/gcc/arm-none-eabi/9.3.1/../../../../arm-none-eabi/lib/thumb/v7e-m+dp/hard\libc_nano.a(lib_a-memchr.o)
                              c:/st/stm32cubeide_1.8.0/stm32cubeide/plugins/com.st.stm32cube.ide.mcu.externaltools.gnu-tools-for-stm32.9-2020-q2-update.win32_2.0.0.202105311346/tools/bin/../lib/gcc/arm-none-eabi/9.3.1/../../../../arm-none-eabi/lib/thumb/v7e-m+dp/hard\libc_nano.a(lib_a-nano-svfprintf.o) (memchr)
c:/st/stm32cubeide_1.8.0/stm32cubeide/plugins/com.st.stm32cube.ide.mcu.externaltools.gnu-tools-for-stm32.9-2020-q2-update.win32_2.0.0.202105311346/tools/bin/../lib/gcc/arm-none-eabi/9.3.1/../../../../arm-none-eabi/lib/thumb/v7e-m+dp/hard\libc_nano.a(lib_a-memcpy-stub.o)
[...]
Memory Configuration

Name             Origin             Length             Attributes
RAM              0x0000000020000000 0x0000000000080000 xrw
FLASH            0x0000000008000000 0x0000000000200000 xr
*default*        0x0000000000000000 0xffffffffffffffff

Linker script and memory map

LOAD c:/st/stm32cubeide_1.8.0/stm32cubeide/plugins/com.st.stm32cube.ide.mcu.externaltools.gnu-tools-for-stm32.9-2020-q2-update.win32_2.0.0.202105311346/tools/bin/../lib/gcc/arm-none-eabi/9.3.1/thumb/v7e-m+dp/hard/crti.o
LOAD c:/st/stm32cubeide_1.8.0/stm32cubeide/plugins/com.st.stm32cube.ide.mcu.externaltools.gnu-tools-for-stm32.9-2020-q2-update.win32_2.0.0.202105311346/tools/bin/../lib/gcc/arm-none-eabi/9.3.1/thumb/v7e-m+dp/hard/crtbegin.o
LOAD c:/st/stm32cubeide_1.8.0/stm32cubeide/plugins/com.st.stm32cube.ide.mcu.externaltools.gnu-tools-for-stm32.9-2020-q2-update.win32_2.0.0.202105311346/tools/bin/../lib/gcc/arm-none-eabi/9.3.1/../../../../arm-none-eabi/lib/thumb/v7e-m+dp/hard/crt0.o
LOAD ./Core/Src/gpio.o
LOAD ./Core/Src/main.o
LOAD ./Core/Src/mems_configuration.o
LOAD ./Core/Src/stm32f7xx_hal_msp.o
LOAD ./Core/Src/stm32f7xx_it.o
LOAD ./Core/Src/stm32f7xx_nucleo.o
LOAD ./Core/Src/stm32f7xx_nucleo_bus.o
LOAD ./Core/Src/syscalls.o
LOAD ./Core/Src/sysmem.o
LOAD ./Core/Src/system_stm32f7xx.o
LOAD ./Core/Src/tim.o
LOAD ./Core/Src/usart.o
LOAD ./Core/Startup/startup_stm32f767zitx.o
LOAD ./Drivers/BSP/Components/iis2dlpc/iis2dlpc.o
LOAD ./Drivers/BSP/Components/iis2dlpc/iis2dlpc_reg.o
LOAD ./Drivers/BSP/Components/iis2mdc/iis2mdc.o
LOAD ./Drivers/BSP/Components/iis2mdc/iis2mdc_reg.o
LOAD ./Drivers/BSP/Components/ism330dhcx/ism330dhcx.o
LOAD ./Drivers/BSP/Components/ism330dhcx/ism330dhcx_reg.o
LOAD ./Drivers/BSP/IKS02A1/iks02a1_motion_sensors.o
LOAD ./Drivers/BSP/IKS02A1/iks02a1_motion_sensors_ex.o
LOAD ./Drivers/STM32F7xx_HAL_Driver/Src/stm32f7xx_hal.o
LOAD ./Drivers/STM32F7xx_HAL_Driver/Src/stm32f7xx_hal_cortex.o
LOAD ./Drivers/STM32F7xx_HAL_Driver/Src/stm32f7xx_hal_dma.o
LOAD ./Drivers/STM32F7xx_HAL_Driver/Src/stm32f7xx_hal_dma_ex.o
LOAD ./Drivers/STM32F7xx_HAL_Driver/Src/stm32f7xx_hal_exti.o
LOAD ./Drivers/STM32F7xx_HAL_Driver/Src/stm32f7xx_hal_flash.o
LOAD ./Drivers/STM32F7xx_HAL_Driver/Src/stm32f7xx_hal_flash_ex.o
LOAD ./Drivers/STM32F7xx_HAL_Driver/Src/stm32f7xx_hal_gpio.o
LOAD ./Drivers/STM32F7xx_HAL_Driver/Src/stm32f7xx_hal_i2c.o
LOAD ./Drivers/STM32F7xx_HAL_Driver/Src/stm32f7xx_hal_i2c_ex.o
LOAD ./Drivers/STM32F7xx_HAL_Driver/Src/stm32f7xx_hal_pwr.o
LOAD ./Drivers/STM32F7xx_HAL_Driver/Src/stm32f7xx_hal_pwr_ex.o
LOAD ./Drivers/STM32F7xx_HAL_Driver/Src/stm32f7xx_hal_rcc.o
LOAD ./Drivers/STM32F7xx_HAL_Driver/Src/stm32f7xx_hal_rcc_ex.o
LOAD ./Drivers/STM32F7xx_HAL_Driver/Src/stm32f7xx_hal_tim.o
LOAD ./Drivers/STM32F7xx_HAL_Driver/Src/stm32f7xx_hal_tim_ex.o
LOAD ./Drivers/STM32F7xx_HAL_Driver/Src/stm32f7xx_hal_uart.o
LOAD ./Drivers/STM32F7xx_HAL_Driver/Src/stm32f7xx_hal_uart_ex.o
LOAD ../Middlewares/ST/STM32_MotionAC_Library/Lib\MotionAC_CM7F_wc32_ot_hard.a
START GROUP
LOAD c:/st/stm32cubeide_1.8.0/stm32cubeide/plugins/com.st.stm32cube.ide.mcu.externaltools.gnu-tools-for-stm32.9-2020-q2-update.win32_2.0.0.202105311346/tools/bin/../lib/gcc/arm-none-eabi/9.3.1/../../../../arm-none-eabi/lib/thumb/v7e-m+dp/hard\libc_nano.a
LOAD c:/st/stm32cubeide_1.8.0/stm32cubeide/plugins/com.st.stm32cube.ide.mcu.externaltools.gnu-tools-for-stm32.9-2020-q2-update.win32_2.0.0.202105311346/tools/bin/../lib/gcc/arm-none-eabi/9.3.1/../../../../arm-none-eabi/lib/thumb/v7e-m+dp/hard\libm.a
END GROUP
START GROUP
LOAD c:/st/stm32cubeide_1.8.0/stm32cubeide/plugins/com.st.stm32cube.ide.mcu.externaltools.gnu-tools-for-stm32.9-2020-q2-update.win32_2.0.0.202105311346/tools/bin/../lib/gcc/arm-none-eabi/9.3.1/thumb/v7e-m+dp/hard\libgcc.a
LOAD c:/st/stm32cubeide_1.8.0/stm32cubeide/plugins/com.st.stm32cube.ide.mcu.externaltools.gnu-tools-for-stm32.9-2020-q2-update.win32_2.0.0.202105311346/tools/bin/../lib/gcc/arm-none-eabi/9.3.1/../../../../arm-none-eabi/lib/thumb/v7e-m+dp/hard\libc_nano.a
END GROUP
START GROUP
LOAD c:/st/stm32cubeide_1.8.0/stm32cubeide/plugins/com.st.stm32cube.ide.mcu.externaltools.gnu-tools-for-stm32.9-2020-q2-update.win32_2.0.0.202105311346/tools/bin/../lib/gcc/arm-none-eabi/9.3.1/thumb/v7e-m+dp/hard\libgcc.a
LOAD c:/st/stm32cubeide_1.8.0/stm32cubeide/plugins/com.st.stm32cube.ide.mcu.externaltools.gnu-tools-for-stm32.9-2020-q2-update.win32_2.0.0.202105311346/tools/bin/../lib/gcc/arm-none-eabi/9.3.1/../../../../arm-none-eabi/lib/thumb/v7e-m+dp/hard\libc_nano.a
LOAD c:/st/stm32cubeide_1.8.0/stm32cubeide/plugins/com.st.stm32cube.ide.mcu.externaltools.gnu-tools-for-stm32.9-2020-q2-update.win32_2.0.0.202105311346/tools/bin/../lib/gcc/arm-none-eabi/9.3.1/../../../../arm-none-eabi/lib/thumb/v7e-m+dp/hard\libnosys.a
END GROUP
START GROUP
LOAD c:/st/stm32cubeide_1.8.0/stm32cubeide/plugins/com.st.stm32cube.ide.mcu.externaltools.gnu-tools-for-stm32.9-2020-q2-update.win32_2.0.0.202105311346/tools/bin/../lib/gcc/arm-none-eabi/9.3.1/thumb/v7e-m+dp/hard\libgcc.a
LOAD c:/st/stm32cubeide_1.8.0/stm32cubeide/plugins/com.st.stm32cube.ide.mcu.externaltools.gnu-tools-for-stm32.9-2020-q2-update.win32_2.0.0.202105311346/tools/bin/../lib/gcc/arm-none-eabi/9.3.1/../../../../arm-none-eabi/lib/thumb/v7e-m+dp/hard\libc_nano.a
LOAD c:/st/stm32cubeide_1.8.0/stm32cubeide/plugins/com.st.stm32cube.ide.mcu.externaltools.gnu-tools-for-stm32.9-2020-q2-update.win32_2.0.0.202105311346/tools/bin/../lib/gcc/arm-none-eabi/9.3.1/../../../../arm-none-eabi/lib/thumb/v7e-m+dp/hard\libnosys.a
END GROUP
LOAD c:/st/stm32cubeide_1.8.0/stm32cubeide/plugins/com.st.stm32cube.ide.mcu.externaltools.gnu-tools-for-stm32.9-2020-q2-update.win32_2.0.0.202105311346/tools/bin/../lib/gcc/arm-none-eabi/9.3.1/thumb/v7e-m+dp/hard/crtend.o
LOAD c:/st/stm32cubeide_1.8.0/stm32cubeide/plugins/com.st.stm32cube.ide.mcu.externaltools.gnu-tools-for-stm32.9-2020-q2-update.win32_2.0.0.202105311346/tools/bin/../lib/gcc/arm-none-eabi/9.3.1/thumb/v7e-m+dp/hard/crtn.o
                0x0000000020080000                _estack = (ORIGIN (RAM) + LENGTH (RAM))
                0x0000000000000200                _Min_Heap_Size = 0x200
                0x0000000000000400                _Min_Stack_Size = 0x400

.isr_vector     0x0000000008000000      0x1f8
                0x0000000008000000                . = ALIGN (0x4)
 *(.isr_vector)
 .isr_vector    0x0000000008000000      0x1f8 ./Core/Startup/startup_stm32f767zitx.o
                0x0000000008000000                g_pfnVectors
                0x00000000080001f8                . = ALIGN (0x4)

.text           0x0000000008000200     0xa17c
                0x0000000008000200                . = ALIGN (0x4)
 *(.text)
 .text          0x0000000008000200       0x40 c:/st/stm32cubeide_1.8.0/stm32cubeide/plugins/com.st.stm32cube.ide.mcu.externaltools.gnu-tools-for-stm32.9-2020-q2-update.win32_2.0.0.202105311346/tools/bin/../lib/gcc/arm-none-eabi/9.3.1/thumb/v7e-m+dp/hard/crtbegin.o
 .text          0x0000000008000240       0xa0 c:/st/stm32cubeide_1.8.0/stm32cubeide/plugins/com.st.stm32cube.ide.mcu.externaltools.gnu-tools-for-stm32.9-2020-q2-update.win32_2.0.0.202105311346/tools/bin/../lib/gcc/arm-none-eabi/9.3.1/../../../../arm-none-eabi/lib/thumb/v7e-m+dp/hard\libc_nano.a(lib_a-memchr.o)
                0x0000000008000240                memchr
 .text          0x00000000080002e0       0x30 c:/st/stm32cubeide_1.8.0/stm32cubeide/plugins/com.st.stm32cube.ide.mcu.externaltools.gnu-tools-for-stm32.9-2020-q2-update.win32_2.0.0.202105311346/tools/bin/../lib/gcc/arm-none-eabi/9.3.1/thumb/v7e-m+dp/hard\libgcc.a(_aeabi_uldivmod.o)
                0x00000000080002e0                __aeabi_uldivmod
 .text          0x0000000008000310      0x2c4 c:/st/stm32cubeide_1.8.0/stm32cubeide/plugins/com.st.stm32cube.ide.mcu.externaltools.gnu-tools-for-stm32.9-2020-q2-update.win32_2.0.0.202105311346/tools/bin/../lib/gcc/arm-none-eabi/9.3.1/thumb/v7e-m+dp/hard\libgcc.a(_udivmoddi4.o)
                0x0000000008000310                __udivmoddi4
 .text          0x00000000080005d4        0x4 c:/st/stm32cubeide_1.8.0/stm32cubeide/plugins/com.st.stm32cube.ide.mcu.externaltools.gnu-tools-for-stm32.9-2020-q2-update.win32_2.0.0.202105311346/tools/bin/../lib/gcc/arm-none-eabi/9.3.1/thumb/v7e-m+dp/hard\libgcc.a(_dvmd_tls.o)
                0x00000000080005d4                __aeabi_idiv0
                0x00000000080005d4                __aeabi_ldiv0
 *(.text*)
 .text.MX_GPIO_Init
                0x00000000080005d8      0x218 ./Core/Src/gpio.o
                0x00000000080005d8                MX_GPIO_Init
 .text.main     0x00000000080007f0       0x74 ./Core/Src/main.o
                0x00000000080007f0                main
 .text.SystemClock_Config
                0x0000000008000864       0xe4 ./Core/Src/main.o
                0x0000000008000864                SystemClock_Config
 .text.Error_Handler
                0x0000000008000948        0xa ./Core/Src/main.o
                0x0000000008000948                Error_Handler
 .text.MX_MEMS_Init
                0x0000000008000952        0xc ./Core/Src/mems_configuration.o
                0x0000000008000952                MX_MEMS_Init
 *fill*         0x000000000800095e        0x2 
 .text.MX_IKS02A1_DataLogTerminal_Init
                0x0000000008000960       0x50 ./Core/Src/mems_configuration.o
 .text.BSP_PB_Callback
                0x00000000080009b0       0x20 ./Core/Src/mems_configuration.o
                0x00000000080009b0                BSP_PB_Callback
 .text.Accelero_Get_Values
                0x00000000080009d0       0x1c ./Core/Src/mems_configuration.o
                0x00000000080009d0                Accelero_Get_Values
 .text.HAL_MspInit
                0x00000000080009ec       0x48 ./Core/Src/stm32f7xx_hal_msp.o
                0x00000000080009ec                HAL_MspInit
 .text.NMI_Handler
                0x0000000008000a34        0x6 ./Core/Src/stm32f7xx_it.o
                0x0000000008000a34                NMI_Handler
 .text.HardFault_Handler
                0x0000000008000a3a        0x6 ./Core/Src/stm32f7xx_it.o
                0x0000000008000a3a                HardFault_Handler
 .text.MemManage_Handler
                0x0000000008000a40        0x6 ./Core/Src/stm32f7xx_it.o
                0x0000000008000a40                MemManage_Handler
 .text.BusFault_Handler
                0x0000000008000a46        0x6 ./Core/Src/stm32f7xx_it.o
                0x0000000008000a46                BusFault_Handler
 .text.UsageFault_Handler
                0x0000000008000a4c        0x6 ./Core/Src/stm32f7xx_it.o
                0x0000000008000a4c                UsageFault_Handler
 .text.SVC_Handler
                0x0000000008000a52        0xe ./Core/Src/stm32f7xx_it.o
                0x0000000008000a52                SVC_Handler
 .text.DebugMon_Handler
                0x0000000008000a60        0xe ./Core/Src/stm32f7xx_it.o
                0x0000000008000a60                DebugMon_Handler
 .text.PendSV_Handler
                0x0000000008000a6e        0xe ./Core/Src/stm32f7xx_it.o
                0x0000000008000a6e                PendSV_Handler
 .text.SysTick_Handler
                0x0000000008000a7c        0xc ./Core/Src/stm32f7xx_it.o
                0x0000000008000a7c                SysTick_Handler
 .text.TIM3_IRQHandler
                0x0000000008000a88       0x14 ./Core/Src/stm32f7xx_it.o
                0x0000000008000a88                TIM3_IRQHandler
 .text.USART3_IRQHandler
                0x0000000008000a9c       0x14 ./Core/Src/stm32f7xx_it.o
                0x0000000008000a9c                USART3_IRQHandler
 .text.EXTI15_10_IRQHandler
                0x0000000008000ab0       0x10 ./Core/Src/stm32f7xx_it.o
                0x0000000008000ab0                EXTI15_10_IRQHandler
 .text.BSP_LED_Init
                0x0000000008000ac0       0x24 ./Core/Src/stm32f7xx_nucleo.o
                0x0000000008000ac0                BSP_LED_Init
 .text.LED_USER_GPIO_Init
                0x0000000008000ae4        0xe ./Core/Src/stm32f7xx_nucleo.o
 *fill*         0x0000000008000af2        0x2 
 .text.BSP_PB_Init
                0x0000000008000af4       0xa8 ./Core/Src/stm32f7xx_nucleo.o
                0x0000000008000af4                BSP_PB_Init
 .text.BSP_PB_GetState
                0x0000000008000b9c       0x38 ./Core/Src/stm32f7xx_nucleo.o
                0x0000000008000b9c                BSP_PB_GetState
 .text.BUTTON_USER_EXTI_Callback
                0x0000000008000bd4        0xe ./Core/Src/stm32f7xx_nucleo.o
 .text.BUTTON_USER_GPIO_Init
                0x0000000008000be2        0xe ./Core/Src/stm32f7xx_nucleo.o
 .text.BSP_I2C1_Init
                0x0000000008000bf0       0x7c ./Core/Src/stm32f7xx_nucleo_bus.o
                0x0000000008000bf0                BSP_I2C1_Init
 .text.BSP_I2C1_DeInit
                0x0000000008000c6c       0x50 ./Core/Src/stm32f7xx_nucleo_bus.o
                0x0000000008000c6c                BSP_I2C1_DeInit
 .text.BSP_I2C1_WriteReg
                0x0000000008000cbc       0x64 ./Core/Src/stm32f7xx_nucleo_bus.o
                0x0000000008000cbc                BSP_I2C1_WriteReg
 .text.BSP_I2C1_ReadReg
                0x0000000008000d20       0x64 ./Core/Src/stm32f7xx_nucleo_bus.o
                0x0000000008000d20                BSP_I2C1_ReadReg
 .text.BSP_GetTick
                0x0000000008000d84        0xe ./Core/Src/stm32f7xx_nucleo_bus.o
                0x0000000008000d84                BSP_GetTick
 *fill*         0x0000000008000d92        0x2 
 .text.MX_I2C1_Init
                0x0000000008000d94       0x88 ./Core/Src/stm32f7xx_nucleo_bus.o
                0x0000000008000d94                MX_I2C1_Init
 .text.I2C1_MspInit
                0x0000000008000e1c       0x8c ./Core/Src/stm32f7xx_nucleo_bus.o
 .text.I2C1_MspDeInit
                0x0000000008000ea8       0x38 ./Core/Src/stm32f7xx_nucleo_bus.o
 .text._sbrk    0x0000000008000ee0       0x6c ./Core/Src/sysmem.o
                0x0000000008000ee0                _sbrk
 .text.SystemInit
                0x0000000008000f4c       0x24 ./Core/Src/system_stm32f7xx.o
                0x0000000008000f4c                SystemInit
 .text.MX_TIM3_Init
                0x0000000008000f70       0x9c ./Core/Src/tim.o
                0x0000000008000f70                MX_TIM3_Init
 .text.HAL_TIM_Base_MspInit
                0x000000000800100c       0x4c ./Core/Src/tim.o
                0x000000000800100c                HAL_TIM_Base_MspInit
 .text.MX_USART3_UART_Init
                0x0000000008001058       0x60 ./Core/Src/usart.o
                0x0000000008001058                MX_USART3_UART_Init
 .text.HAL_UART_MspInit
                0x00000000080010b8       0xd0 ./Core/Src/usart.o
                0x00000000080010b8                HAL_UART_MspInit
 .text.Reset_Handler
                0x0000000008001188       0x50 ./Core/Startup/startup_stm32f767zitx.o
                0x0000000008001188                Reset_Handler
 .text.Default_Handler
                0x00000000080011d8        0x2 ./Core/Startup/startup_stm32f767zitx.o
                0x00000000080011d8                RTC_Alarm_IRQHandler
                0x00000000080011d8                EXTI2_IRQHandler
                0x00000000080011d8                TIM8_CC_IRQHandler
                0x00000000080011d8                UART8_IRQHandler
                0x00000000080011d8                SPI4_IRQHandler
                0x00000000080011d8                TIM1_CC_IRQHandler
                0x00000000080011d8                DMA2_Stream5_IRQHandler
                0x00000000080011d8                JPEG_IRQHandler
                0x00000000080011d8                DMA1_Stream5_IRQHandler
                0x00000000080011d8                CAN3_RX1_IRQHandler
                0x00000000080011d8                PVD_IRQHandler
                0x00000000080011d8                TAMP_STAMP_IRQHandler
                0x00000000080011d8                CAN2_RX1_IRQHandler
                0x00000000080011d8                EXTI3_IRQHandler
                0x00000000080011d8                TIM8_TRG_COM_TIM14_IRQHandler
                0x00000000080011d8                DFSDM1_FLT1_IRQHandler
                0x00000000080011d8                TIM1_UP_TIM10_IRQHandler
                0x00000000080011d8                TIM8_UP_TIM13_IRQHandler
                0x00000000080011d8                I2C3_ER_IRQHandler
                0x00000000080011d8                DFSDM1_FLT2_IRQHandler
                0x00000000080011d8                EXTI0_IRQHandler
                0x00000000080011d8                I2C2_EV_IRQHandler
                0x00000000080011d8                DMA1_Stream2_IRQHandler
                0x00000000080011d8                CAN1_RX0_IRQHandler
                0x00000000080011d8                FPU_IRQHandler
                0x00000000080011d8                OTG_HS_WKUP_IRQHandler
                0x00000000080011d8                CAN3_SCE_IRQHandler
                0x00000000080011d8                LTDC_ER_IRQHandler
                0x00000000080011d8                CAN2_SCE_IRQHandler
                0x00000000080011d8                DMA2_Stream2_IRQHandler
                0x00000000080011d8                SPI1_IRQHandler
                0x00000000080011d8                TIM6_DAC_IRQHandler
                0x00000000080011d8                TIM1_BRK_TIM9_IRQHandler
                0x00000000080011d8                DCMI_IRQHandler
                0x00000000080011d8                CAN2_RX0_IRQHandler
                0x00000000080011d8                DMA2_Stream3_IRQHandler
                0x00000000080011d8                SAI2_IRQHandler
                0x00000000080011d8                DFSDM1_FLT3_IRQHandler
                0x00000000080011d8                USART6_IRQHandler
                0x00000000080011d8                CAN3_RX0_IRQHandler
                0x00000000080011d8                CAN1_RX1_IRQHandler
                0x00000000080011d8                UART5_IRQHandler
                0x00000000080011d8                DMA2_Stream0_IRQHandler
                0x00000000080011d8                TIM4_IRQHandler
                0x00000000080011d8                QUADSPI_IRQHandler
                0x00000000080011d8                I2C1_EV_IRQHandler
                0x00000000080011d8                DMA1_Stream6_IRQHandler
                0x00000000080011d8                DMA1_Stream1_IRQHandler
                0x00000000080011d8                UART4_IRQHandler
                0x00000000080011d8                RCC_IRQHandler
                0x00000000080011d8                TIM8_BRK_TIM12_IRQHandler
                0x00000000080011d8                Default_Handler
                0x00000000080011d8                CEC_IRQHandler
                0x00000000080011d8                ADC_IRQHandler
                0x00000000080011d8                DMA1_Stream7_IRQHandler
                0x00000000080011d8                SPI5_IRQHandler
                0x00000000080011d8                TIM7_IRQHandler
                0x00000000080011d8                SDMMC1_IRQHandler
                0x00000000080011d8                CAN2_TX_IRQHandler
                0x00000000080011d8                TIM5_IRQHandler
                0x00000000080011d8                DMA2_Stream7_IRQHandler
                0x00000000080011d8                I2C3_EV_IRQHandler
                0x00000000080011d8                EXTI9_5_IRQHandler
                0x00000000080011d8                RTC_WKUP_IRQHandler
                0x00000000080011d8                LTDC_IRQHandler
                0x00000000080011d8                ETH_WKUP_IRQHandler
                0x00000000080011d8                SPDIF_RX_IRQHandler
                0x00000000080011d8                SPI2_IRQHandler
                0x00000000080011d8                OTG_HS_EP1_IN_IRQHandler
                0x00000000080011d8                DMA1_Stream0_IRQHandler
                0x00000000080011d8                CAN1_TX_IRQHandler
                0x00000000080011d8                EXTI4_IRQHandler
                0x00000000080011d8                RNG_IRQHandler
                0x00000000080011d8                ETH_IRQHandler
                0x00000000080011d8                OTG_HS_EP1_OUT_IRQHandler
                0x00000000080011d8                WWDG_IRQHandler
                0x00000000080011d8                SPI6_IRQHandler
                0x00000000080011d8                MDIOS_IRQHandler
                0x00000000080011d8                I2C4_EV_IRQHandler
                0x00000000080011d8                CAN3_TX_IRQHandler
                0x00000000080011d8                TIM2_IRQHandler
                0x00000000080011d8                OTG_FS_WKUP_IRQHandler
                0x00000000080011d8                TIM1_TRG_COM_TIM11_IRQHandler
                0x00000000080011d8                OTG_HS_IRQHandler
                0x00000000080011d8                DMA2D_IRQHandler
                0x00000000080011d8                EXTI1_IRQHandler
                0x00000000080011d8                SDMMC2_IRQHandler
                0x00000000080011d8                UART7_IRQHandler
                0x00000000080011d8                USART2_IRQHandler
                0x00000000080011d8                DFSDM1_FLT0_IRQHandler
                0x00000000080011d8                I2C2_ER_IRQHandler
                0x00000000080011d8                DMA2_Stream1_IRQHandler
                0x00000000080011d8                CAN1_SCE_IRQHandler
                0x00000000080011d8                FLASH_IRQHandler
                0x00000000080011d8                DMA2_Stream4_IRQHandler
                0x00000000080011d8                USART1_IRQHandler
                0x00000000080011d8                OTG_FS_IRQHandler
                0x00000000080011d8                SPI3_IRQHandler
                0x00000000080011d8                DMA1_Stream4_IRQHandler
                0x00000000080011d8                I2C1_ER_IRQHandler
                0x00000000080011d8                FMC_IRQHandler
                0x00000000080011d8                LPTIM1_IRQHandler
                0x00000000080011d8                I2C4_ER_IRQHandler
                0x00000000080011d8                DMA2_Stream6_IRQHandler
                0x00000000080011d8                SAI1_IRQHandler
                0x00000000080011d8                DMA1_Stream3_IRQHandler
 *fill*         0x00000000080011da        0x2 
 .text.IIS2DLPC_RegisterBusIO
                0x00000000080011dc       0xcc ./Drivers/BSP/Components/iis2dlpc/iis2dlpc.o
                0x00000000080011dc                IIS2DLPC_RegisterBusIO
 .text.IIS2DLPC_Init
                0x00000000080012a8       0xc4 ./Drivers/BSP/Components/iis2dlpc/iis2dlpc.o
                0x00000000080012a8                IIS2DLPC_Init
 .text.IIS2DLPC_DeInit
                0x000000000800136c       0x44 ./Drivers/BSP/Components/iis2dlpc/iis2dlpc.o
                0x000000000800136c                IIS2DLPC_DeInit
 .text.IIS2DLPC_ReadID
                0x00000000080013b0       0x2c ./Drivers/BSP/Components/iis2dlpc/iis2dlpc.o
                0x00000000080013b0                IIS2DLPC_ReadID
 .text.IIS2DLPC_GetCapabilities
                0x00000000080013dc       0x5c ./Drivers/BSP/Components/iis2dlpc/iis2dlpc.o
                0x00000000080013dc                IIS2DLPC_GetCapabilities
 .text.IIS2DLPC_ACC_Enable
                0x0000000008001438       0x52 ./Drivers/BSP/Components/iis2dlpc/iis2dlpc.o
                0x0000000008001438                IIS2DLPC_ACC_Enable
 .text.IIS2DLPC_ACC_Disable
                0x000000000800148a       0x40 ./Drivers/BSP/Components/iis2dlpc/iis2dlpc.o
                0x000000000800148a                IIS2DLPC_ACC_Disable
 *fill*         0x00000000080014ca        0x2 
 .text.IIS2DLPC_ACC_GetSensitivity
                0x00000000080014cc      0x190 ./Drivers/BSP/Components/iis2dlpc/iis2dlpc.o
                0x00000000080014cc                IIS2DLPC_ACC_GetSensitivity
 .text.IIS2DLPC_ACC_GetOutputDataRate
                0x000000000800165c      0x3c4 ./Drivers/BSP/Components/iis2dlpc/iis2dlpc.o
                0x000000000800165c                IIS2DLPC_ACC_GetOutputDataRate
 .text.IIS2DLPC_ACC_SetOutputDataRate
                0x0000000008001a20       0x24 ./Drivers/BSP/Components/iis2dlpc/iis2dlpc.o
                0x0000000008001a20                IIS2DLPC_ACC_SetOutputDataRate
 .text.IIS2DLPC_ACC_SetOutputDataRate_With_Mode
                0x0000000008001a44       0x4c ./Drivers/BSP/Components/iis2dlpc/iis2dlpc.o
                0x0000000008001a44                IIS2DLPC_ACC_SetOutputDataRate_With_Mode
 .text.IIS2DLPC_ACC_GetFullScale
                0x0000000008001a90       0x84 ./Drivers/BSP/Components/iis2dlpc/iis2dlpc.o
                0x0000000008001a90                IIS2DLPC_ACC_GetFullScale
 .text.IIS2DLPC_ACC_SetFullScale
                0x0000000008001b14       0x50 ./Drivers/BSP/Components/iis2dlpc/iis2dlpc.o
                0x0000000008001b14                IIS2DLPC_ACC_SetFullScale
 .text.IIS2DLPC_ACC_GetAxesRaw
                0x0000000008001b64      0x148 ./Drivers/BSP/Components/iis2dlpc/iis2dlpc.o
                0x0000000008001b64                IIS2DLPC_ACC_GetAxesRaw
 .text.IIS2DLPC_ACC_GetAxes
                0x0000000008001cac       0xaa ./Drivers/BSP/Components/iis2dlpc/iis2dlpc.o
                0x0000000008001cac                IIS2DLPC_ACC_GetAxes
 .text.IIS2DLPC_Write_Reg
                0x0000000008001d56       0x36 ./Drivers/BSP/Components/iis2dlpc/iis2dlpc.o
                0x0000000008001d56                IIS2DLPC_Write_Reg
 .text.IIS2DLPC_ACC_SetOutputDataRate_When_Enabled
                0x0000000008001d8c      0x238 ./Drivers/BSP/Components/iis2dlpc/iis2dlpc.o
 .text.IIS2DLPC_ACC_SetOutputDataRate_When_Disabled
                0x0000000008001fc4      0x124 ./Drivers/BSP/Components/iis2dlpc/iis2dlpc.o
 .text.ReadRegWrap
                0x00000000080020e8       0x36 ./Drivers/BSP/Components/iis2dlpc/iis2dlpc.o
 .text.WriteRegWrap
                0x000000000800211e       0x36 ./Drivers/BSP/Components/iis2dlpc/iis2dlpc.o
 .text.iis2dlpc_read_reg
                0x0000000008002154       0x30 ./Drivers/BSP/Components/iis2dlpc/iis2dlpc_reg.o
                0x0000000008002154                iis2dlpc_read_reg
 .text.iis2dlpc_write_reg
                0x0000000008002184       0x30 ./Drivers/BSP/Components/iis2dlpc/iis2dlpc_reg.o
                0x0000000008002184                iis2dlpc_write_reg
 .text.iis2dlpc_power_mode_set
                0x00000000080021b4       0x9c ./Drivers/BSP/Components/iis2dlpc/iis2dlpc_reg.o
                0x00000000080021b4                iis2dlpc_power_mode_set
 .text.iis2dlpc_power_mode_get
                0x0000000008002250      0x174 ./Drivers/BSP/Components/iis2dlpc/iis2dlpc_reg.o
                0x0000000008002250                iis2dlpc_power_mode_get
 .text.iis2dlpc_data_rate_set
                0x00000000080023c4       0x8a ./Drivers/BSP/Components/iis2dlpc/iis2dlpc_reg.o
                0x00000000080023c4                iis2dlpc_data_rate_set
 *fill*         0x000000000800244e        0x2 
 .text.iis2dlpc_data_rate_get
                0x0000000008002450      0x150 ./Drivers/BSP/Components/iis2dlpc/iis2dlpc_reg.o
                0x0000000008002450                iis2dlpc_data_rate_get
 .text.iis2dlpc_block_data_update_set
                0x00000000080025a0       0x4c ./Drivers/BSP/Components/iis2dlpc/iis2dlpc_reg.o
                0x00000000080025a0                iis2dlpc_block_data_update_set
 .text.iis2dlpc_full_scale_set
                0x00000000080025ec       0x4c ./Drivers/BSP/Components/iis2dlpc/iis2dlpc_reg.o
                0x00000000080025ec                iis2dlpc_full_scale_set
 .text.iis2dlpc_full_scale_get
                0x0000000008002638       0x70 ./Drivers/BSP/Components/iis2dlpc/iis2dlpc_reg.o
                0x0000000008002638                iis2dlpc_full_scale_get
 .text.iis2dlpc_acceleration_raw_get
                0x00000000080026a8       0x96 ./Drivers/BSP/Components/iis2dlpc/iis2dlpc_reg.o
                0x00000000080026a8                iis2dlpc_acceleration_raw_get
 .text.iis2dlpc_device_id_get
                0x000000000800273e       0x22 ./Drivers/BSP/Components/iis2dlpc/iis2dlpc_reg.o
                0x000000000800273e                iis2dlpc_device_id_get
 .text.iis2dlpc_auto_increment_set
                0x0000000008002760       0x4c ./Drivers/BSP/Components/iis2dlpc/iis2dlpc_reg.o
                0x0000000008002760                iis2dlpc_auto_increment_set
 .text.iis2dlpc_fifo_mode_set
                0x00000000080027ac       0x4c ./Drivers/BSP/Components/iis2dlpc/iis2dlpc_reg.o
                0x00000000080027ac                iis2dlpc_fifo_mode_set
 .text.IIS2MDC_RegisterBusIO
                0x00000000080027f8       0xc8 ./Drivers/BSP/Components/iis2mdc/iis2mdc.o
                0x00000000080027f8                IIS2MDC_RegisterBusIO
 .text.IIS2MDC_Init
                0x00000000080028c0       0x7a ./Drivers/BSP/Components/iis2mdc/iis2mdc.o
                0x00000000080028c0                IIS2MDC_Init
 .text.IIS2MDC_DeInit
                0x000000000800293a       0x2c ./Drivers/BSP/Components/iis2mdc/iis2mdc.o
                0x000000000800293a                IIS2MDC_DeInit
 .text.IIS2MDC_ReadID
                0x0000000008002966       0x2c ./Drivers/BSP/Components/iis2mdc/iis2mdc.o
                0x0000000008002966                IIS2MDC_ReadID
 *fill*         0x0000000008002992        0x2 
 .text.IIS2MDC_GetCapabilities
                0x0000000008002994       0x5c ./Drivers/BSP/Components/iis2mdc/iis2mdc.o
                0x0000000008002994                IIS2MDC_GetCapabilities
 .text.IIS2MDC_MAG_Enable
                0x00000000080029f0       0x40 ./Drivers/BSP/Components/iis2mdc/iis2mdc.o
                0x00000000080029f0                IIS2MDC_MAG_Enable
 .text.IIS2MDC_MAG_Disable
                0x0000000008002a30       0x40 ./Drivers/BSP/Components/iis2mdc/iis2mdc.o
                0x0000000008002a30                IIS2MDC_MAG_Disable
 .text.IIS2MDC_MAG_GetSensitivity
                0x0000000008002a70       0x20 ./Drivers/BSP/Components/iis2mdc/iis2mdc.o
                0x0000000008002a70                IIS2MDC_MAG_GetSensitivity
 .text.IIS2MDC_MAG_GetOutputDataRate
                0x0000000008002a90       0x8c ./Drivers/BSP/Components/iis2mdc/iis2mdc.o
                0x0000000008002a90                IIS2MDC_MAG_GetOutputDataRate
 .text.IIS2MDC_MAG_SetOutputDataRate
                0x0000000008002b1c       0x7c ./Drivers/BSP/Components/iis2mdc/iis2mdc.o
                0x0000000008002b1c                IIS2MDC_MAG_SetOutputDataRate
 .text.IIS2MDC_MAG_GetFullScale
                0x0000000008002b98       0x1e ./Drivers/BSP/Components/iis2mdc/iis2mdc.o
                0x0000000008002b98                IIS2MDC_MAG_GetFullScale
 .text.IIS2MDC_MAG_SetFullScale
                0x0000000008002bb6       0x18 ./Drivers/BSP/Components/iis2mdc/iis2mdc.o
                0x0000000008002bb6                IIS2MDC_MAG_SetFullScale
 .text.IIS2MDC_MAG_GetAxesRaw
                0x0000000008002bce       0x48 ./Drivers/BSP/Components/iis2mdc/iis2mdc.o
                0x0000000008002bce                IIS2MDC_MAG_GetAxesRaw
 .text.IIS2MDC_MAG_GetAxes
                0x0000000008002c16       0x9c ./Drivers/BSP/Components/iis2mdc/iis2mdc.o
                0x0000000008002c16                IIS2MDC_MAG_GetAxes
 .text.ReadMagRegWrap
                0x0000000008002cb2       0x62 ./Drivers/BSP/Components/iis2mdc/iis2mdc.o
 .text.WriteMagRegWrap
                0x0000000008002d14       0x62 ./Drivers/BSP/Components/iis2mdc/iis2mdc.o
 .text.iis2mdc_read_reg
                0x0000000008002d76       0x30 ./Drivers/BSP/Components/iis2mdc/iis2mdc_reg.o
                0x0000000008002d76                iis2mdc_read_reg
 .text.iis2mdc_write_reg
                0x0000000008002da6       0x30 ./Drivers/BSP/Components/iis2mdc/iis2mdc_reg.o
                0x0000000008002da6                iis2mdc_write_reg
 .text.iis2mdc_operating_mode_set
                0x0000000008002dd6       0x4c ./Drivers/BSP/Components/iis2mdc/iis2mdc_reg.o
                0x0000000008002dd6                iis2mdc_operating_mode_set
 .text.iis2mdc_data_rate_set
                0x0000000008002e22       0x4c ./Drivers/BSP/Components/iis2mdc/iis2mdc_reg.o
                0x0000000008002e22                iis2mdc_data_rate_set
 *fill*         0x0000000008002e6e        0x2 
 .text.iis2mdc_data_rate_get
                0x0000000008002e70       0x70 ./Drivers/BSP/Components/iis2mdc/iis2mdc_reg.o
                0x0000000008002e70                iis2mdc_data_rate_get
 .text.iis2mdc_block_data_update_set
                0x0000000008002ee0       0x4c ./Drivers/BSP/Components/iis2mdc/iis2mdc_reg.o
                0x0000000008002ee0                iis2mdc_block_data_update_set
 .text.iis2mdc_magnetic_raw_get
                0x0000000008002f2c       0x96 ./Drivers/BSP/Components/iis2mdc/iis2mdc_reg.o
                0x0000000008002f2c                iis2mdc_magnetic_raw_get
 .text.iis2mdc_device_id_get
                0x0000000008002fc2       0x22 ./Drivers/BSP/Components/iis2mdc/iis2mdc_reg.o
                0x0000000008002fc2                iis2mdc_device_id_get
 .text.iis2mdc_self_test_set
                0x0000000008002fe4       0x4c ./Drivers/BSP/Components/iis2mdc/iis2mdc_reg.o
                0x0000000008002fe4                iis2mdc_self_test_set
 .text.iis2mdc_i2c_interface_set
                0x0000000008003030       0x4c ./Drivers/BSP/Components/iis2mdc/iis2mdc_reg.o
                0x0000000008003030                iis2mdc_i2c_interface_set
 .text.ISM330DHCX_RegisterBusIO
                0x000000000800307c       0xcc ./Drivers/BSP/Components/ism330dhcx/ism330dhcx.o
                0x000000000800307c                ISM330DHCX_RegisterBusIO
 .text.ISM330DHCX_Init
                0x0000000008003148      0x11a ./Drivers/BSP/Components/ism330dhcx/ism330dhcx.o
                0x0000000008003148                ISM330DHCX_Init
 .text.ISM330DHCX_DeInit
                0x0000000008003262       0x4e ./Drivers/BSP/Components/ism330dhcx/ism330dhcx.o
                0x0000000008003262                ISM330DHCX_DeInit
 .text.ISM330DHCX_ReadID
                0x00000000080032b0       0x2c ./Drivers/BSP/Components/ism330dhcx/ism330dhcx.o
                0x00000000080032b0                ISM330DHCX_ReadID
 .text.ISM330DHCX_GetCapabilities
                0x00000000080032dc       0x5c ./Drivers/BSP/Components/ism330dhcx/ism330dhcx.o
                0x00000000080032dc                ISM330DHCX_GetCapabilities
 .text.ISM330DHCX_ACC_Enable
                0x0000000008003338       0x48 ./Drivers/BSP/Components/ism330dhcx/ism330dhcx.o
                0x0000000008003338                ISM330DHCX_ACC_Enable
 .text.ISM330DHCX_ACC_Disable
                0x0000000008003380       0x5e ./Drivers/BSP/Components/ism330dhcx/ism330dhcx.o
                0x0000000008003380                ISM330DHCX_ACC_Disable
 *fill*         0x00000000080033de        0x2 
 .text.ISM330DHCX_ACC_GetSensitivity
                0x00000000080033e0       0x8c ./Drivers/BSP/Components/ism330dhcx/ism330dhcx.o
                0x00000000080033e0                ISM330DHCX_ACC_GetSensitivity
 .text.ISM330DHCX_ACC_GetOutputDataRate
                0x000000000800346c       0xf8 ./Drivers/BSP/Components/ism330dhcx/ism330dhcx.o
                0x000000000800346c                ISM330DHCX_ACC_GetOutputDataRate
 .text.ISM330DHCX_ACC_SetOutputDataRate
                0x0000000008003564       0x38 ./Drivers/BSP/Components/ism330dhcx/ism330dhcx.o
                0x0000000008003564                ISM330DHCX_ACC_SetOutputDataRate
 .text.ISM330DHCX_ACC_GetFullScale
                0x000000000800359c       0x7c ./Drivers/BSP/Components/ism330dhcx/ism330dhcx.o
                0x000000000800359c                ISM330DHCX_ACC_GetFullScale
 .text.ISM330DHCX_ACC_SetFullScale
                0x0000000008003618       0x50 ./Drivers/BSP/Components/ism330dhcx/ism330dhcx.o
                0x0000000008003618                ISM330DHCX_ACC_SetFullScale
 .text.ISM330DHCX_ACC_GetAxesRaw
                0x0000000008003668       0x48 ./Drivers/BSP/Components/ism330dhcx/ism330dhcx.o
                0x0000000008003668                ISM330DHCX_ACC_GetAxesRaw
 .text.ISM330DHCX_ACC_GetAxes
                0x00000000080036b0       0xae ./Drivers/BSP/Components/ism330dhcx/ism330dhcx.o
                0x00000000080036b0                ISM330DHCX_ACC_GetAxes
 .text.ISM330DHCX_GYRO_Enable
                0x000000000800375e       0x48 ./Drivers/BSP/Components/ism330dhcx/ism330dhcx.o
                0x000000000800375e                ISM330DHCX_GYRO_Enable
 .text.ISM330DHCX_GYRO_Disable
                0x00000000080037a6       0x5e ./Drivers/BSP/Components/ism330dhcx/ism330dhcx.o
                0x00000000080037a6                ISM330DHCX_GYRO_Disable
 .text.ISM330DHCX_GYRO_GetSensitivity
                0x0000000008003804       0xbc ./Drivers/BSP/Components/ism330dhcx/ism330dhcx.o
                0x0000000008003804                ISM330DHCX_GYRO_GetSensitivity
 .text.ISM330DHCX_GYRO_GetOutputDataRate
                0x00000000080038c0       0xf8 ./Drivers/BSP/Components/ism330dhcx/ism330dhcx.o
                0x00000000080038c0                ISM330DHCX_GYRO_GetOutputDataRate
 .text.ISM330DHCX_GYRO_SetOutputDataRate
                0x00000000080039b8       0x38 ./Drivers/BSP/Components/ism330dhcx/ism330dhcx.o
                0x00000000080039b8                ISM330DHCX_GYRO_SetOutputDataRate
 .text.ISM330DHCX_GYRO_GetFullScale
                0x00000000080039f0       0xac ./Drivers/BSP/Components/ism330dhcx/ism330dhcx.o
                0x00000000080039f0                ISM330DHCX_GYRO_GetFullScale
 .text.ISM330DHCX_GYRO_SetFullScale
                0x0000000008003a9c       0x5e ./Drivers/BSP/Components/ism330dhcx/ism330dhcx.o
                0x0000000008003a9c                ISM330DHCX_GYRO_SetFullScale
 .text.ISM330DHCX_GYRO_GetAxesRaw
                0x0000000008003afa       0x48 ./Drivers/BSP/Components/ism330dhcx/ism330dhcx.o
                0x0000000008003afa                ISM330DHCX_GYRO_GetAxesRaw
 .text.ISM330DHCX_GYRO_GetAxes
                0x0000000008003b42       0xa8 ./Drivers/BSP/Components/ism330dhcx/ism330dhcx.o
                0x0000000008003b42                ISM330DHCX_GYRO_GetAxes
 .text.ISM330DHCX_Write_Reg
                0x0000000008003bea       0x36 ./Drivers/BSP/Components/ism330dhcx/ism330dhcx.o
                0x0000000008003bea                ISM330DHCX_Write_Reg
 .text.ISM330DHCX_ACC_SetOutputDataRate_When_Enabled
                0x0000000008003c20      0x118 ./Drivers/BSP/Components/ism330dhcx/ism330dhcx.o
 .text.ISM330DHCX_ACC_SetOutputDataRate_When_Disabled
                0x0000000008003d38      0x104 ./Drivers/BSP/Components/ism330dhcx/ism330dhcx.o
 .text.ISM330DHCX_GYRO_SetOutputDataRate_When_Enabled
                0x0000000008003e3c      0x118 ./Drivers/BSP/Components/ism330dhcx/ism330dhcx.o
 .text.ISM330DHCX_GYRO_SetOutputDataRate_When_Disabled
                0x0000000008003f54      0x104 ./Drivers/BSP/Components/ism330dhcx/ism330dhcx.o
 .text.ReadRegWrap
                0x0000000008004058       0x36 ./Drivers/BSP/Components/ism330dhcx/ism330dhcx.o
 .text.WriteRegWrap
                0x000000000800408e       0x36 ./Drivers/BSP/Components/ism330dhcx/ism330dhcx.o
 .text.ism330dhcx_read_reg
                0x00000000080040c4       0x30 ./Drivers/BSP/Components/ism330dhcx/ism330dhcx_reg.o
                0x00000000080040c4                ism330dhcx_read_reg
 .text.ism330dhcx_write_reg
                0x00000000080040f4       0x30 ./Drivers/BSP/Components/ism330dhcx/ism330dhcx_reg.o
                0x00000000080040f4                ism330dhcx_write_reg
 .text.ism330dhcx_xl_full_scale_set
                0x0000000008004124       0x4c ./Drivers/BSP/Components/ism330dhcx/ism330dhcx_reg.o
                0x0000000008004124                ism330dhcx_xl_full_scale_set
 .text.ism330dhcx_xl_full_scale_get
                0x0000000008004170       0x70 ./Drivers/BSP/Components/ism330dhcx/ism330dhcx_reg.o
                0x0000000008004170                ism330dhcx_xl_full_scale_get
 .text.ism330dhcx_xl_data_rate_set
                0x00000000080041e0      0x2e0 ./Drivers/BSP/Components/ism330dhcx/ism330dhcx_reg.o
                0x00000000080041e0                ism330dhcx_xl_data_rate_set
 .text.ism330dhcx_xl_data_rate_get
                0x00000000080044c0       0xd0 ./Drivers/BSP/Components/ism330dhcx/ism330dhcx_reg.o
                0x00000000080044c0                ism330dhcx_xl_data_rate_get
 .text.ism330dhcx_gy_full_scale_set
                0x0000000008004590       0x4c ./Drivers/BSP/Components/ism330dhcx/ism330dhcx_reg.o
                0x0000000008004590                ism330dhcx_gy_full_scale_set
 .text.ism330dhcx_gy_full_scale_get
                0x00000000080045dc       0xa4 ./Drivers/BSP/Components/ism330dhcx/ism330dhcx_reg.o
                0x00000000080045dc                ism330dhcx_gy_full_scale_get
 .text.ism330dhcx_gy_data_rate_set
                0x0000000008004680      0x2e0 ./Drivers/BSP/Components/ism330dhcx/ism330dhcx_reg.o
                0x0000000008004680                ism330dhcx_gy_data_rate_set
 .text.ism330dhcx_gy_data_rate_get
                0x0000000008004960       0xc4 ./Drivers/BSP/Components/ism330dhcx/ism330dhcx_reg.o
                0x0000000008004960                ism330dhcx_gy_data_rate_get
 .text.ism330dhcx_block_data_update_set
                0x0000000008004a24       0x4c ./Drivers/BSP/Components/ism330dhcx/ism330dhcx_reg.o
                0x0000000008004a24                ism330dhcx_block_data_update_set
 .text.ism330dhcx_angular_rate_raw_get
                0x0000000008004a70       0x96 ./Drivers/BSP/Components/ism330dhcx/ism330dhcx_reg.o
                0x0000000008004a70                ism330dhcx_angular_rate_raw_get
 .text.ism330dhcx_acceleration_raw_get
                0x0000000008004b06       0x96 ./Drivers/BSP/Components/ism330dhcx/ism330dhcx_reg.o
                0x0000000008004b06                ism330dhcx_acceleration_raw_get
 .text.ism330dhcx_device_conf_set
                0x0000000008004b9c       0x4c ./Drivers/BSP/Components/ism330dhcx/ism330dhcx_reg.o
                0x0000000008004b9c                ism330dhcx_device_conf_set
 .text.ism330dhcx_mem_bank_set
                0x0000000008004be8       0x4c ./Drivers/BSP/Components/ism330dhcx/ism330dhcx_reg.o
                0x0000000008004be8                ism330dhcx_mem_bank_set
 .text.ism330dhcx_device_id_get
                0x0000000008004c34       0x22 ./Drivers/BSP/Components/ism330dhcx/ism330dhcx_reg.o
                0x0000000008004c34                ism330dhcx_device_id_get
 .text.ism330dhcx_reset_set
                0x0000000008004c56       0x4c ./Drivers/BSP/Components/ism330dhcx/ism330dhcx_reg.o
                0x0000000008004c56                ism330dhcx_reset_set
 .text.ism330dhcx_auto_increment_set
                0x0000000008004ca2       0x4c ./Drivers/BSP/Components/ism330dhcx/ism330dhcx_reg.o
                0x0000000008004ca2                ism330dhcx_auto_increment_set
 .text.ism330dhcx_fifo_mode_set
                0x0000000008004cee       0x4c ./Drivers/BSP/Components/ism330dhcx/ism330dhcx_reg.o
                0x0000000008004cee                ism330dhcx_fifo_mode_set
 .text.ism330dhcx_fsm_enable_get
                0x0000000008004d3a       0x58 ./Drivers/BSP/Components/ism330dhcx/ism330dhcx_reg.o
                0x0000000008004d3a                ism330dhcx_fsm_enable_get
 *fill*         0x0000000008004d92        0x2 
 .text.ism330dhcx_fsm_data_rate_get
                0x0000000008004d94       0x90 ./Drivers/BSP/Components/ism330dhcx/ism330dhcx_reg.o
                0x0000000008004d94                ism330dhcx_fsm_data_rate_get
 .text.ism330dhcx_mlc_get
                0x0000000008004e24       0x52 ./Drivers/BSP/Components/ism330dhcx/ism330dhcx_reg.o
                0x0000000008004e24                ism330dhcx_mlc_get
 *fill*         0x0000000008004e76        0x2 
 .text.ism330dhcx_mlc_data_rate_get
                0x0000000008004e78       0x90 ./Drivers/BSP/Components/ism330dhcx/ism330dhcx_reg.o
                0x0000000008004e78                ism330dhcx_mlc_data_rate_get
 .text.IKS02A1_MOTION_SENSOR_Init
                0x0000000008004f08      0x1f8 ./Drivers/BSP/IKS02A1/iks02a1_motion_sensors.o
                0x0000000008004f08                IKS02A1_MOTION_SENSOR_Init
 .text.IKS02A1_MOTION_SENSOR_GetAxes
                0x0000000008005100       0x88 ./Drivers/BSP/IKS02A1/iks02a1_motion_sensors.o
                0x0000000008005100                IKS02A1_MOTION_SENSOR_GetAxes
 .text.ISM330DHCX_0_Probe
                0x0000000008005188      0x178 ./Drivers/BSP/IKS02A1/iks02a1_motion_sensors.o
 .text.IIS2DLPC_0_Probe
                0x0000000008005300      0x150 ./Drivers/BSP/IKS02A1/iks02a1_motion_sensors.o
 .text.IIS2MDC_0_Probe
                0x0000000008005450      0x150 ./Drivers/BSP/IKS02A1/iks02a1_motion_sensors.o
 .text.HAL_Init
                0x00000000080055a0       0x1a ./Drivers/STM32F7xx_HAL_Driver/Src/stm32f7xx_hal.o
                0x00000000080055a0                HAL_Init
 *fill*         0x00000000080055ba        0x2 
 .text.HAL_InitTick
                0x00000000080055bc       0x60 ./Drivers/STM32F7xx_HAL_Driver/Src/stm32f7xx_hal.o
                0x00000000080055bc                HAL_InitTick
 .text.HAL_IncTick
                0x000000000800561c       0x28 ./Drivers/STM32F7xx_HAL_Driver/Src/stm32f7xx_hal.o
                0x000000000800561c                HAL_IncTick
 .text.HAL_GetTick
                0x0000000008005644       0x18 ./Drivers/STM32F7xx_HAL_Driver/Src/stm32f7xx_hal.o
                0x0000000008005644                HAL_GetTick
 .text.HAL_Delay
                0x000000000800565c       0x48 ./Drivers/STM32F7xx_HAL_Driver/Src/stm32f7xx_hal.o
                0x000000000800565c                HAL_Delay
 .text.__NVIC_SetPriorityGrouping
                0x00000000080056a4       0x48 ./Drivers/STM32F7xx_HAL_Driver/Src/stm32f7xx_hal_cortex.o
 .text.__NVIC_GetPriorityGrouping
                0x00000000080056ec       0x1c ./Drivers/STM32F7xx_HAL_Driver/Src/stm32f7xx_hal_cortex.o
 .text.__NVIC_EnableIRQ
                0x0000000008005708       0x3c ./Drivers/STM32F7xx_HAL_Driver/Src/stm32f7xx_hal_cortex.o
 .text.__NVIC_SetPriority
                0x0000000008005744       0x54 ./Drivers/STM32F7xx_HAL_Driver/Src/stm32f7xx_hal_cortex.o
 .text.NVIC_EncodePriority
                0x0000000008005798       0x66 ./Drivers/STM32F7xx_HAL_Driver/Src/stm32f7xx_hal_cortex.o
 *fill*         0x00000000080057fe        0x2 
 .text.SysTick_Config
                0x0000000008005800       0x44 ./Drivers/STM32F7xx_HAL_Driver/Src/stm32f7xx_hal_cortex.o
 .text.HAL_NVIC_SetPriorityGrouping
                0x0000000008005844       0x16 ./Drivers/STM32F7xx_HAL_Driver/Src/stm32f7xx_hal_cortex.o
                0x0000000008005844                HAL_NVIC_SetPriorityGrouping
 .text.HAL_NVIC_SetPriority
                0x000000000800585a       0x38 ./Drivers/STM32F7xx_HAL_Driver/Src/stm32f7xx_hal_cortex.o
                0x000000000800585a                HAL_NVIC_SetPriority
 .text.HAL_NVIC_EnableIRQ
                0x0000000008005892       0x1c ./Drivers/STM32F7xx_HAL_Driver/Src/stm32f7xx_hal_cortex.o
                0x0000000008005892                HAL_NVIC_EnableIRQ
 .text.HAL_SYSTICK_Config
                0x00000000080058ae       0x18 ./Drivers/STM32F7xx_HAL_Driver/Src/stm32f7xx_hal_cortex.o
                0x00000000080058ae                HAL_SYSTICK_Config
 .text.HAL_DMA_Abort
                0x00000000080058c6       0xe0 ./Drivers/STM32F7xx_HAL_Driver/Src/stm32f7xx_hal_dma.o
                0x00000000080058c6                HAL_DMA_Abort
 .text.HAL_DMA_Abort_IT
                0x00000000080059a6       0x44 ./Drivers/STM32F7xx_HAL_Driver/Src/stm32f7xx_hal_dma.o
                0x00000000080059a6                HAL_DMA_Abort_IT
 .text.HAL_EXTI_RegisterCallback
                0x00000000080059ea       0x34 ./Drivers/STM32F7xx_HAL_Driver/Src/stm32f7xx_hal_exti.o
                0x00000000080059ea                HAL_EXTI_RegisterCallback
 .text.HAL_EXTI_GetHandle
                0x0000000008005a1e       0x28 ./Drivers/STM32F7xx_HAL_Driver/Src/stm32f7xx_hal_exti.o
                0x0000000008005a1e                HAL_EXTI_GetHandle
 *fill*         0x0000000008005a46        0x2 
 .text.HAL_GPIO_Init
                0x0000000008005a48      0x358 ./Drivers/STM32F7xx_HAL_Driver/Src/stm32f7xx_hal_gpio.o
                0x0000000008005a48                HAL_GPIO_Init
 .text.HAL_GPIO_DeInit
                0x0000000008005da0      0x218 ./Drivers/STM32F7xx_HAL_Driver/Src/stm32f7xx_hal_gpio.o
                0x0000000008005da0                HAL_GPIO_DeInit
 .text.HAL_GPIO_ReadPin
                0x0000000008005fb8       0x30 ./Drivers/STM32F7xx_HAL_Driver/Src/stm32f7xx_hal_gpio.o
                0x0000000008005fb8                HAL_GPIO_ReadPin
 .text.HAL_GPIO_WritePin
                0x0000000008005fe8       0x32 ./Drivers/STM32F7xx_HAL_Driver/Src/stm32f7xx_hal_gpio.o
                0x0000000008005fe8                HAL_GPIO_WritePin
 *fill*         0x000000000800601a        0x2 
 .text.HAL_GPIO_EXTI_IRQHandler
                0x000000000800601c       0x30 ./Drivers/STM32F7xx_HAL_Driver/Src/stm32f7xx_hal_gpio.o
                0x000000000800601c                HAL_GPIO_EXTI_IRQHandler
 .text.HAL_GPIO_EXTI_Callback
                0x000000000800604c       0x16 ./Drivers/STM32F7xx_HAL_Driver/Src/stm32f7xx_hal_gpio.o
                0x000000000800604c                HAL_GPIO_EXTI_Callback
 *fill*         0x0000000008006062        0x2 
 .text.HAL_I2C_Init
                0x0000000008006064      0x120 ./Drivers/STM32F7xx_HAL_Driver/Src/stm32f7xx_hal_i2c.o
                0x0000000008006064                HAL_I2C_Init
 .text.HAL_I2C_DeInit
                0x0000000008006184       0x5e ./Drivers/STM32F7xx_HAL_Driver/Src/stm32f7xx_hal_i2c.o
                0x0000000008006184                HAL_I2C_DeInit
 .text.HAL_I2C_MspInit
                0x00000000080061e2       0x14 ./Drivers/STM32F7xx_HAL_Driver/Src/stm32f7xx_hal_i2c.o
                0x00000000080061e2                HAL_I2C_MspInit
 .text.HAL_I2C_MspDeInit
                0x00000000080061f6       0x14 ./Drivers/STM32F7xx_HAL_Driver/Src/stm32f7xx_hal_i2c.o
                0x00000000080061f6                HAL_I2C_MspDeInit
 *fill*         0x000000000800620a        0x2 
 .text.HAL_I2C_Mem_Write
                0x000000000800620c      0x228 ./Drivers/STM32F7xx_HAL_Driver/Src/stm32f7xx_hal_i2c.o
                0x000000000800620c                HAL_I2C_Mem_Write
 .text.HAL_I2C_Mem_Read
                0x0000000008006434      0x234 ./Drivers/STM32F7xx_HAL_Driver/Src/stm32f7xx_hal_i2c.o
                0x0000000008006434                HAL_I2C_Mem_Read
 .text.HAL_I2C_GetState
                0x0000000008006668       0x1c ./Drivers/STM32F7xx_HAL_Driver/Src/stm32f7xx_hal_i2c.o
                0x0000000008006668                HAL_I2C_GetState
 .text.HAL_I2C_GetError
                0x0000000008006684       0x18 ./Drivers/STM32F7xx_HAL_Driver/Src/stm32f7xx_hal_i2c.o
                0x0000000008006684                HAL_I2C_GetError
 .text.I2C_RequestMemoryWrite
                0x000000000800669c       0xa8 ./Drivers/STM32F7xx_HAL_Driver/Src/stm32f7xx_hal_i2c.o
 .text.I2C_RequestMemoryRead
                0x0000000008006744       0xa8 ./Drivers/STM32F7xx_HAL_Driver/Src/stm32f7xx_hal_i2c.o
 .text.I2C_Flush_TXDR
                0x00000000080067ec       0x48 ./Drivers/STM32F7xx_HAL_Driver/Src/stm32f7xx_hal_i2c.o
 .text.I2C_WaitOnFlagUntilTimeout
                0x0000000008006834       0x80 ./Drivers/STM32F7xx_HAL_Driver/Src/stm32f7xx_hal_i2c.o
 .text.I2C_WaitOnTXISFlagUntilTimeout
                0x00000000080068b4       0x80 ./Drivers/STM32F7xx_HAL_Driver/Src/stm32f7xx_hal_i2c.o
 .text.I2C_WaitOnSTOPFlagUntilTimeout
                0x0000000008006934       0x78 ./Drivers/STM32F7xx_HAL_Driver/Src/stm32f7xx_hal_i2c.o
 .text.I2C_IsErrorOccurred
                0x00000000080069ac      0x1d8 ./Drivers/STM32F7xx_HAL_Driver/Src/stm32f7xx_hal_i2c.o
 .text.I2C_TransferConfig
                0x0000000008006b84       0x64 ./Drivers/STM32F7xx_HAL_Driver/Src/stm32f7xx_hal_i2c.o
 .text.HAL_I2CEx_ConfigAnalogFilter
                0x0000000008006be8       0x96 ./Drivers/STM32F7xx_HAL_Driver/Src/stm32f7xx_hal_i2c_ex.o
                0x0000000008006be8                HAL_I2CEx_ConfigAnalogFilter
 .text.HAL_I2CEx_ConfigDigitalFilter
                0x0000000008006c7e       0x98 ./Drivers/STM32F7xx_HAL_Driver/Src/stm32f7xx_hal_i2c_ex.o
                0x0000000008006c7e                HAL_I2CEx_ConfigDigitalFilter
 *fill*         0x0000000008006d16        0x2 
 .text.HAL_PWR_EnableBkUpAccess
                0x0000000008006d18       0x20 ./Drivers/STM32F7xx_HAL_Driver/Src/stm32f7xx_hal_pwr.o
                0x0000000008006d18                HAL_PWR_EnableBkUpAccess
 .text.HAL_PWREx_EnableOverDrive
                0x0000000008006d38       0xa0 ./Drivers/STM32F7xx_HAL_Driver/Src/stm32f7xx_hal_pwr_ex.o
                0x0000000008006d38                HAL_PWREx_EnableOverDrive
 .text.HAL_RCC_OscConfig
                0x0000000008006dd8      0x55c ./Drivers/STM32F7xx_HAL_Driver/Src/stm32f7xx_hal_rcc.o
                0x0000000008006dd8                HAL_RCC_OscConfig
 .text.HAL_RCC_ClockConfig
                0x0000000008007334      0x1d8 ./Drivers/STM32F7xx_HAL_Driver/Src/stm32f7xx_hal_rcc.o
                0x0000000008007334                HAL_RCC_ClockConfig
 .text.HAL_RCC_GetSysClockFreq
                0x000000000800750c      0x1c4 ./Drivers/STM32F7xx_HAL_Driver/Src/stm32f7xx_hal_rcc.o
                0x000000000800750c                HAL_RCC_GetSysClockFreq
 .text.HAL_RCC_GetHCLKFreq
                0x00000000080076d0       0x18 ./Drivers/STM32F7xx_HAL_Driver/Src/stm32f7xx_hal_rcc.o
                0x00000000080076d0                HAL_RCC_GetHCLKFreq
 .text.HAL_RCC_GetPCLK1Freq
                0x00000000080076e8       0x28 ./Drivers/STM32F7xx_HAL_Driver/Src/stm32f7xx_hal_rcc.o
                0x00000000080076e8                HAL_RCC_GetPCLK1Freq
 .text.HAL_RCC_GetPCLK2Freq
                0x0000000008007710       0x28 ./Drivers/STM32F7xx_HAL_Driver/Src/stm32f7xx_hal_rcc.o
                0x0000000008007710                HAL_RCC_GetPCLK2Freq
 .text.HAL_RCCEx_PeriphCLKConfig
                0x0000000008007738      0x850 ./Drivers/STM32F7xx_HAL_Driver/Src/stm32f7xx_hal_rcc_ex.o
                0x0000000008007738                HAL_RCCEx_PeriphCLKConfig
 .text.HAL_TIM_Base_Init
                0x0000000008007f88       0xae ./Drivers/STM32F7xx_HAL_Driver/Src/stm32f7xx_hal_tim.o
                0x0000000008007f88                HAL_TIM_Base_Init
 .text.HAL_TIM_IRQHandler
                0x0000000008008036      0x23e ./Drivers/STM32F7xx_HAL_Driver/Src/stm32f7xx_hal_tim.o
                0x0000000008008036                HAL_TIM_IRQHandler
 .text.HAL_TIM_ConfigClockSource
                0x0000000008008274      0x194 ./Drivers/STM32F7xx_HAL_Driver/Src/stm32f7xx_hal_tim.o
                0x0000000008008274                HAL_TIM_ConfigClockSource
 .text.HAL_TIM_PeriodElapsedCallback
                0x0000000008008408       0x14 ./Drivers/STM32F7xx_HAL_Driver/Src/stm32f7xx_hal_tim.o
                0x0000000008008408                HAL_TIM_PeriodElapsedCallback
 .text.HAL_TIM_OC_DelayElapsedCallback
                0x000000000800841c       0x14 ./Drivers/STM32F7xx_HAL_Driver/Src/stm32f7xx_hal_tim.o
                0x000000000800841c                HAL_TIM_OC_DelayElapsedCallback
 .text.HAL_TIM_IC_CaptureCallback
                0x0000000008008430       0x14 ./Drivers/STM32F7xx_HAL_Driver/Src/stm32f7xx_hal_tim.o
                0x0000000008008430                HAL_TIM_IC_CaptureCallback
 .text.HAL_TIM_PWM_PulseFinishedCallback
                0x0000000008008444       0x14 ./Drivers/STM32F7xx_HAL_Driver/Src/stm32f7xx_hal_tim.o
                0x0000000008008444                HAL_TIM_PWM_PulseFinishedCallback
 .text.HAL_TIM_TriggerCallback
                0x0000000008008458       0x14 ./Drivers/STM32F7xx_HAL_Driver/Src/stm32f7xx_hal_tim.o
                0x0000000008008458                HAL_TIM_TriggerCallback
 .text.TIM_Base_SetConfig
                0x000000000800846c      0x140 ./Drivers/STM32F7xx_HAL_Driver/Src/stm32f7xx_hal_tim.o
                0x000000000800846c                TIM_Base_SetConfig
 .text.TIM_TI1_ConfigInputStage
                0x00000000080085ac       0x5e ./Drivers/STM32F7xx_HAL_Driver/Src/stm32f7xx_hal_tim.o
 .text.TIM_TI2_ConfigInputStage
                0x000000000800860a       0x60 ./Drivers/STM32F7xx_HAL_Driver/Src/stm32f7xx_hal_tim.o
 .text.TIM_ITRx_SetConfig
                0x000000000800866a       0x36 ./Drivers/STM32F7xx_HAL_Driver/Src/stm32f7xx_hal_tim.o
 .text.TIM_ETR_SetConfig
                0x00000000080086a0       0x40 ./Drivers/STM32F7xx_HAL_Driver/Src/stm32f7xx_hal_tim.o
                0x00000000080086a0                TIM_ETR_SetConfig
 .text.HAL_TIMEx_MasterConfigSynchronization
                0x00000000080086e0      0x11c ./Drivers/STM32F7xx_HAL_Driver/Src/stm32f7xx_hal_tim_ex.o
                0x00000000080086e0                HAL_TIMEx_MasterConfigSynchronization
 .text.HAL_TIMEx_CommutCallback
                0x00000000080087fc       0x14 ./Drivers/STM32F7xx_HAL_Driver/Src/stm32f7xx_hal_tim_ex.o
                0x00000000080087fc                HAL_TIMEx_CommutCallback
 .text.HAL_TIMEx_BreakCallback
                0x0000000008008810       0x14 ./Drivers/STM32F7xx_HAL_Driver/Src/stm32f7xx_hal_tim_ex.o
                0x0000000008008810                HAL_TIMEx_BreakCallback
 .text.HAL_TIMEx_Break2Callback
                0x0000000008008824       0x14 ./Drivers/STM32F7xx_HAL_Driver/Src/stm32f7xx_hal_tim_ex.o
                0x0000000008008824                HAL_TIMEx_Break2Callback
 .text.HAL_UART_Init
                0x0000000008008838       0x9c ./Drivers/STM32F7xx_HAL_Driver/Src/stm32f7xx_hal_uart.o
                0x0000000008008838                HAL_UART_Init
 .text.HAL_UART_Transmit_IT
                0x00000000080088d4       0xdc ./Drivers/STM32F7xx_HAL_Driver/Src/stm32f7xx_hal_uart.o
                0x00000000080088d4                HAL_UART_Transmit_IT
 .text.HAL_UART_IRQHandler
                0x00000000080089b0      0x5c0 ./Drivers/STM32F7xx_HAL_Driver/Src/stm32f7xx_hal_uart.o
                0x00000000080089b0                HAL_UART_IRQHandler
 .text.HAL_UART_TxCpltCallback
                0x0000000008008f70       0x14 ./Drivers/STM32F7xx_HAL_Driver/Src/stm32f7xx_hal_uart.o
                0x0000000008008f70                HAL_UART_TxCpltCallback
 .text.HAL_UART_ErrorCallback
                0x0000000008008f84       0x14 ./Drivers/STM32F7xx_HAL_Driver/Src/stm32f7xx_hal_uart.o
                0x0000000008008f84                HAL_UART_ErrorCallback
 .text.HAL_UARTEx_RxEventCallback
                0x0000000008008f98       0x18 ./Drivers/STM32F7xx_HAL_Driver/Src/stm32f7xx_hal_uart.o
                0x0000000008008f98                HAL_UARTEx_RxEventCallback
 .text.HAL_UARTEx_WakeupCallback
                0x0000000008008fb0       0x14 ./Drivers/STM32F7xx_HAL_Driver/Src/stm32f7xx_hal_uart.o
                0x0000000008008fb0                HAL_UARTEx_WakeupCallback
 .text.UART_SetConfig
                0x0000000008008fc4      0x4c4 ./Drivers/STM32F7xx_HAL_Driver/Src/stm32f7xx_hal_uart.o
                0x0000000008008fc4                UART_SetConfig
 .text.UART_AdvFeatureConfig
                0x0000000008009488      0x144 ./Drivers/STM32F7xx_HAL_Driver/Src/stm32f7xx_hal_uart.o
                0x0000000008009488                UART_AdvFeatureConfig
 .text.UART_CheckIdleState
                0x00000000080095cc       0x92 ./Drivers/STM32F7xx_HAL_Driver/Src/stm32f7xx_hal_uart.o
                0x00000000080095cc                UART_CheckIdleState
 .text.UART_WaitOnFlagUntilTimeout
                0x000000000800965e      0x188 ./Drivers/STM32F7xx_HAL_Driver/Src/stm32f7xx_hal_uart.o
                0x000000000800965e                UART_WaitOnFlagUntilTimeout
 .text.UART_EndRxTransfer
                0x00000000080097e6       0xc6 ./Drivers/STM32F7xx_HAL_Driver/Src/stm32f7xx_hal_uart.o
 .text.UART_DMAAbortOnError
                0x00000000080098ac       0x2c ./Drivers/STM32F7xx_HAL_Driver/Src/stm32f7xx_hal_uart.o
 .text.UART_TxISR_8BIT
                0x00000000080098d8       0xb6 ./Drivers/STM32F7xx_HAL_Driver/Src/stm32f7xx_hal_uart.o
 .text.UART_TxISR_16BIT
                0x000000000800998e       0xc0 ./Drivers/STM32F7xx_HAL_Driver/Src/stm32f7xx_hal_uart.o
 .text.UART_EndTransmit_IT
                0x0000000008009a4e       0x54 ./Drivers/STM32F7xx_HAL_Driver/Src/stm32f7xx_hal_uart.o
 *fill*         0x0000000008009aa2        0x2 
 .text.__errno  0x0000000008009aa4        0xc c:/st/stm32cubeide_1.8.0/stm32cubeide/plugins/com.st.stm32cube.ide.mcu.externaltools.gnu-tools-for-stm32.9-2020-q2-update.win32_2.0.0.202105311346/tools/bin/../lib/gcc/arm-none-eabi/9.3.1/../../../../arm-none-eabi/lib/thumb/v7e-m+dp/hard\libc_nano.a(lib_a-errno.o)
                0x0000000008009aa4                __errno
 .text.__libc_init_array
                0x0000000008009ab0       0x48 c:/st/stm32cubeide_1.8.0/stm32cubeide/plugins/com.st.stm32cube.ide.mcu.externaltools.gnu-tools-for-stm32.9-2020-q2-update.win32_2.0.0.202105311346/tools/bin/../lib/gcc/arm-none-eabi/9.3.1/../../../../arm-none-eabi/lib/thumb/v7e-m+dp/hard\libc_nano.a(lib_a-init.o)
                0x0000000008009ab0                __libc_init_array
 .text.memset   0x0000000008009af8       0x10 c:/st/stm32cubeide_1.8.0/stm32cubeide/plugins/com.st.stm32cube.ide.mcu.externaltools.gnu-tools-for-stm32.9-2020-q2-update.win32_2.0.0.202105311346/tools/bin/../lib/gcc/arm-none-eabi/9.3.1/../../../../arm-none-eabi/lib/thumb/v7e-m+dp/hard\libc_nano.a(lib_a-memset.o)
                0x0000000008009af8                memset
 .text.sprintf  0x0000000008009b08       0x40 c:/st/stm32cubeide_1.8.0/stm32cubeide/plugins/com.st.stm32cube.ide.mcu.externaltools.gnu-tools-for-stm32.9-2020-q2-update.win32_2.0.0.202105311346/tools/bin/../lib/gcc/arm-none-eabi/9.3.1/../../../../arm-none-eabi/lib/thumb/v7e-m+dp/hard\libc_nano.a(lib_a-sprintf.o)
                0x0000000008009b08                siprintf
                0x0000000008009b08                sprintf
 .text.__ssputs_r
                0x0000000008009b48       0xb6 c:/st/stm32cubeide_1.8.0/stm32cubeide/plugins/com.st.stm32cube.ide.mcu.externaltools.gnu-tools-for-stm32.9-2020-q2-update.win32_2.0.0.202105311346/tools/bin/../lib/gcc/arm-none-eabi/9.3.1/../../../../arm-none-eabi/lib/thumb/v7e-m+dp/hard\libc_nano.a(lib_a-nano-svfprintf.o)
                0x0000000008009b48                __ssputs_r
 *fill*         0x0000000008009bfe        0x2 
 .text._svfprintf_r
                0x0000000008009c00      0x200 c:/st/stm32cubeide_1.8.0/stm32cubeide/plugins/com.st.stm32cube.ide.mcu.externaltools.gnu-tools-for-stm32.9-2020-q2-update.win32_2.0.0.202105311346/tools/bin/../lib/gcc/arm-none-eabi/9.3.1/../../../../arm-none-eabi/lib/thumb/v7e-m+dp/hard\libc_nano.a(lib_a-nano-svfprintf.o)
                0x0000000008009c00                _svfiprintf_r
                0x0000000008009c00                _svfprintf_r
 .text._printf_common
                0x0000000008009e00       0xda c:/st/stm32cubeide_1.8.0/stm32cubeide/plugins/com.st.stm32cube.ide.mcu.externaltools.gnu-tools-for-stm32.9-2020-q2-update.win32_2.0.0.202105311346/tools/bin/../lib/gcc/arm-none-eabi/9.3.1/../../../../arm-none-eabi/lib/thumb/v7e-m+dp/hard\libc_nano.a(lib_a-nano-vfprintf_i.o)
                0x0000000008009e00                _printf_common
 *fill*         0x0000000008009eda        0x2 
 .text._printf_i
                0x0000000008009edc      0x24c c:/st/stm32cubeide_1.8.0/stm32cubeide/plugins/com.st.stm32cube.ide.mcu.externaltools.gnu-tools-for-stm32.9-2020-q2-update.win32_2.0.0.202105311346/tools/bin/../lib/gcc/arm-none-eabi/9.3.1/../../../../arm-none-eabi/lib/thumb/v7e-m+dp/hard\libc_nano.a(lib_a-nano-vfprintf_i.o)
                0x0000000008009edc                _printf_i
 .text.memcpy   0x000000000800a128       0x1c c:/st/stm32cubeide_1.8.0/stm32cubeide/plugins/com.st.stm32cube.ide.mcu.externaltools.gnu-tools-for-stm32.9-2020-q2-update.win32_2.0.0.202105311346/tools/bin/../lib/gcc/arm-none-eabi/9.3.1/../../../../arm-none-eabi/lib/thumb/v7e-m+dp/hard\libc_nano.a(lib_a-memcpy-stub.o)
                0x000000000800a128                memcpy
 .text.memmove  0x000000000800a144       0x34 c:/st/stm32cubeide_1.8.0/stm32cubeide/plugins/com.st.stm32cube.ide.mcu.externaltools.gnu-tools-for-stm32.9-2020-q2-update.win32_2.0.0.202105311346/tools/bin/../lib/gcc/arm-none-eabi/9.3.1/../../../../arm-none-eabi/lib/thumb/v7e-m+dp/hard\libc_nano.a(lib_a-memmove.o)
                0x000000000800a144                memmove
 .text._free_r  0x000000000800a178       0xa0 c:/st/stm32cubeide_1.8.0/stm32cubeide/plugins/com.st.stm32cube.ide.mcu.externaltools.gnu-tools-for-stm32.9-2020-q2-update.win32_2.0.0.202105311346/tools/bin/../lib/gcc/arm-none-eabi/9.3.1/../../../../arm-none-eabi/lib/thumb/v7e-m+dp/hard\libc_nano.a(lib_a-nano-freer.o)
                0x000000000800a178                _free_r
 .text._malloc_r
                0x000000000800a218       0xb4 c:/st/stm32cubeide_1.8.0/stm32cubeide/plugins/com.st.stm32cube.ide.mcu.externaltools.gnu-tools-for-stm32.9-2020-q2-update.win32_2.0.0.202105311346/tools/bin/../lib/gcc/arm-none-eabi/9.3.1/../../../../arm-none-eabi/lib/thumb/v7e-m+dp/hard\libc_nano.a(lib_a-nano-mallocr.o)
                0x000000000800a218                _malloc_r
 .text._realloc_r
                0x000000000800a2cc       0x4c c:/st/stm32cubeide_1.8.0/stm32cubeide/plugins/com.st.stm32cube.ide.mcu.externaltools.gnu-tools-for-stm32.9-2020-q2-update.win32_2.0.0.202105311346/tools/bin/../lib/gcc/arm-none-eabi/9.3.1/../../../../arm-none-eabi/lib/thumb/v7e-m+dp/hard\libc_nano.a(lib_a-nano-reallocr.o)
                0x000000000800a2cc                _realloc_r
 .text._sbrk_r  0x000000000800a318       0x20 c:/st/stm32cubeide_1.8.0/stm32cubeide/plugins/com.st.stm32cube.ide.mcu.externaltools.gnu-tools-for-stm32.9-2020-q2-update.win32_2.0.0.202105311346/tools/bin/../lib/gcc/arm-none-eabi/9.3.1/../../../../arm-none-eabi/lib/thumb/v7e-m+dp/hard\libc_nano.a(lib_a-sbrkr.o)
                0x000000000800a318                _sbrk_r
 .text.__malloc_lock
                0x000000000800a338        0xc c:/st/stm32cubeide_1.8.0/stm32cubeide/plugins/com.st.stm32cube.ide.mcu.externaltools.gnu-tools-for-stm32.9-2020-q2-update.win32_2.0.0.202105311346/tools/bin/../lib/gcc/arm-none-eabi/9.3.1/../../../../arm-none-eabi/lib/thumb/v7e-m+dp/hard\libc_nano.a(lib_a-mlock.o)
                0x000000000800a338                __malloc_lock
 .text.__malloc_unlock
                0x000000000800a344        0xc c:/st/stm32cubeide_1.8.0/stm32cubeide/plugins/com.st.stm32cube.ide.mcu.externaltools.gnu-tools-for-stm32.9-2020-q2-update.win32_2.0.0.202105311346/tools/bin/../lib/gcc/arm-none-eabi/9.3.1/../../../../arm-none-eabi/lib/thumb/v7e-m+dp/hard\libc_nano.a(lib_a-mlock.o)
                0x000000000800a344                __malloc_unlock
 .text._malloc_usable_size_r
                0x000000000800a350       0x10 c:/st/stm32cubeide_1.8.0/stm32cubeide/plugins/com.st.stm32cube.ide.mcu.externaltools.gnu-tools-for-stm32.9-2020-q2-update.win32_2.0.0.202105311346/tools/bin/../lib/gcc/arm-none-eabi/9.3.1/../../../../arm-none-eabi/lib/thumb/v7e-m+dp/hard\libc_nano.a(lib_a-nano-msizer.o)
                0x000000000800a350                _malloc_usable_size_r
 .text.__retarget_lock_acquire_recursive
                0x000000000800a360        0x2 c:/st/stm32cubeide_1.8.0/stm32cubeide/plugins/com.st.stm32cube.ide.mcu.externaltools.gnu-tools-for-stm32.9-2020-q2-update.win32_2.0.0.202105311346/tools/bin/../lib/gcc/arm-none-eabi/9.3.1/../../../../arm-none-eabi/lib/thumb/v7e-m+dp/hard\libc_nano.a(lib_a-lock.o)
                0x000000000800a360                __retarget_lock_acquire_recursive
 .text.__retarget_lock_release_recursive
                0x000000000800a362        0x2 c:/st/stm32cubeide_1.8.0/stm32cubeide/plugins/com.st.stm32cube.ide.mcu.externaltools.gnu-tools-for-stm32.9-2020-q2-update.win32_2.0.0.202105311346/tools/bin/../lib/gcc/arm-none-eabi/9.3.1/../../../../arm-none-eabi/lib/thumb/v7e-m+dp/hard\libc_nano.a(lib_a-lock.o)
                0x000000000800a362                __retarget_lock_release_recursive
 *(.glue_7)
 .glue_7        0x000000000800a364        0x0 linker stubs
 *(.glue_7t)
 .glue_7t       0x000000000800a364        0x0 linker stubs
 *(.eh_frame)
 .eh_frame      0x000000000800a364        0x0 c:/st/stm32cubeide_1.8.0/stm32cubeide/plugins/com.st.stm32cube.ide.mcu.externaltools.gnu-tools-for-stm32.9-2020-q2-update.win32_2.0.0.202105311346/tools/bin/../lib/gcc/arm-none-eabi/9.3.1/thumb/v7e-m+dp/hard/crtbegin.o
 *(.init)
 .init          0x000000000800a364        0x4 c:/st/stm32cubeide_1.8.0/stm32cubeide/plugins/com.st.stm32cube.ide.mcu.externaltools.gnu-tools-for-stm32.9-2020-q2-update.win32_2.0.0.202105311346/tools/bin/../lib/gcc/arm-none-eabi/9.3.1/thumb/v7e-m+dp/hard/crti.o
                0x000000000800a364                _init
 .init          0x000000000800a368        0x8 c:/st/stm32cubeide_1.8.0/stm32cubeide/plugins/com.st.stm32cube.ide.mcu.externaltools.gnu-tools-for-stm32.9-2020-q2-update.win32_2.0.0.202105311346/tools/bin/../lib/gcc/arm-none-eabi/9.3.1/thumb/v7e-m+dp/hard/crtn.o
 *(.fini)
 .fini          0x000000000800a370        0x4 c:/st/stm32cubeide_1.8.0/stm32cubeide/plugins/com.st.stm32cube.ide.mcu.externaltools.gnu-tools-for-stm32.9-2020-q2-update.win32_2.0.0.202105311346/tools/bin/../lib/gcc/arm-none-eabi/9.3.1/thumb/v7e-m+dp/hard/crti.o
                0x000000000800a370                _fini
 .fini          0x000000000800a374        0x8 c:/st/stm32cubeide_1.8.0/stm32cubeide/plugins/com.st.stm32cube.ide.mcu.externaltools.gnu-tools-for-stm32.9-2020-q2-update.win32_2.0.0.202105311346/tools/bin/../lib/gcc/arm-none-eabi/9.3.1/thumb/v7e-m+dp/hard/crtn.o
                0x000000000800a37c                . = ALIGN (0x4)
                0x000000000800a37c                _etext = .

.vfp11_veneer   0x000000000800a37c        0x0
 .vfp11_veneer  0x000000000800a37c        0x0 linker stubs

.v4_bx          0x000000000800a37c        0x0
 .v4_bx         0x000000000800a37c        0x0 linker stubs

.iplt           0x000000000800a37c        0x0
 .iplt          0x000000000800a37c        0x0 c:/st/stm32cubeide_1.8.0/stm32cubeide/plugins/com.st.stm32cube.ide.mcu.externaltools.gnu-tools-for-stm32.9-2020-q2-update.win32_2.0.0.202105311346/tools/bin/../lib/gcc/arm-none-eabi/9.3.1/thumb/v7e-m+dp/hard/crtbegin.o

.rodata         0x000000000800a37c       0x90
                0x000000000800a37c                . = ALIGN (0x4)
 *(.rodata)
 .rodata        0x000000000800a37c       0x2d ./Core/Src/main.o
 *(.rodata*)
 *fill*         0x000000000800a3a9        0x3 
 .rodata.LedGpioInit.9085
                0x000000000800a3ac        0x4 ./Core/Src/stm32f7xx_nucleo.o
 .rodata.ButtonGpioInit.9113
                0x000000000800a3b0        0x4 ./Core/Src/stm32f7xx_nucleo.o
 .rodata.BUTTON_EXTI_LINE.9112
                0x000000000800a3b4        0x4 ./Core/Src/stm32f7xx_nucleo.o
 .rodata.ButtonCallback.9110
                0x000000000800a3b8        0x4 ./Core/Src/stm32f7xx_nucleo.o
 .rodata.BSP_BUTTON_PRIO.9111
                0x000000000800a3bc        0x4 ./Core/Src/stm32f7xx_nucleo.o
 .rodata.AHBPrescTable
                0x000000000800a3c0       0x10 ./Core/Src/system_stm32f7xx.o
                0x000000000800a3c0                AHBPrescTable
 .rodata.APBPrescTable
                0x000000000800a3d0        0x8 ./Core/Src/system_stm32f7xx.o
                0x000000000800a3d0                APBPrescTable
 .rodata._svfprintf_r.str1.1
                0x000000000800a3d8       0x11 c:/st/stm32cubeide_1.8.0/stm32cubeide/plugins/com.st.stm32cube.ide.mcu.externaltools.gnu-tools-for-stm32.9-2020-q2-update.win32_2.0.0.202105311346/tools/bin/../lib/gcc/arm-none-eabi/9.3.1/../../../../arm-none-eabi/lib/thumb/v7e-m+dp/hard\libc_nano.a(lib_a-nano-svfprintf.o)
 .rodata._printf_i.str1.1
                0x000000000800a3e9       0x22 c:/st/stm32cubeide_1.8.0/stm32cubeide/plugins/com.st.stm32cube.ide.mcu.externaltools.gnu-tools-for-stm32.9-2020-q2-update.win32_2.0.0.202105311346/tools/bin/../lib/gcc/arm-none-eabi/9.3.1/../../../../arm-none-eabi/lib/thumb/v7e-m+dp/hard\libc_nano.a(lib_a-nano-vfprintf_i.o)
                0x000000000800a40c                . = ALIGN (0x4)
 *fill*         0x000000000800a40b        0x1 

.ARM.extab      0x000000000800a40c        0x0
                0x000000000800a40c                . = ALIGN (0x4)
 *(.ARM.extab* .gnu.linkonce.armextab.*)
                0x000000000800a40c                . = ALIGN (0x4)

.ARM            0x000000000800a40c        0x8
                0x000000000800a40c                . = ALIGN (0x4)
                0x000000000800a40c                __exidx_start = .
 *(.ARM.exidx*)
 .ARM.exidx     0x000000000800a40c        0x8 c:/st/stm32cubeide_1.8.0/stm32cubeide/plugins/com.st.stm32cube.ide.mcu.externaltools.gnu-tools-for-stm32.9-2020-q2-update.win32_2.0.0.202105311346/tools/bin/../lib/gcc/arm-none-eabi/9.3.1/thumb/v7e-m+dp/hard\libgcc.a(_udivmoddi4.o)
                0x000000000800a414                __exidx_end = .
                0x000000000800a414                . = ALIGN (0x4)

.rel.dyn        0x000000000800a414        0x0
 .rel.iplt      0x000000000800a414        0x0 c:/st/stm32cubeide_1.8.0/stm32cubeide/plugins/com.st.stm32cube.ide.mcu.externaltools.gnu-tools-for-stm32.9-2020-q2-update.win32_2.0.0.202105311346/tools/bin/../lib/gcc/arm-none-eabi/9.3.1/thumb/v7e-m+dp/hard/crtbegin.o

.preinit_array  0x000000000800a414        0x0
                0x000000000800a414                . = ALIGN (0x4)
                0x000000000800a414                PROVIDE (__preinit_array_start = .)
 *(.preinit_array*)
                0x000000000800a414                PROVIDE (__preinit_array_end = .)
                0x000000000800a414                . = ALIGN (0x4)

.init_array     0x000000000800a414        0x4
                0x000000000800a414                . = ALIGN (0x4)
                0x000000000800a414                PROVIDE (__init_array_start = .)
 *(SORT_BY_NAME(.init_array.*))
 *(.init_array*)
 .init_array    0x000000000800a414        0x4 c:/st/stm32cubeide_1.8.0/stm32cubeide/plugins/com.st.stm32cube.ide.mcu.externaltools.gnu-tools-for-stm32.9-2020-q2-update.win32_2.0.0.202105311346/tools/bin/../lib/gcc/arm-none-eabi/9.3.1/thumb/v7e-m+dp/hard/crtbegin.o
                0x000000000800a418                PROVIDE (__init_array_end = .)
                0x000000000800a418                . = ALIGN (0x4)

.fini_array     0x000000000800a418        0x4
                0x000000000800a418                . = ALIGN (0x4)
                [!provide]                        PROVIDE (__fini_array_start = .)
 *(SORT_BY_NAME(.fini_array.*))
 *(.fini_array*)
 .fini_array    0x000000000800a418        0x4 c:/st/stm32cubeide_1.8.0/stm32cubeide/plugins/com.st.stm32cube.ide.mcu.externaltools.gnu-tools-for-stm32.9-2020-q2-update.win32_2.0.0.202105311346/tools/bin/../lib/gcc/arm-none-eabi/9.3.1/thumb/v7e-m+dp/hard/crtbegin.o
                [!provide]                        PROVIDE (__fini_array_end = .)
                0x000000000800a41c                . = ALIGN (0x4)
                0x000000000800a41c                _sidata = LOADADDR (.data)

.data           0x0000000020000000      0x150 load address 0x000000000800a41c
                0x0000000020000000                . = ALIGN (0x4)
                0x0000000020000000                _sdata = .
 *(.data)
 *(.data*)
 .data.BUTTON_PORT
                0x0000000020000000        0x4 ./Core/Src/stm32f7xx_nucleo.o
 .data.hpb_exti
                0x0000000020000004        0x8 ./Core/Src/stm32f7xx_nucleo.o
                0x0000000020000004                hpb_exti
 .data.SystemCoreClock
                0x000000002000000c        0x4 ./Core/Src/system_stm32f7xx.o
                0x000000002000000c                SystemCoreClock
 .data.IIS2DLPC_COMMON_Driver
                0x0000000020000010       0x10 ./Drivers/BSP/Components/iis2dlpc/iis2dlpc.o
                0x0000000020000010                IIS2DLPC_COMMON_Driver
 .data.IIS2DLPC_ACC_Driver
                0x0000000020000020       0x24 ./Drivers/BSP/Components/iis2dlpc/iis2dlpc.o
                0x0000000020000020                IIS2DLPC_ACC_Driver
 .data.IIS2MDC_COMMON_Driver
                0x0000000020000044       0x10 ./Drivers/BSP/Components/iis2mdc/iis2mdc.o
                0x0000000020000044                IIS2MDC_COMMON_Driver
 .data.IIS2MDC_MAG_Driver
                0x0000000020000054       0x24 ./Drivers/BSP/Components/iis2mdc/iis2mdc.o
                0x0000000020000054                IIS2MDC_MAG_Driver
 .data.ISM330DHCX_COMMON_Driver
                0x0000000020000078       0x10 ./Drivers/BSP/Components/ism330dhcx/ism330dhcx.o
                0x0000000020000078                ISM330DHCX_COMMON_Driver
 .data.ISM330DHCX_ACC_Driver
                0x0000000020000088       0x24 ./Drivers/BSP/Components/ism330dhcx/ism330dhcx.o
                0x0000000020000088                ISM330DHCX_ACC_Driver
 .data.ISM330DHCX_GYRO_Driver
                0x00000000200000ac       0x24 ./Drivers/BSP/Components/ism330dhcx/ism330dhcx.o
                0x00000000200000ac                ISM330DHCX_GYRO_Driver
 .data.FunctionIndex
                0x00000000200000d0       0x14 ./Drivers/BSP/IKS02A1/iks02a1_motion_sensors.o
 .data.uwTickPrio
                0x00000000200000e4        0x4 ./Drivers/STM32F7xx_HAL_Driver/Src/stm32f7xx_hal.o
                0x00000000200000e4                uwTickPrio
 .data.uwTickFreq
                0x00000000200000e8        0x1 ./Drivers/STM32F7xx_HAL_Driver/Src/stm32f7xx_hal.o
                0x00000000200000e8                uwTickFreq
 *fill*         0x00000000200000e9        0x3 
 .data._impure_ptr
                0x00000000200000ec        0x4 c:/st/stm32cubeide_1.8.0/stm32cubeide/plugins/com.st.stm32cube.ide.mcu.externaltools.gnu-tools-for-stm32.9-2020-q2-update.win32_2.0.0.202105311346/tools/bin/../lib/gcc/arm-none-eabi/9.3.1/../../../../arm-none-eabi/lib/thumb/v7e-m+dp/hard\libc_nano.a(lib_a-impure.o)
                0x00000000200000ec                _impure_ptr
 .data.impure_data
                0x00000000200000f0       0x60 c:/st/stm32cubeide_1.8.0/stm32cubeide/plugins/com.st.stm32cube.ide.mcu.externaltools.gnu-tools-for-stm32.9-2020-q2-update.win32_2.0.0.202105311346/tools/bin/../lib/gcc/arm-none-eabi/9.3.1/../../../../arm-none-eabi/lib/thumb/v7e-m+dp/hard\libc_nano.a(lib_a-impure.o)
 *(.RamFunc)
 *(.RamFunc*)
                0x0000000020000150                . = ALIGN (0x4)
                0x0000000020000150                _edata = .

.igot.plt       0x0000000020000150        0x0 load address 0x000000000800a56c
 .igot.plt      0x0000000020000150        0x0 c:/st/stm32cubeide_1.8.0/stm32cubeide/plugins/com.st.stm32cube.ide.mcu.externaltools.gnu-tools-for-stm32.9-2020-q2-update.win32_2.0.0.202105311346/tools/bin/../lib/gcc/arm-none-eabi/9.3.1/thumb/v7e-m+dp/hard/crtbegin.o
                0x0000000020000150                . = ALIGN (0x4)

.bss            0x0000000020000150      0x23c load address 0x000000000800a56c
                0x0000000020000150                _sbss = .
                0x0000000020000150                __bss_start__ = _sbss
 *(.bss)
 .bss           0x0000000020000150       0x1c c:/st/stm32cubeide_1.8.0/stm32cubeide/plugins/com.st.stm32cube.ide.mcu.externaltools.gnu-tools-for-stm32.9-2020-q2-update.win32_2.0.0.202105311346/tools/bin/../lib/gcc/arm-none-eabi/9.3.1/thumb/v7e-m+dp/hard/crtbegin.o
 *(.bss*)
 .bss.PushButtonDetected
                0x000000002000016c        0x1 ./Core/Src/mems_configuration.o
 *fill*         0x000000002000016d        0x3 
 .bss.PushButtonState
                0x0000000020000170        0x4 ./Core/Src/mems_configuration.o
 .bss.I2C1InitCounter
                0x0000000020000174        0x4 ./Core/Src/stm32f7xx_nucleo_bus.o
 .bss.__sbrk_heap_end
                0x0000000020000178        0x4 ./Core/Src/sysmem.o
 .bss.MotionFuncDrv
                0x000000002000017c       0x24 ./Drivers/BSP/IKS02A1/iks02a1_motion_sensors.o
 .bss.MotionDrv
                0x00000000200001a0        0xc ./Drivers/BSP/IKS02A1/iks02a1_motion_sensors.o
 .bss.MotionCtx
                0x00000000200001ac        0xc ./Drivers/BSP/IKS02A1/iks02a1_motion_sensors.o
 .bss.ism330dhcx_obj_0.14638
                0x00000000200001b8       0x30 ./Drivers/BSP/IKS02A1/iks02a1_motion_sensors.o
 .bss.iis2dlpc_obj_0.14646
                0x00000000200001e8       0x34 ./Drivers/BSP/IKS02A1/iks02a1_motion_sensors.o
 .bss.iis2mdc_obj_0.14654
                0x000000002000021c       0x2c ./Drivers/BSP/IKS02A1/iks02a1_motion_sensors.o
 .bss.__malloc_free_list
                0x0000000020000248        0x4 c:/st/stm32cubeide_1.8.0/stm32cubeide/plugins/com.st.stm32cube.ide.mcu.externaltools.gnu-tools-for-stm32.9-2020-q2-update.win32_2.0.0.202105311346/tools/bin/../lib/gcc/arm-none-eabi/9.3.1/../../../../arm-none-eabi/lib/thumb/v7e-m+dp/hard\libc_nano.a(lib_a-nano-mallocr.o)
                0x0000000020000248                __malloc_free_list
 .bss.__malloc_sbrk_start
                0x000000002000024c        0x4 c:/st/stm32cubeide_1.8.0/stm32cubeide/plugins/com.st.stm32cube.ide.mcu.externaltools.gnu-tools-for-stm32.9-2020-q2-update.win32_2.0.0.202105311346/tools/bin/../lib/gcc/arm-none-eabi/9.3.1/../../../../arm-none-eabi/lib/thumb/v7e-m+dp/hard\libc_nano.a(lib_a-nano-mallocr.o)
                0x000000002000024c                __malloc_sbrk_start
 *(COMMON)
 COMMON         0x0000000020000250       0x4c ./Core/Src/stm32f7xx_nucleo_bus.o
                0x0000000020000250                hi2c1
 COMMON         0x000000002000029c       0x4c ./Core/Src/tim.o
                0x000000002000029c                htim3
 COMMON         0x00000000200002e8       0x84 ./Core/Src/usart.o
                0x00000000200002e8                huart3
 COMMON         0x000000002000036c        0xc ./Drivers/BSP/IKS02A1/iks02a1_motion_sensors.o
                0x000000002000036c                MotionCompObj
 COMMON         0x0000000020000378        0x4 ./Drivers/STM32F7xx_HAL_Driver/Src/stm32f7xx_hal.o
                0x0000000020000378                uwTick
 COMMON         0x000000002000037c        0x4 c:/st/stm32cubeide_1.8.0/stm32cubeide/plugins/com.st.stm32cube.ide.mcu.externaltools.gnu-tools-for-stm32.9-2020-q2-update.win32_2.0.0.202105311346/tools/bin/../lib/gcc/arm-none-eabi/9.3.1/../../../../arm-none-eabi/lib/thumb/v7e-m+dp/hard\libc_nano.a(lib_a-reent.o)
                0x000000002000037c                errno
 COMMON         0x0000000020000380        0x9 c:/st/stm32cubeide_1.8.0/stm32cubeide/plugins/com.st.stm32cube.ide.mcu.externaltools.gnu-tools-for-stm32.9-2020-q2-update.win32_2.0.0.202105311346/tools/bin/../lib/gcc/arm-none-eabi/9.3.1/../../../../arm-none-eabi/lib/thumb/v7e-m+dp/hard\libc_nano.a(lib_a-lock.o)
                0x0000000020000380                __lock___atexit_recursive_mutex
                0x0000000020000381                __lock___arc4random_mutex
                0x0000000020000382                __lock___env_recursive_mutex
                0x0000000020000383                __lock___sinit_recursive_mutex
                0x0000000020000384                __lock___malloc_recursive_mutex
                0x0000000020000385                __lock___at_quick_exit_mutex
                0x0000000020000386                __lock___dd_hash_mutex
                0x0000000020000387                __lock___tz_mutex
                0x0000000020000388                __lock___sfp_recursive_mutex
                0x000000002000038c                . = ALIGN (0x4)
 *fill*         0x0000000020000389        0x3 
                0x000000002000038c                _ebss = .
                0x000000002000038c                __bss_end__ = _ebss

._user_heap_stack
                0x000000002000038c      0x604 load address 0x000000000800a56c
                0x0000000020000390                . = ALIGN (0x8)
 *fill*         0x000000002000038c        0x4 
                [!provide]                        PROVIDE (end = .)
                0x0000000020000390                PROVIDE (_end = .)
                0x0000000020000590                . = (. + _Min_Heap_Size)
 *fill*         0x0000000020000390      0x200 
                0x0000000020000990                . = (. + _Min_Stack_Size)
 *fill*         0x0000000020000590      0x400 
                0x0000000020000990                . = ALIGN (0x8)

/DISCARD/
 libc.a(*)
 libm.a(*)
 libgcc.a(*)

.ARM.attributes
                0x0000000000000000       0x2e
 *(.ARM.attributes)
 .ARM.attributes
                0x0000000000000000       0x1e c:/st/stm32cubeide_1.8.0/stm32cubeide/plugins/com.st.stm32cube.ide.mcu.externaltools.gnu-tools-for-stm32.9-2020-q2-update.win32_2.0.0.202105311346/tools/bin/../lib/gcc/arm-none-eabi/9.3.1/thumb/v7e-m+dp/hard/crti.o
 .ARM.attributes
                0x000000000000001e       0x32 c:/st/stm32cubeide_1.8.0/stm32cubeide/plugins/com.st.stm32cube.ide.mcu.externaltools.gnu-tools-for-stm32.9-2020-q2-update.win32_2.0.0.202105311346/tools/bin/../lib/gcc/arm-none-eabi/9.3.1/thumb/v7e-m+dp/hard/crtbegin.o
 .ARM.attributes
                0x0000000000000050       0x32 ./Core/Src/gpio.o
 .ARM.attributes
                0x0000000000000082       0x32 ./Core/Src/main.o
 .ARM.attributes
                0x00000000000000b4       0x32 ./Core/Src/mems_configuration.o
 .ARM.attributes
                0x00000000000000e6       0x32 ./Core/Src/stm32f7xx_hal_msp.o
 .ARM.attributes
                0x0000000000000118       0x32 ./Core/Src/stm32f7xx_it.o
 .ARM.attributes
                0x000000000000014a       0x32 ./Core/Src/stm32f7xx_nucleo.o
 .ARM.attributes
                0x000000000000017c       0x32 ./Core/Src/stm32f7xx_nucleo_bus.o
 .ARM.attributes
                0x00000000000001ae       0x32 ./Core/Src/sysmem.o
 .ARM.attributes
                0x00000000000001e0       0x32 ./Core/Src/system_stm32f7xx.o
 .ARM.attributes
                0x0000000000000212       0x32 ./Core/Src/tim.o
 .ARM.attributes
                0x0000000000000244       0x32 ./Core/Src/usart.o
 .ARM.attributes
                0x0000000000000276       0x21 ./Core/Startup/startup_stm32f767zitx.o
 .ARM.attributes
                0x0000000000000297       0x32 ./Drivers/BSP/Components/iis2dlpc/iis2dlpc.o
 .ARM.attributes
                0x00000000000002c9       0x32 ./Drivers/BSP/Components/iis2dlpc/iis2dlpc_reg.o
 .ARM.attributes
                0x00000000000002fb       0x32 ./Drivers/BSP/Components/iis2mdc/iis2mdc.o
 .ARM.attributes
                0x000000000000032d       0x32 ./Drivers/BSP/Components/iis2mdc/iis2mdc_reg.o
 .ARM.attributes
                0x000000000000035f       0x32 ./Drivers/BSP/Components/ism330dhcx/ism330dhcx.o
 .ARM.attributes
                0x0000000000000391       0x32 ./Drivers/BSP/Components/ism330dhcx/ism330dhcx_reg.o
 .ARM.attributes
                0x00000000000003c3       0x32 ./Drivers/BSP/IKS02A1/iks02a1_motion_sensors.o
 .ARM.attributes
                0x00000000000003f5       0x32 ./Drivers/STM32F7xx_HAL_Driver/Src/stm32f7xx_hal.o
 .ARM.attributes
                0x0000000000000427       0x32 ./Drivers/STM32F7xx_HAL_Driver/Src/stm32f7xx_hal_cortex.o
 .ARM.attributes
                0x0000000000000459       0x32 ./Drivers/STM32F7xx_HAL_Driver/Src/stm32f7xx_hal_dma.o
 .ARM.attributes
                0x000000000000048b       0x32 ./Drivers/STM32F7xx_HAL_Driver/Src/stm32f7xx_hal_exti.o
 .ARM.attributes
                0x00000000000004bd       0x32 ./Drivers/STM32F7xx_HAL_Driver/Src/stm32f7xx_hal_gpio.o
 .ARM.attributes
                0x00000000000004ef       0x32 ./Drivers/STM32F7xx_HAL_Driver/Src/stm32f7xx_hal_i2c.o
 .ARM.attributes
                0x0000000000000521       0x32 ./Drivers/STM32F7xx_HAL_Driver/Src/stm32f7xx_hal_i2c_ex.o
 .ARM.attributes
                0x0000000000000553       0x32 ./Drivers/STM32F7xx_HAL_Driver/Src/stm32f7xx_hal_pwr.o
 .ARM.attributes
                0x0000000000000585       0x32 ./Drivers/STM32F7xx_HAL_Driver/Src/stm32f7xx_hal_pwr_ex.o
 .ARM.attributes
                0x00000000000005b7       0x32 ./Drivers/STM32F7xx_HAL_Driver/Src/stm32f7xx_hal_rcc.o
 .ARM.attributes
                0x00000000000005e9       0x32 ./Drivers/STM32F7xx_HAL_Driver/Src/stm32f7xx_hal_rcc_ex.o
 .ARM.attributes
                0x000000000000061b       0x32 ./Drivers/STM32F7xx_HAL_Driver/Src/stm32f7xx_hal_tim.o
 .ARM.attributes
                0x000000000000064d       0x32 ./Drivers/STM32F7xx_HAL_Driver/Src/stm32f7xx_hal_tim_ex.o
 .ARM.attributes
                0x000000000000067f       0x32 ./Drivers/STM32F7xx_HAL_Driver/Src/stm32f7xx_hal_uart.o
 .ARM.attributes
                0x00000000000006b1       0x32 c:/st/stm32cubeide_1.8.0/stm32cubeide/plugins/com.st.stm32cube.ide.mcu.externaltools.gnu-tools-for-stm32.9-2020-q2-update.win32_2.0.0.202105311346/tools/bin/../lib/gcc/arm-none-eabi/9.3.1/../../../../arm-none-eabi/lib/thumb/v7e-m+dp/hard\libc_nano.a(lib_a-errno.o)
 .ARM.attributes
                0x00000000000006e3       0x30 c:/st/stm32cubeide_1.8.0/stm32cubeide/plugins/com.st.stm32cube.ide.mcu.externaltools.gnu-tools-for-stm32.9-2020-q2-update.win32_2.0.0.202105311346/tools/bin/../lib/gcc/arm-none-eabi/9.3.1/../../../../arm-none-eabi/lib/thumb/v7e-m+dp/hard\libc_nano.a(lib_a-impure.o)
 .ARM.attributes
                0x0000000000000713       0x32 c:/st/stm32cubeide_1.8.0/stm32cubeide/plugins/com.st.stm32cube.ide.mcu.externaltools.gnu-tools-for-stm32.9-2020-q2-update.win32_2.0.0.202105311346/tools/bin/../lib/gcc/arm-none-eabi/9.3.1/../../../../arm-none-eabi/lib/thumb/v7e-m+dp/hard\libc_nano.a(lib_a-init.o)
 .ARM.attributes
                0x0000000000000745       0x32 c:/st/stm32cubeide_1.8.0/stm32cubeide/plugins/com.st.stm32cube.ide.mcu.externaltools.gnu-tools-for-stm32.9-2020-q2-update.win32_2.0.0.202105311346/tools/bin/../lib/gcc/arm-none-eabi/9.3.1/../../../../arm-none-eabi/lib/thumb/v7e-m+dp/hard\libc_nano.a(lib_a-memset.o)
 .ARM.attributes
                0x0000000000000777       0x32 c:/st/stm32cubeide_1.8.0/stm32cubeide/plugins/com.st.stm32cube.ide.mcu.externaltools.gnu-tools-for-stm32.9-2020-q2-update.win32_2.0.0.202105311346/tools/bin/../lib/gcc/arm-none-eabi/9.3.1/../../../../arm-none-eabi/lib/thumb/v7e-m+dp/hard\libc_nano.a(lib_a-sprintf.o)
 .ARM.attributes
                0x00000000000007a9       0x32 c:/st/stm32cubeide_1.8.0/stm32cubeide/plugins/com.st.stm32cube.ide.mcu.externaltools.gnu-tools-for-stm32.9-2020-q2-update.win32_2.0.0.202105311346/tools/bin/../lib/gcc/arm-none-eabi/9.3.1/../../../../arm-none-eabi/lib/thumb/v7e-m+dp/hard\libc_nano.a(lib_a-nano-svfprintf.o)
 .ARM.attributes
                0x00000000000007db       0x32 c:/st/stm32cubeide_1.8.0/stm32cubeide/plugins/com.st.stm32cube.ide.mcu.externaltools.gnu-tools-for-stm32.9-2020-q2-update.win32_2.0.0.202105311346/tools/bin/../lib/gcc/arm-none-eabi/9.3.1/../../../../arm-none-eabi/lib/thumb/v7e-m+dp/hard\libc_nano.a(lib_a-nano-vfprintf_i.o)
 .ARM.attributes
                0x000000000000080d       0x1c c:/st/stm32cubeide_1.8.0/stm32cubeide/plugins/com.st.stm32cube.ide.mcu.externaltools.gnu-tools-for-stm32.9-2020-q2-update.win32_2.0.0.202105311346/tools/bin/../lib/gcc/arm-none-eabi/9.3.1/../../../../arm-none-eabi/lib/thumb/v7e-m+dp/hard\libc_nano.a(lib_a-memchr.o)
 .ARM.attributes
                0x0000000000000829       0x32 c:/st/stm32cubeide_1.8.0/stm32cubeide/plugins/com.st.stm32cube.ide.mcu.externaltools.gnu-tools-for-stm32.9-2020-q2-update.win32_2.0.0.202105311346/tools/bin/../lib/gcc/arm-none-eabi/9.3.1/../../../../arm-none-eabi/lib/thumb/v7e-m+dp/hard\libc_nano.a(lib_a-memcpy-stub.o)
 .ARM.attributes
                0x000000000000085b       0x32 c:/st/stm32cubeide_1.8.0/stm32cubeide/plugins/com.st.stm32cube.ide.mcu.externaltools.gnu-tools-for-stm32.9-2020-q2-update.win32_2.0.0.202105311346/tools/bin/../lib/gcc/arm-none-eabi/9.3.1/../../../../arm-none-eabi/lib/thumb/v7e-m+dp/hard\libc_nano.a(lib_a-memmove.o)
 .ARM.attributes
                0x000000000000088d       0x32 c:/st/stm32cubeide_1.8.0/stm32cubeide/plugins/com.st.stm32cube.ide.mcu.externaltools.gnu-tools-for-stm32.9-2020-q2-update.win32_2.0.0.202105311346/tools/bin/../lib/gcc/arm-none-eabi/9.3.1/../../../../arm-none-eabi/lib/thumb/v7e-m+dp/hard\libc_nano.a(lib_a-nano-freer.o)
 .ARM.attributes
                0x00000000000008bf       0x32 c:/st/stm32cubeide_1.8.0/stm32cubeide/plugins/com.st.stm32cube.ide.mcu.externaltools.gnu-tools-for-stm32.9-2020-q2-update.win32_2.0.0.202105311346/tools/bin/../lib/gcc/arm-none-eabi/9.3.1/../../../../arm-none-eabi/lib/thumb/v7e-m+dp/hard\libc_nano.a(lib_a-nano-mallocr.o)
 .ARM.attributes
                0x00000000000008f1       0x32 c:/st/stm32cubeide_1.8.0/stm32cubeide/plugins/com.st.stm32cube.ide.mcu.externaltools.gnu-tools-for-stm32.9-2020-q2-update.win32_2.0.0.202105311346/tools/bin/../lib/gcc/arm-none-eabi/9.3.1/../../../../arm-none-eabi/lib/thumb/v7e-m+dp/hard\libc_nano.a(lib_a-nano-reallocr.o)
 .ARM.attributes
                0x0000000000000923       0x32 c:/st/stm32cubeide_1.8.0/stm32cubeide/plugins/com.st.stm32cube.ide.mcu.externaltools.gnu-tools-for-stm32.9-2020-q2-update.win32_2.0.0.202105311346/tools/bin/../lib/gcc/arm-none-eabi/9.3.1/../../../../arm-none-eabi/lib/thumb/v7e-m+dp/hard\libc_nano.a(lib_a-sbrkr.o)
 .ARM.attributes
                0x0000000000000955       0x32 c:/st/stm32cubeide_1.8.0/stm32cubeide/plugins/com.st.stm32cube.ide.mcu.externaltools.gnu-tools-for-stm32.9-2020-q2-update.win32_2.0.0.202105311346/tools/bin/../lib/gcc/arm-none-eabi/9.3.1/../../../../arm-none-eabi/lib/thumb/v7e-m+dp/hard\libc_nano.a(lib_a-mlock.o)
 .ARM.attributes
                0x0000000000000987       0x32 c:/st/stm32cubeide_1.8.0/stm32cubeide/plugins/com.st.stm32cube.ide.mcu.externaltools.gnu-tools-for-stm32.9-2020-q2-update.win32_2.0.0.202105311346/tools/bin/../lib/gcc/arm-none-eabi/9.3.1/../../../../arm-none-eabi/lib/thumb/v7e-m+dp/hard\libc_nano.a(lib_a-nano-msizer.o)
 .ARM.attributes
                0x00000000000009b9       0x32 c:/st/stm32cubeide_1.8.0/stm32cubeide/plugins/com.st.stm32cube.ide.mcu.externaltools.gnu-tools-for-stm32.9-2020-q2-update.win32_2.0.0.202105311346/tools/bin/../lib/gcc/arm-none-eabi/9.3.1/../../../../arm-none-eabi/lib/thumb/v7e-m+dp/hard\libc_nano.a(lib_a-reent.o)
 .ARM.attributes