../Core/Src/stm32f7xx_it.c:74:6:NMI_Handler	4	static
../Core/Src/stm32f7xx_it.c:89:6:HardFault_Handler	4	static
../Core/Src/stm32f7xx_it.c:104:6:MemManage_Handler	4	static
../Core/Src/stm32f7xx_it.c:119:6:BusFault_Handler	4	static
../Core/Src/stm32f7xx_it.c:134:6:UsageFault_Handler	4	static
../Core/Src/stm32f7xx_it.c:149:6:SVC_Handler	4	static
../Core/Src/stm32f7xx_it.c:162:6:DebugMon_Handler	4	static
../Core/Src/stm32f7xx_it.c:175:6:PendSV_Handler	4	static
../Core/Src/stm32f7xx_it.c:188:6:SysTick_Handler	8	static
../Core/Src/stm32f7xx_it.c:209:6:RCC_IRQHandler	4	static
../Core/Src/stm32f7xx_it.c:222:6:DMA1_Stream3_IRQHandler	8	static
../Core/Src/stm32f7xx_it.c:236:6:TIM1_BRK_TIM9_IRQHandler	8	static
../Core/Src/stm32f7xx_it.c:250:6:TIM1_UP_TIM10_IRQHandler	8	static
../Core/Src/stm32f7xx_it.c:264:6:TIM1_TRG_COM_TIM11_IRQHandler	8	static
../Core/Src/stm32f7xx_it.c:278:6:TIM1_CC_IRQHandler	8	static
../Core/Src/stm32f7xx_it.c:292:6:I2C1_EV_IRQHandler	8	static
../Core/Src/stm32f7xx_it.c:306:6:I2C1_ER_IRQHandler	8	static
../Core/Src/stm32f7xx_it.c:320:6:SPI2_IRQHandler	8	static
../Core/Src/stm32f7xx_it.c:334:6:UART4_IRQHandler	8	static
../Core/Src/stm32f7xx_it.c:348:6:I2C4_EV_IRQHandler	8	static
../Core/Src/stm32f7xx_it.c:362:6:I2C4_ER_IRQHandler	8	static
