../MEMS/App/app_mems.c:57:6:MX_MEMS_Init	8	static
../MEMS/App/app_mems.c:79:6:MX_MEMS_Process	8	static
../MEMS/App/app_mems.c:96:6:MX_IKS02A1_DataLogTerminal_Init	8	static
../MEMS/App/app_mems.c:110:6:BSP_PB_Callback	16	static
../MEMS/App/app_mems.c:119:6:MX_IKS02A1_DataLogTerminal_Process	16	static
../MEMS/App/app_mems.c:166:13:floatToInt	32	static
../MEMS/App/app_mems.c:188:13:Accelero_Sensor_Handler	88	static
../MEMS/App/app_mems.c:252:13:Gyro_Sensor_Handler	88	static
../MEMS/App/app_mems.c:316:13:Magneto_Sensor_Handler	88	static
