iis2dlpc.c:86:9:IIS2DLPC_RegisterBusIO	24	static
iis2dlpc.c:143:9:IIS2DLPC_Init	16	static
iis2dlpc.c:199:9:IIS2DLPC_DeInit	16	static
iis2dlpc.c:225:9:IIS2DLPC_ReadID	16	static
iis2dlpc.c:241:9:IIS2DLPC_GetCapabilities	16	static
iis2dlpc.c:264:9:IIS2DLPC_ACC_Enable	16	static
iis2dlpc.c:288:9:IIS2DLPC_ACC_Disable	16	static
iis2dlpc.c:313:9:IIS2DLPC_ACC_GetSensitivity	24	static
iis2dlpc.c:416:9:IIS2DLPC_ACC_GetOutputDataRate	24	static
iis2dlpc.c:613:9:IIS2DLPC_ACC_SetOutputDataRate	16	static
iis2dlpc.c:627:9:IIS2DLPC_ACC_SetOutputDataRate_With_Mode	24	static
iis2dlpc.c:646:9:IIS2DLPC_ACC_GetFullScale	24	static
iis2dlpc.c:690:9:IIS2DLPC_ACC_SetFullScale	24	static
iis2dlpc.c:715:9:IIS2DLPC_ACC_GetAxesRaw	32	static
iis2dlpc.c:779:9:IIS2DLPC_ACC_GetAxes	32	static
iis2dlpc.c:811:9:IIS2DLPC_Read_Reg	24	static
iis2dlpc.c:828:9:IIS2DLPC_Write_Reg	16	static
iis2dlpc.c:844:9:IIS2DLPC_ACC_Get_DRDY_Status	16	static
iis2dlpc.c:870:16:IIS2DLPC_ACC_SetOutputDataRate_When_Enabled	32	static
iis2dlpc.c:1008:16:IIS2DLPC_ACC_SetOutputDataRate_When_Disabled	24	static
iis2dlpc.c:1035:16:ReadRegWrap	40	static
iis2dlpc.c:1050:16:WriteRegWrap	40	static
