iis2dlpc_reg.c:49:9:iis2dlpc_read_reg	40	static
iis2dlpc_reg.c:68:9:iis2dlpc_write_reg	40	static
iis2dlpc_reg.c:89:9:iis2dlpc_from_fs2_to_mg	16	static
iis2dlpc_reg.c:94:9:iis2dlpc_from_fs4_to_mg	16	static
iis2dlpc_reg.c:99:9:iis2dlpc_from_fs8_to_mg	16	static
iis2dlpc_reg.c:104:9:iis2dlpc_from_fs16_to_mg	16	static
iis2dlpc_reg.c:109:9:iis2dlpc_from_fs2_lp1_to_mg	16	static
iis2dlpc_reg.c:114:9:iis2dlpc_from_fs4_lp1_to_mg	16	static
iis2dlpc_reg.c:119:9:iis2dlpc_from_fs8_lp1_to_mg	16	static
iis2dlpc_reg.c:124:9:iis2dlpc_from_fs16_lp1_to_mg	16	static
iis2dlpc_reg.c:129:9:iis2dlpc_from_lsb_to_celsius	16	static
iis2dlpc_reg.c:156:9:iis2dlpc_power_mode_set	32	static
iis2dlpc_reg.c:195:9:iis2dlpc_power_mode_get	32	static
iis2dlpc_reg.c:297:9:iis2dlpc_data_rate_set	32	static
iis2dlpc_reg.c:333:9:iis2dlpc_data_rate_get	32	static
iis2dlpc_reg.c:409:9:iis2dlpc_block_data_update_set	24	static
iis2dlpc_reg.c:431:9:iis2dlpc_block_data_update_get	24	static
iis2dlpc_reg.c:449:9:iis2dlpc_full_scale_set	24	static
iis2dlpc_reg.c:471:9:iis2dlpc_full_scale_get	24	static
iis2dlpc_reg.c:510:9:iis2dlpc_status_reg_get	24	static
iis2dlpc_reg.c:526:9:iis2dlpc_flag_data_ready_get	24	static
iis2dlpc_reg.c:543:9:iis2dlpc_all_sources_get	24	static
iis2dlpc_reg.c:561:9:iis2dlpc_usr_offset_x_set	24	static
iis2dlpc_reg.c:578:9:iis2dlpc_usr_offset_x_get	24	static
iis2dlpc_reg.c:595:9:iis2dlpc_usr_offset_y_set	24	static
iis2dlpc_reg.c:612:9:iis2dlpc_usr_offset_y_get	24	static
iis2dlpc_reg.c:629:9:iis2dlpc_usr_offset_z_set	24	static
iis2dlpc_reg.c:646:9:iis2dlpc_usr_offset_z_get	24	static
iis2dlpc_reg.c:663:9:iis2dlpc_offset_weight_set	24	static
iis2dlpc_reg.c:687:9:iis2dlpc_offset_weight_get	24	static
iis2dlpc_reg.c:732:9:iis2dlpc_temperature_raw_get	24	static
iis2dlpc_reg.c:751:9:iis2dlpc_acceleration_raw_get	32	static
iis2dlpc_reg.c:785:9:iis2dlpc_device_id_get	24	static
iis2dlpc_reg.c:801:9:iis2dlpc_auto_increment_set	24	static
iis2dlpc_reg.c:824:9:iis2dlpc_auto_increment_get	24	static
iis2dlpc_reg.c:841:9:iis2dlpc_reset_set	24	static
iis2dlpc_reg.c:863:9:iis2dlpc_reset_get	24	static
iis2dlpc_reg.c:880:9:iis2dlpc_boot_set	24	static
iis2dlpc_reg.c:902:9:iis2dlpc_boot_get	24	static
iis2dlpc_reg.c:919:9:iis2dlpc_self_test_set	24	static
iis2dlpc_reg.c:941:9:iis2dlpc_self_test_get	24	static
iis2dlpc_reg.c:976:9:iis2dlpc_data_ready_mode_set	24	static
iis2dlpc_reg.c:999:9:iis2dlpc_data_ready_mode_get	24	static
iis2dlpc_reg.c:1044:9:iis2dlpc_filter_path_set	32	static
iis2dlpc_reg.c:1083:9:iis2dlpc_filter_path_get	32	static
iis2dlpc_reg.c:1126:9:iis2dlpc_filter_bandwidth_set	24	static
iis2dlpc_reg.c:1150:9:iis2dlpc_filter_bandwidth_get	24	static
iis2dlpc_reg.c:1190:9:iis2dlpc_reference_mode_set	24	static
iis2dlpc_reg.c:1212:9:iis2dlpc_reference_mode_get	24	static
iis2dlpc_reg.c:1242:9:iis2dlpc_spi_mode_set	24	static
iis2dlpc_reg.c:1264:9:iis2dlpc_spi_mode_get	24	static
iis2dlpc_reg.c:1296:9:iis2dlpc_i2c_interface_set	24	static
iis2dlpc_reg.c:1319:9:iis2dlpc_i2c_interface_get	24	static
iis2dlpc_reg.c:1351:9:iis2dlpc_cs_mode_set	24	static
iis2dlpc_reg.c:1374:9:iis2dlpc_cs_mode_get	24	static
iis2dlpc_reg.c:1418:9:iis2dlpc_pin_polarity_set	24	static
iis2dlpc_reg.c:1441:9:iis2dlpc_pin_polarity_get	24	static
iis2dlpc_reg.c:1473:9:iis2dlpc_int_notification_set	24	static
iis2dlpc_reg.c:1496:9:iis2dlpc_int_notification_get	24	static
iis2dlpc_reg.c:1528:9:iis2dlpc_pin_mode_set	24	static
iis2dlpc_reg.c:1550:9:iis2dlpc_pin_mode_get	24	static
iis2dlpc_reg.c:1582:9:iis2dlpc_pin_int1_route_set	32	static
iis2dlpc_reg.c:1633:9:iis2dlpc_pin_int1_route_get	24	static
iis2dlpc_reg.c:1650:9:iis2dlpc_pin_int2_route_set	32	static
iis2dlpc_reg.c:1703:9:iis2dlpc_pin_int2_route_get	24	static
iis2dlpc_reg.c:1719:9:iis2dlpc_all_on_int1_set	24	static
iis2dlpc_reg.c:1741:9:iis2dlpc_all_on_int1_get	24	static
iis2dlpc_reg.c:1771:9:iis2dlpc_wkup_threshold_set	24	static
iis2dlpc_reg.c:1795:9:iis2dlpc_wkup_threshold_get	24	static
iis2dlpc_reg.c:1813:9:iis2dlpc_wkup_dur_set	24	static
iis2dlpc_reg.c:1837:9:iis2dlpc_wkup_dur_get	24	static
iis2dlpc_reg.c:1855:9:iis2dlpc_wkup_feed_data_set	24	static
iis2dlpc_reg.c:1878:9:iis2dlpc_wkup_feed_data_get	24	static
iis2dlpc_reg.c:1925:9:iis2dlpc_act_mode_set	32	static
iis2dlpc_reg.c:1962:9:iis2dlpc_act_mode_get	32	static
iis2dlpc_reg.c:2005:9:iis2dlpc_act_sleep_dur_set	24	static
iis2dlpc_reg.c:2029:9:iis2dlpc_act_sleep_dur_get	24	static
iis2dlpc_reg.c:2060:9:iis2dlpc_tap_threshold_x_set	24	static
iis2dlpc_reg.c:2083:9:iis2dlpc_tap_threshold_x_get	24	static
iis2dlpc_reg.c:2100:9:iis2dlpc_tap_threshold_y_set	24	static
iis2dlpc_reg.c:2123:9:iis2dlpc_tap_threshold_y_get	24	static
iis2dlpc_reg.c:2140:9:iis2dlpc_tap_axis_priority_set	24	static
iis2dlpc_reg.c:2164:9:iis2dlpc_tap_axis_priority_get	24	static
iis2dlpc_reg.c:2212:9:iis2dlpc_tap_threshold_z_set	24	static
iis2dlpc_reg.c:2235:9:iis2dlpc_tap_threshold_z_get	24	static
iis2dlpc_reg.c:2252:9:iis2dlpc_tap_detection_on_z_set	24	static
iis2dlpc_reg.c:2276:9:iis2dlpc_tap_detection_on_z_get	24	static
iis2dlpc_reg.c:2294:9:iis2dlpc_tap_detection_on_y_set	24	static
iis2dlpc_reg.c:2318:9:iis2dlpc_tap_detection_on_y_get	24	static
iis2dlpc_reg.c:2336:9:iis2dlpc_tap_detection_on_x_set	24	static
iis2dlpc_reg.c:2360:9:iis2dlpc_tap_detection_on_x_get	24	static
iis2dlpc_reg.c:2382:9:iis2dlpc_tap_shock_set	24	static
iis2dlpc_reg.c:2408:9:iis2dlpc_tap_shock_get	24	static
iis2dlpc_reg.c:2429:9:iis2dlpc_tap_quiet_set	24	static
iis2dlpc_reg.c:2455:9:iis2dlpc_tap_quiet_get	24	static
iis2dlpc_reg.c:2477:9:iis2dlpc_tap_dur_set	24	static
iis2dlpc_reg.c:2504:9:iis2dlpc_tap_dur_get	24	static
iis2dlpc_reg.c:2521:9:iis2dlpc_tap_mode_set	24	static
iis2dlpc_reg.c:2546:9:iis2dlpc_tap_mode_get	24	static
iis2dlpc_reg.c:2579:9:iis2dlpc_tap_src_get	24	static
iis2dlpc_reg.c:2608:9:iis2dlpc_6d_threshold_set	24	static
iis2dlpc_reg.c:2631:9:iis2dlpc_6d_threshold_get	24	static
iis2dlpc_reg.c:2648:9:iis2dlpc_4d_mode_set	24	static
iis2dlpc_reg.c:2671:9:iis2dlpc_4d_mode_get	24	static
iis2dlpc_reg.c:2688:9:iis2dlpc_6d_src_get	24	static
iis2dlpc_reg.c:2703:9:iis2dlpc_6d_feed_data_set	24	static
iis2dlpc_reg.c:2726:9:iis2dlpc_6d_feed_data_get	24	static
iis2dlpc_reg.c:2772:9:iis2dlpc_ff_dur_set	32	static
iis2dlpc_reg.c:2809:9:iis2dlpc_ff_dur_get	32	static
iis2dlpc_reg.c:2834:9:iis2dlpc_ff_threshold_set	24	static
iis2dlpc_reg.c:2858:9:iis2dlpc_ff_threshold_get	24	static
iis2dlpc_reg.c:2926:9:iis2dlpc_fifo_watermark_set	24	static
iis2dlpc_reg.c:2949:9:iis2dlpc_fifo_watermark_get	24	static
iis2dlpc_reg.c:2966:9:iis2dlpc_fifo_mode_set	24	static
iis2dlpc_reg.c:2990:9:iis2dlpc_fifo_mode_get	24	static
iis2dlpc_reg.c:3034:9:iis2dlpc_fifo_data_level_get	24	static
iis2dlpc_reg.c:3051:9:iis2dlpc_fifo_ovr_flag_get	24	static
iis2dlpc_reg.c:3068:9:iis2dlpc_fifo_wtm_flag_get	24	static
