stm32f7xx_nucleo.c:94:9:BSP_GetVersion	4	static
stm32f7xx_nucleo.c:106:9:BSP_LED_Init	16	static
stm32f7xx_nucleo.c:121:9:BSP_LED_DeInit	40	static
stm32f7xx_nucleo.c:144:9:BSP_LED_On	16	static
stm32f7xx_nucleo.c:161:9:BSP_LED_Off	16	static
stm32f7xx_nucleo.c:178:9:BSP_LED_Toggle	16	static
stm32f7xx_nucleo.c:195:9:BSP_LED_GetState	16	static
stm32f7xx_nucleo.c:203:13:LED_USER_GPIO_Init	4	static
stm32f7xx_nucleo.c:218:9:BSP_PB_Init	24	static
stm32f7xx_nucleo.c:258:9:BSP_PB_DeInit	40	static
stm32f7xx_nucleo.c:276:9:BSP_PB_GetState	16	static
stm32f7xx_nucleo.c:285:6:BSP_PB_IRQHandler	16	static
stm32f7xx_nucleo.c:295:13:BSP_PB_Callback	16	static
stm32f7xx_nucleo.c:308:13:BUTTON_USER_EXTI_Callback	8	static
stm32f7xx_nucleo.c:317:13:BUTTON_USER_GPIO_Init	4	static
stm32f7xx_nucleo.c:533:6:__io_putchar	16	static
stm32f7xx_nucleo.c:546:13:USART3_MspInit	48	static
stm32f7xx_nucleo.c:579:13:USART3_MspDeInit	16	static
