Archive member included to satisfy reference by file (symbol)

../Middlewares/ST/STM32_Audio/Addons/PDM/Lib/libPDMFilter_CM7_GCC_wc32.a(pdm_filter.o)
                              ./PDM2PCM/App/pdm2pcm.o (PDM_Filter_Init)
../Middlewares/ST/STM32_Audio/Addons/PDM/Lib/libPDMFilter_CM7_GCC_wc32.a(stm32_crc_lock.o)
                              ../Middlewares/ST/STM32_Audio/Addons/PDM/Lib/libPDMFilter_CM7_GCC_wc32.a(pdm_filter.o) (CRC_Lock)
/home/kovvalinio/st/stm32cubeide_1.10.1_2/plugins/com.st.stm32cube.ide.mcu.externaltools.gnu-tools-for-stm32.10.3-2021.10.linux64_1.0.0.202111181127/tools/bin/../lib/gcc/arm-none-eabi/10.3.1/../../../../arm-none-eabi/lib/thumb/v7e-m+fp/hard/libc_nano.a(lib_a-errno.o)
                              ./Core/Src/syscalls.o (__errno)
/home/kovvalinio/st/stm32cubeide_1.10.1_2/plugins/com.st.stm32cube.ide.mcu.externaltools.gnu-tools-for-stm32.10.3-2021.10.linux64_1.0.0.202111181127/tools/bin/../lib/gcc/arm-none-eabi/10.3.1/../../../../arm-none-eabi/lib/thumb/v7e-m+fp/hard/libc_nano.a(lib_a-exit.o)
                              /home/kovvalinio/st/stm32cubeide_1.10.1_2/plugins/com.st.stm32cube.ide.mcu.externaltools.gnu-tools-for-stm32.10.3-2021.10.linux64_1.0.0.202111181127/tools/bin/../lib/gcc/arm-none-eabi/10.3.1/../../../../arm-none-eabi/lib/thumb/v7e-m+fp/hard/crt0.o (exit)
/home/kovvalinio/st/stm32cubeide_1.10.1_2/plugins/com.st.stm32cube.ide.mcu.externaltools.gnu-tools-for-stm32.10.3-2021.10.linux64_1.0.0.202111181127/tools/bin/../lib/gcc/arm-none-eabi/10.3.1/../../../../arm-none-eabi/lib/thumb/v7e-m+fp/hard/libc_nano.a(lib_a-impure.o)
                              /home/kovvalinio/st/stm32cubeide_1.10.1_2/plugins/com.st.stm32cube.ide.mcu.externaltools.gnu-tools-for-stm32.10.3-2021.10.linux64_1.0.0.202111181127/tools/bin/../lib/gcc/arm-none-eabi/10.3.1/../../../../arm-none-eabi/lib/thumb/v7e-m+fp/hard/libc_nano.a(lib_a-exit.o) (_global_impure_ptr)
/home/kovvalinio/st/stm32cubeide_1.10.1_2/plugins/com.st.stm32cube.ide.mcu.externaltools.gnu-tools-for-stm32.10.3-2021.10.linux64_1.0.0.202111181127/tools/bin/../lib/gcc/arm-none-eabi/10.3.1/../../../../arm-none-eabi/lib/thumb/v7e-m+fp/hard/libc_nano.a(lib_a-init.o)
                              /home/kovvalinio/st/stm32cubeide_1.10.1_2/plugins/com.st.stm32cube.ide.mcu.externaltools.gnu-tools-for-stm32.10.3-2021.10.linux64_1.0.0.202111181127/tools/bin/../lib/gcc/arm-none-eabi/10.3.1/../../../../arm-none-eabi/lib/thumb/v7e-m+fp/hard/crt0.o (__libc_init_array)
/home/kovvalinio/st/stm32cubeide_1.10.1_2/plugins/com.st.stm32cube.ide.mcu.externaltools.gnu-tools-for-stm32.10.3-2021.10.linux64_1.0.0.202111181127/tools/bin/../lib/gcc/arm-none-eabi/10.3.1/../../../../arm-none-eabi/lib/thumb/v7e-m+fp/hard/libc_nano.a(lib_a-memset.o)
                              /home/kovvalinio/st/stm32cubeide_1.10.1_2/plugins/com.st.stm32cube.ide.mcu.externaltools.gnu-tools-for-stm32.10.3-2021.10.linux64_1.0.0.202111181127/tools/bin/../lib/gcc/arm-none-eabi/10.3.1/../../../../arm-none-eabi/lib/thumb/v7e-m+fp/hard/crt0.o (memset)
/home/kovvalinio/st/stm32cubeide_1.10.1_2/plugins/com.st.stm32cube.ide.mcu.externaltools.gnu-tools-for-stm32.10.3-2021.10.linux64_1.0.0.202111181127/tools/bin/../lib/gcc/arm-none-eabi/10.3.1/../../../../arm-none-eabi/lib/thumb/v7e-m+fp/hard/libc_nano.a(lib_a-printf.o)
                              ./MEMS/App/app_mems.o (printf)
/home/kovvalinio/st/stm32cubeide_1.10.1_2/plugins/com.st.stm32cube.ide.mcu.externaltools.gnu-tools-for-stm32.10.3-2021.10.linux64_1.0.0.202111181127/tools/bin/../lib/gcc/arm-none-eabi/10.3.1/../../../../arm-none-eabi/lib/thumb/v7e-m+fp/hard/libc_nano.a(lib_a-snprintf.o)
                              ./MEMS/App/app_mems.o (snprintf)
/home/kovvalinio/st/stm32cubeide_1.10.1_2/plugins/com.st.stm32cube.ide.mcu.externaltools.gnu-tools-for-stm32.10.3-2021.10.linux64_1.0.0.202111181127/tools/bin/../lib/gcc/arm-none-eabi/10.3.1/../../../../arm-none-eabi/lib/thumb/v7e-m+fp/hard/libc_nano.a(lib_a-findfp.o)
                              /home/kovvalinio/st/stm32cubeide_1.10.1_2/plugins/com.st.stm32cube.ide.mcu.externaltools.gnu-tools-for-stm32.10.3-2021.10.linux64_1.0.0.202111181127/tools/bin/../lib/gcc/arm-none-eabi/10.3.1/../../../../arm-none-eabi/lib/thumb/v7e-m+fp/hard/libc_nano.a(lib_a-printf.o) (__sinit)
/home/kovvalinio/st/stm32cubeide_1.10.1_2/plugins/com.st.stm32cube.ide.mcu.externaltools.gnu-tools-for-stm32.10.3-2021.10.linux64_1.0.0.202111181127/tools/bin/../lib/gcc/arm-none-eabi/10.3.1/../../../../arm-none-eabi/lib/thumb/v7e-m+fp/hard/libc_nano.a(lib_a-fwalk.o)
                              /home/kovvalinio/st/stm32cubeide_1.10.1_2/plugins/com.st.stm32cube.ide.mcu.externaltools.gnu-tools-for-stm32.10.3-2021.10.linux64_1.0.0.202111181127/tools/bin/../lib/gcc/arm-none-eabi/10.3.1/../../../../arm-none-eabi/lib/thumb/v7e-m+fp/hard/libc_nano.a(lib_a-findfp.o) (_fwalk)
[...]
Memory Configuration

Name             Origin             Length             Attributes
RAM              0x0000000020000000 0x0000000000050000 xrw
FLASH            0x0000000008000000 0x0000000000100000 xr
*default*        0x0000000000000000 0xffffffffffffffff

Linker script and memory map

LOAD /home/kovvalinio/st/stm32cubeide_1.10.1_2/plugins/com.st.stm32cube.ide.mcu.externaltools.gnu-tools-for-stm32.10.3-2021.10.linux64_1.0.0.202111181127/tools/bin/../lib/gcc/arm-none-eabi/10.3.1/thumb/v7e-m+fp/hard/crti.o
LOAD /home/kovvalinio/st/stm32cubeide_1.10.1_2/plugins/com.st.stm32cube.ide.mcu.externaltools.gnu-tools-for-stm32.10.3-2021.10.linux64_1.0.0.202111181127/tools/bin/../lib/gcc/arm-none-eabi/10.3.1/thumb/v7e-m+fp/hard/crtbegin.o
LOAD /home/kovvalinio/st/stm32cubeide_1.10.1_2/plugins/com.st.stm32cube.ide.mcu.externaltools.gnu-tools-for-stm32.10.3-2021.10.linux64_1.0.0.202111181127/tools/bin/../lib/gcc/arm-none-eabi/10.3.1/../../../../arm-none-eabi/lib/thumb/v7e-m+fp/hard/crt0.o
LOAD ./Core/Src/accelerometer_config.o
LOAD ./Core/Src/bsp.o
LOAD ./Core/Src/crc.o
LOAD ./Core/Src/custom_bus.o
LOAD ./Core/Src/dma.o
LOAD ./Core/Src/gpio.o
LOAD ./Core/Src/i2c.o
LOAD ./Core/Src/main.o
LOAD ./Core/Src/spi.o
LOAD ./Core/Src/stm32f7xx_hal_msp.o
LOAD ./Core/Src/stm32f7xx_it.o
LOAD ./Core/Src/syscalls.o
LOAD ./Core/Src/sysmem.o
LOAD ./Core/Src/system_stm32f7xx.o
LOAD ./Core/Src/tim.o
LOAD ./Core/Src/usart.o
LOAD ./Core/Startup/startup_stm32f756vgtx.o
LOAD ./Drivers/BSP/Components/iis2dlpc/iis2dlpc.o
LOAD ./Drivers/BSP/Components/iis2dlpc/iis2dlpc_reg.o
LOAD ./Drivers/BSP/Components/iis2mdc/iis2mdc.o
LOAD ./Drivers/BSP/Components/iis2mdc/iis2mdc_reg.o
LOAD ./Drivers/BSP/Components/ism330dhcx/ism330dhcx.o
LOAD ./Drivers/BSP/Components/ism330dhcx/ism330dhcx_reg.o
LOAD ./Drivers/BSP/IKS02A1/iks02a1_motion_sensors.o
LOAD ./Drivers/BSP/IKS02A1/iks02a1_motion_sensors_ex.o
LOAD ./Drivers/BSP/custom/custom.o
LOAD ./Drivers/STM32F7xx_HAL_Driver/Src/stm32f7xx_hal.o
LOAD ./Drivers/STM32F7xx_HAL_Driver/Src/stm32f7xx_hal_cortex.o
LOAD ./Drivers/STM32F7xx_HAL_Driver/Src/stm32f7xx_hal_crc.o
LOAD ./Drivers/STM32F7xx_HAL_Driver/Src/stm32f7xx_hal_crc_ex.o
LOAD ./Drivers/STM32F7xx_HAL_Driver/Src/stm32f7xx_hal_dma.o
LOAD ./Drivers/STM32F7xx_HAL_Driver/Src/stm32f7xx_hal_dma_ex.o
LOAD ./Drivers/STM32F7xx_HAL_Driver/Src/stm32f7xx_hal_exti.o
LOAD ./Drivers/STM32F7xx_HAL_Driver/Src/stm32f7xx_hal_flash.o
LOAD ./Drivers/STM32F7xx_HAL_Driver/Src/stm32f7xx_hal_flash_ex.o
LOAD ./Drivers/STM32F7xx_HAL_Driver/Src/stm32f7xx_hal_gpio.o
LOAD ./Drivers/STM32F7xx_HAL_Driver/Src/stm32f7xx_hal_i2c.o
LOAD ./Drivers/STM32F7xx_HAL_Driver/Src/stm32f7xx_hal_i2c_ex.o
LOAD ./Drivers/STM32F7xx_HAL_Driver/Src/stm32f7xx_hal_pwr.o
LOAD ./Drivers/STM32F7xx_HAL_Driver/Src/stm32f7xx_hal_pwr_ex.o
LOAD ./Drivers/STM32F7xx_HAL_Driver/Src/stm32f7xx_hal_rcc.o
LOAD ./Drivers/STM32F7xx_HAL_Driver/Src/stm32f7xx_hal_rcc_ex.o
LOAD ./Drivers/STM32F7xx_HAL_Driver/Src/stm32f7xx_hal_spi.o
LOAD ./Drivers/STM32F7xx_HAL_Driver/Src/stm32f7xx_hal_spi_ex.o
LOAD ./Drivers/STM32F7xx_HAL_Driver/Src/stm32f7xx_hal_tim.o
LOAD ./Drivers/STM32F7xx_HAL_Driver/Src/stm32f7xx_hal_tim_ex.o
LOAD ./Drivers/STM32F7xx_HAL_Driver/Src/stm32f7xx_hal_uart.o
LOAD ./Drivers/STM32F7xx_HAL_Driver/Src/stm32f7xx_hal_uart_ex.o
LOAD ./MEMS/App/app_mems.o
LOAD ./PDM2PCM/App/pdm2pcm.o
LOAD ../Middlewares/ST/STM32_Audio/Addons/PDM/Lib/libPDMFilter_CM7_GCC_wc32.a
START GROUP
LOAD /home/kovvalinio/st/stm32cubeide_1.10.1_2/plugins/com.st.stm32cube.ide.mcu.externaltools.gnu-tools-for-stm32.10.3-2021.10.linux64_1.0.0.202111181127/tools/bin/../lib/gcc/arm-none-eabi/10.3.1/../../../../arm-none-eabi/lib/thumb/v7e-m+fp/hard/libc_nano.a
LOAD /home/kovvalinio/st/stm32cubeide_1.10.1_2/plugins/com.st.stm32cube.ide.mcu.externaltools.gnu-tools-for-stm32.10.3-2021.10.linux64_1.0.0.202111181127/tools/bin/../lib/gcc/arm-none-eabi/10.3.1/../../../../arm-none-eabi/lib/thumb/v7e-m+fp/hard/libm.a
END GROUP
START GROUP
LOAD /home/kovvalinio/st/stm32cubeide_1.10.1_2/plugins/com.st.stm32cube.ide.mcu.externaltools.gnu-tools-for-stm32.10.3-2021.10.linux64_1.0.0.202111181127/tools/bin/../lib/gcc/arm-none-eabi/10.3.1/thumb/v7e-m+fp/hard/libgcc.a
LOAD /home/kovvalinio/st/stm32cubeide_1.10.1_2/plugins/com.st.stm32cube.ide.mcu.externaltools.gnu-tools-for-stm32.10.3-2021.10.linux64_1.0.0.202111181127/tools/bin/../lib/gcc/arm-none-eabi/10.3.1/../../../../arm-none-eabi/lib/thumb/v7e-m+fp/hard/libc_nano.a
END GROUP
START GROUP
LOAD /home/kovvalinio/st/stm32cubeide_1.10.1_2/plugins/com.st.stm32cube.ide.mcu.externaltools.gnu-tools-for-stm32.10.3-2021.10.linux64_1.0.0.202111181127/tools/bin/../lib/gcc/arm-none-eabi/10.3.1/thumb/v7e-m+fp/hard/libgcc.a
LOAD /home/kovvalinio/st/stm32cubeide_1.10.1_2/plugins/com.st.stm32cube.ide.mcu.externaltools.gnu-tools-for-stm32.10.3-2021.10.linux64_1.0.0.202111181127/tools/bin/../lib/gcc/arm-none-eabi/10.3.1/../../../../arm-none-eabi/lib/thumb/v7e-m+fp/hard/libc_nano.a
LOAD /home/kovvalinio/st/stm32cubeide_1.10.1_2/plugins/com.st.stm32cube.ide.mcu.externaltools.gnu-tools-for-stm32.10.3-2021.10.linux64_1.0.0.202111181127/tools/bin/../lib/gcc/arm-none-eabi/10.3.1/../../../../arm-none-eabi/lib/thumb/v7e-m+fp/hard/libnosys.a
END GROUP
START GROUP
LOAD /home/kovvalinio/st/stm32cubeide_1.10.1_2/plugins/com.st.stm32cube.ide.mcu.externaltools.gnu-tools-for-stm32.10.3-2021.10.linux64_1.0.0.202111181127/tools/bin/../lib/gcc/arm-none-eabi/10.3.1/thumb/v7e-m+fp/hard/libgcc.a
LOAD /home/kovvalinio/st/stm32cubeide_1.10.1_2/plugins/com.st.stm32cube.ide.mcu.externaltools.gnu-tools-for-stm32.10.3-2021.10.linux64_1.0.0.202111181127/tools/bin/../lib/gcc/arm-none-eabi/10.3.1/../../../../arm-none-eabi/lib/thumb/v7e-m+fp/hard/libc_nano.a
LOAD /home/kovvalinio/st/stm32cubeide_1.10.1_2/plugins/com.st.stm32cube.ide.mcu.externaltools.gnu-tools-for-stm32.10.3-2021.10.linux64_1.0.0.202111181127/tools/bin/../lib/gcc/arm-none-eabi/10.3.1/../../../../arm-none-eabi/lib/thumb/v7e-m+fp/hard/libnosys.a
END GROUP
LOAD /home/kovvalinio/st/stm32cubeide_1.10.1_2/plugins/com.st.stm32cube.ide.mcu.externaltools.gnu-tools-for-stm32.10.3-2021.10.linux64_1.0.0.202111181127/tools/bin/../lib/gcc/arm-none-eabi/10.3.1/thumb/v7e-m+fp/hard/crtend.o
LOAD /home/kovvalinio/st/stm32cubeide_1.10.1_2/plugins/com.st.stm32cube.ide.mcu.externaltools.gnu-tools-for-stm32.10.3-2021.10.linux64_1.0.0.202111181127/tools/bin/../lib/gcc/arm-none-eabi/10.3.1/thumb/v7e-m+fp/hard/crtn.o
                0x0000000020050000                _estack = (ORIGIN (RAM) + LENGTH (RAM))
                0x0000000000000200                _Min_Heap_Size = 0x200
                0x0000000000000400                _Min_Stack_Size = 0x400

.isr_vector     0x0000000008000000      0x1c8
                0x0000000008000000                . = ALIGN (0x4)
 *(.isr_vector)
 .isr_vector    0x0000000008000000      0x1c8 ./Core/Startup/startup_stm32f756vgtx.o
                0x0000000008000000                g_pfnVectors
                0x00000000080001c8                . = ALIGN (0x4)

.text           0x00000000080001c8     0xefc4
                0x00000000080001c8                . = ALIGN (0x4)
 *(.text)
 .text          0x00000000080001c8       0x40 /home/kovvalinio/st/stm32cubeide_1.10.1_2/plugins/com.st.stm32cube.ide.mcu.externaltools.gnu-tools-for-stm32.10.3-2021.10.linux64_1.0.0.202111181127/tools/bin/../lib/gcc/arm-none-eabi/10.3.1/thumb/v7e-m+fp/hard/crtbegin.o
 .text          0x0000000008000208       0x30 /home/kovvalinio/st/stm32cubeide_1.10.1_2/plugins/com.st.stm32cube.ide.mcu.externaltools.gnu-tools-for-stm32.10.3-2021.10.linux64_1.0.0.202111181127/tools/bin/../lib/gcc/arm-none-eabi/10.3.1/thumb/v7e-m+fp/hard/libgcc.a(_aeabi_uldivmod.o)
                0x0000000008000208                __aeabi_uldivmod
 .text          0x0000000008000238      0x2d0 /home/kovvalinio/st/stm32cubeide_1.10.1_2/plugins/com.st.stm32cube.ide.mcu.externaltools.gnu-tools-for-stm32.10.3-2021.10.linux64_1.0.0.202111181127/tools/bin/../lib/gcc/arm-none-eabi/10.3.1/thumb/v7e-m+fp/hard/libgcc.a(_udivmoddi4.o)
                0x0000000008000238                __udivmoddi4
 .text          0x0000000008000508        0x4 /home/kovvalinio/st/stm32cubeide_1.10.1_2/plugins/com.st.stm32cube.ide.mcu.externaltools.gnu-tools-for-stm32.10.3-2021.10.linux64_1.0.0.202111181127/tools/bin/../lib/gcc/arm-none-eabi/10.3.1/thumb/v7e-m+fp/hard/libgcc.a(_dvmd_tls.o)
                0x0000000008000508                __aeabi_ldiv0
                0x0000000008000508                __aeabi_idiv0
 *(.text*)
 .text.measure_and_add
                0x000000000800050c       0x28 ./Core/Src/accelerometer_config.o
                0x000000000800050c                measure_and_add
 .text.MX_CRC_Init
                0x0000000008000534       0x44 ./Core/Src/crc.o
                0x0000000008000534                MX_CRC_Init
 .text.HAL_CRC_MspInit
                0x0000000008000578       0x40 ./Core/Src/crc.o
                0x0000000008000578                HAL_CRC_MspInit
 .text.BSP_I2C4_Init
                0x00000000080005b8       0x7c ./Core/Src/custom_bus.o
                0x00000000080005b8                BSP_I2C4_Init
 .text.BSP_I2C4_DeInit
                0x0000000008000634       0x50 ./Core/Src/custom_bus.o
                0x0000000008000634                BSP_I2C4_DeInit
 .text.BSP_I2C4_WriteReg
                0x0000000008000684       0x64 ./Core/Src/custom_bus.o
                0x0000000008000684                BSP_I2C4_WriteReg
 .text.BSP_I2C4_ReadReg
                0x00000000080006e8       0x64 ./Core/Src/custom_bus.o
                0x00000000080006e8                BSP_I2C4_ReadReg
 .text.BSP_GetTick
                0x000000000800074c        0xe ./Core/Src/custom_bus.o
                0x000000000800074c                BSP_GetTick
 *fill*         0x000000000800075a        0x2 
 .text.MX_I2C4_Init
                0x000000000800075c       0x90 ./Core/Src/custom_bus.o
                0x000000000800075c                MX_I2C4_Init
 .text.I2C4_MspInit
                0x00000000080007ec       0xe4 ./Core/Src/custom_bus.o
 .text.I2C4_MspDeInit
                0x00000000080008d0       0x44 ./Core/Src/custom_bus.o
 .text.MX_DMA_Init
                0x0000000008000914       0x3c ./Core/Src/dma.o
                0x0000000008000914                MX_DMA_Init
 .text.MX_GPIO_Init
                0x0000000008000950       0xd0 ./Core/Src/gpio.o
                0x0000000008000950                MX_GPIO_Init
 .text.MX_I2C1_Init
                0x0000000008000a20       0x80 ./Core/Src/i2c.o
                0x0000000008000a20                MX_I2C1_Init
 .text.HAL_I2C_MspInit
                0x0000000008000aa0       0xdc ./Core/Src/i2c.o
                0x0000000008000aa0                HAL_I2C_MspInit
 .text.HAL_I2C_MspDeInit
                0x0000000008000b7c       0x50 ./Core/Src/i2c.o
                0x0000000008000b7c                HAL_I2C_MspDeInit
 .text.FifoWrite_B
                0x0000000008000bcc       0x58 ./Core/Src/main.o
                0x0000000008000bcc                FifoWrite_B
 .text.HAL_SPI_RxHalfCpltCallback
                0x0000000008000c24       0x2c ./Core/Src/main.o
                0x0000000008000c24                HAL_SPI_RxHalfCpltCallback
 .text.HAL_SPI_RxCpltCallback
                0x0000000008000c50       0x2c ./Core/Src/main.o
                0x0000000008000c50                HAL_SPI_RxCpltCallback
 .text.HAL_TIM_PeriodElapsedCallback
                0x0000000008000c7c       0x34 ./Core/Src/main.o
                0x0000000008000c7c                HAL_TIM_PeriodElapsedCallback
 .text.HAL_I2C_MemRxCpltCallback
                0x0000000008000cb0       0xf0 ./Core/Src/main.o
                0x0000000008000cb0                HAL_I2C_MemRxCpltCallback
 .text.prepare_mic_data_to_send
                0x0000000008000da0       0xc4 ./Core/Src/main.o
                0x0000000008000da0                prepare_mic_data_to_send
 .text.prepare_acc_data_to_send
                0x0000000008000e64      0x10c ./Core/Src/main.o
                0x0000000008000e64                prepare_acc_data_to_send
 .text.main     0x0000000008000f70      0x1ac ./Core/Src/main.o
                0x0000000008000f70                main
 .text.SystemClock_Config
                0x000000000800111c       0xd0 ./Core/Src/main.o
                0x000000000800111c                SystemClock_Config
 .text.Error_Handler
                0x00000000080011ec        0xa ./Core/Src/main.o
                0x00000000080011ec                Error_Handler
 *fill*         0x00000000080011f6        0x2 
 .text.MX_SPI2_Init
                0x00000000080011f8       0x7c ./Core/Src/spi.o
                0x00000000080011f8                MX_SPI2_Init
 .text.HAL_SPI_MspInit
                0x0000000008001274      0x13c ./Core/Src/spi.o
                0x0000000008001274                HAL_SPI_MspInit
 .text.HAL_MspInit
                0x00000000080013b0       0x54 ./Core/Src/stm32f7xx_hal_msp.o
                0x00000000080013b0                HAL_MspInit
 .text.NMI_Handler
                0x0000000008001404        0x6 ./Core/Src/stm32f7xx_it.o
                0x0000000008001404                NMI_Handler
 .text.HardFault_Handler
                0x000000000800140a        0x6 ./Core/Src/stm32f7xx_it.o
                0x000000000800140a                HardFault_Handler
 .text.MemManage_Handler
                0x0000000008001410        0x6 ./Core/Src/stm32f7xx_it.o
                0x0000000008001410                MemManage_Handler
 .text.BusFault_Handler
                0x0000000008001416        0x6 ./Core/Src/stm32f7xx_it.o
                0x0000000008001416                BusFault_Handler
 .text.UsageFault_Handler
                0x000000000800141c        0x6 ./Core/Src/stm32f7xx_it.o
                0x000000000800141c                UsageFault_Handler
 .text.SVC_Handler
                0x0000000008001422        0xe ./Core/Src/stm32f7xx_it.o
                0x0000000008001422                SVC_Handler
 .text.DebugMon_Handler
                0x0000000008001430        0xe ./Core/Src/stm32f7xx_it.o
                0x0000000008001430                DebugMon_Handler
 .text.PendSV_Handler
                0x000000000800143e        0xe ./Core/Src/stm32f7xx_it.o
                0x000000000800143e                PendSV_Handler
 .text.SysTick_Handler
                0x000000000800144c        0xc ./Core/Src/stm32f7xx_it.o
                0x000000000800144c                SysTick_Handler
 .text.RCC_IRQHandler
                0x0000000008001458        0xe ./Core/Src/stm32f7xx_it.o
                0x0000000008001458                RCC_IRQHandler
 *fill*         0x0000000008001466        0x2 
 .text.DMA1_Stream3_IRQHandler
                0x0000000008001468       0x14 ./Core/Src/stm32f7xx_it.o
                0x0000000008001468                DMA1_Stream3_IRQHandler
 .text.TIM1_BRK_TIM9_IRQHandler
                0x000000000800147c       0x14 ./Core/Src/stm32f7xx_it.o
                0x000000000800147c                TIM1_BRK_TIM9_IRQHandler
 .text.TIM1_UP_TIM10_IRQHandler
                0x0000000008001490       0x14 ./Core/Src/stm32f7xx_it.o
                0x0000000008001490                TIM1_UP_TIM10_IRQHandler
 .text.TIM1_TRG_COM_TIM11_IRQHandler
                0x00000000080014a4       0x14 ./Core/Src/stm32f7xx_it.o
                0x00000000080014a4                TIM1_TRG_COM_TIM11_IRQHandler
 .text.TIM1_CC_IRQHandler
                0x00000000080014b8       0x14 ./Core/Src/stm32f7xx_it.o
                0x00000000080014b8                TIM1_CC_IRQHandler
 .text.I2C1_EV_IRQHandler
                0x00000000080014cc       0x14 ./Core/Src/stm32f7xx_it.o
                0x00000000080014cc                I2C1_EV_IRQHandler
 .text.I2C1_ER_IRQHandler
                0x00000000080014e0       0x14 ./Core/Src/stm32f7xx_it.o
                0x00000000080014e0                I2C1_ER_IRQHandler
 .text.SPI2_IRQHandler
                0x00000000080014f4       0x14 ./Core/Src/stm32f7xx_it.o
                0x00000000080014f4                SPI2_IRQHandler
 .text.UART4_IRQHandler
                0x0000000008001508       0x14 ./Core/Src/stm32f7xx_it.o
                0x0000000008001508                UART4_IRQHandler
 .text.I2C4_EV_IRQHandler
                0x000000000800151c       0x14 ./Core/Src/stm32f7xx_it.o
                0x000000000800151c                I2C4_EV_IRQHandler
 .text.I2C4_ER_IRQHandler
                0x0000000008001530       0x14 ./Core/Src/stm32f7xx_it.o
                0x0000000008001530                I2C4_ER_IRQHandler
 .text.SystemInit
                0x0000000008001544       0x24 ./Core/Src/system_stm32f7xx.o
                0x0000000008001544                SystemInit
 .text.MX_TIM1_Init
                0x0000000008001568       0xa8 ./Core/Src/tim.o
                0x0000000008001568                MX_TIM1_Init
 .text.HAL_TIM_Base_MspInit
                0x0000000008001610       0x7c ./Core/Src/tim.o
                0x0000000008001610                HAL_TIM_Base_MspInit
 .text.MX_UART4_Init
                0x000000000800168c       0x60 ./Core/Src/usart.o
                0x000000000800168c                MX_UART4_Init
 .text.HAL_UART_MspInit
                0x00000000080016ec      0x114 ./Core/Src/usart.o
                0x00000000080016ec                HAL_UART_MspInit
 .text.Reset_Handler
                0x0000000008001800       0x50 ./Core/Startup/startup_stm32f756vgtx.o
                0x0000000008001800                Reset_Handler
 .text.Default_Handler
                0x0000000008001850        0x2 ./Core/Startup/startup_stm32f756vgtx.o
                0x0000000008001850                RTC_Alarm_IRQHandler
                0x0000000008001850                HASH_RNG_IRQHandler
                0x0000000008001850                EXTI2_IRQHandler
                0x0000000008001850                TIM8_CC_IRQHandler
                0x0000000008001850                UART8_IRQHandler
                0x0000000008001850                SPI4_IRQHandler
                0x0000000008001850                DMA2_Stream5_IRQHandler
                0x0000000008001850                DMA1_Stream5_IRQHandler
                0x0000000008001850                PVD_IRQHandler
                0x0000000008001850                TAMP_STAMP_IRQHandler
                0x0000000008001850                CAN2_RX1_IRQHandler
                0x0000000008001850                EXTI3_IRQHandler
                0x0000000008001850                TIM8_TRG_COM_TIM14_IRQHandler
                0x0000000008001850                TIM8_UP_TIM13_IRQHandler
                0x0000000008001850                I2C3_ER_IRQHandler
                0x0000000008001850                EXTI0_IRQHandler
                0x0000000008001850                I2C2_EV_IRQHandler
                0x0000000008001850                DMA1_Stream2_IRQHandler
                0x0000000008001850                CAN1_RX0_IRQHandler
                0x0000000008001850                FPU_IRQHandler
                0x0000000008001850                OTG_HS_WKUP_IRQHandler
                0x0000000008001850                LTDC_ER_IRQHandler
                0x0000000008001850                CAN2_SCE_IRQHandler
                0x0000000008001850                DMA2_Stream2_IRQHandler
                0x0000000008001850                SPI1_IRQHandler
                0x0000000008001850                TIM6_DAC_IRQHandler
                0x0000000008001850                DCMI_IRQHandler
                0x0000000008001850                CAN2_RX0_IRQHandler
                0x0000000008001850                DMA2_Stream3_IRQHandler
                0x0000000008001850                SAI2_IRQHandler
                0x0000000008001850                USART6_IRQHandler
                0x0000000008001850                USART3_IRQHandler
                0x0000000008001850                CRYP_IRQHandler
                0x0000000008001850                CAN1_RX1_IRQHandler
                0x0000000008001850                UART5_IRQHandler
                0x0000000008001850                DMA2_Stream0_IRQHandler
                0x0000000008001850                TIM4_IRQHandler
                0x0000000008001850                QUADSPI_IRQHandler
                0x0000000008001850                DMA1_Stream6_IRQHandler
                0x0000000008001850                DMA1_Stream1_IRQHandler
                0x0000000008001850                TIM3_IRQHandler
                0x0000000008001850                TIM8_BRK_TIM12_IRQHandler
                0x0000000008001850                Default_Handler
                0x0000000008001850                CEC_IRQHandler
                0x0000000008001850                EXTI15_10_IRQHandler
                0x0000000008001850                ADC_IRQHandler
                0x0000000008001850                DMA1_Stream7_IRQHandler
                0x0000000008001850                SPI5_IRQHandler
                0x0000000008001850                TIM7_IRQHandler
                0x0000000008001850                SDMMC1_IRQHandler
                0x0000000008001850                CAN2_TX_IRQHandler
                0x0000000008001850                TIM5_IRQHandler
                0x0000000008001850                DMA2_Stream7_IRQHandler
                0x0000000008001850                I2C3_EV_IRQHandler
                0x0000000008001850                EXTI9_5_IRQHandler
                0x0000000008001850                RTC_WKUP_IRQHandler
                0x0000000008001850                LTDC_IRQHandler
                0x0000000008001850                ETH_WKUP_IRQHandler
                0x0000000008001850                SPDIF_RX_IRQHandler
                0x0000000008001850                OTG_HS_EP1_IN_IRQHandler
                0x0000000008001850                DMA1_Stream0_IRQHandler
                0x0000000008001850                CAN1_TX_IRQHandler
                0x0000000008001850                EXTI4_IRQHandler
                0x0000000008001850                ETH_IRQHandler
                0x0000000008001850                OTG_HS_EP1_OUT_IRQHandler
                0x0000000008001850                WWDG_IRQHandler
                0x0000000008001850                SPI6_IRQHandler
                0x0000000008001850                TIM2_IRQHandler
                0x0000000008001850                OTG_FS_WKUP_IRQHandler
                0x0000000008001850                OTG_HS_IRQHandler
                0x0000000008001850                DMA2D_IRQHandler
                0x0000000008001850                EXTI1_IRQHandler
                0x0000000008001850                UART7_IRQHandler
                0x0000000008001850                USART2_IRQHandler
                0x0000000008001850                I2C2_ER_IRQHandler
                0x0000000008001850                DMA2_Stream1_IRQHandler
                0x0000000008001850                CAN1_SCE_IRQHandler
                0x0000000008001850                FLASH_IRQHandler
                0x0000000008001850                DMA2_Stream4_IRQHandler
                0x0000000008001850                USART1_IRQHandler
                0x0000000008001850                OTG_FS_IRQHandler
                0x0000000008001850                SPI3_IRQHandler
                0x0000000008001850                DMA1_Stream4_IRQHandler
                0x0000000008001850                FMC_IRQHandler
                0x0000000008001850                LPTIM1_IRQHandler
                0x0000000008001850                DMA2_Stream6_IRQHandler
                0x0000000008001850                SAI1_IRQHandler
 *fill*         0x0000000008001852        0x2 
 .text.IIS2DLPC_RegisterBusIO
                0x0000000008001854       0xd4 ./Drivers/BSP/Components/iis2dlpc/iis2dlpc.o
                0x0000000008001854                IIS2DLPC_RegisterBusIO
 .text.IIS2DLPC_Init
                0x0000000008001928       0xc4 ./Drivers/BSP/Components/iis2dlpc/iis2dlpc.o
                0x0000000008001928                IIS2DLPC_Init
 .text.IIS2DLPC_DeInit
                0x00000000080019ec       0x44 ./Drivers/BSP/Components/iis2dlpc/iis2dlpc.o
                0x00000000080019ec                IIS2DLPC_DeInit
 .text.IIS2DLPC_ReadID
                0x0000000008001a30       0x2c ./Drivers/BSP/Components/iis2dlpc/iis2dlpc.o
                0x0000000008001a30                IIS2DLPC_ReadID
 .text.IIS2DLPC_GetCapabilities
                0x0000000008001a5c       0x5c ./Drivers/BSP/Components/iis2dlpc/iis2dlpc.o
                0x0000000008001a5c                IIS2DLPC_GetCapabilities
 .text.IIS2DLPC_ACC_Enable
                0x0000000008001ab8       0x52 ./Drivers/BSP/Components/iis2dlpc/iis2dlpc.o
                0x0000000008001ab8                IIS2DLPC_ACC_Enable
 .text.IIS2DLPC_ACC_Disable
                0x0000000008001b0a       0x40 ./Drivers/BSP/Components/iis2dlpc/iis2dlpc.o
                0x0000000008001b0a                IIS2DLPC_ACC_Disable
 *fill*         0x0000000008001b4a        0x2 
 .text.IIS2DLPC_ACC_GetSensitivity
                0x0000000008001b4c      0x190 ./Drivers/BSP/Components/iis2dlpc/iis2dlpc.o
                0x0000000008001b4c                IIS2DLPC_ACC_GetSensitivity
 .text.IIS2DLPC_ACC_GetOutputDataRate
                0x0000000008001cdc      0x3c4 ./Drivers/BSP/Components/iis2dlpc/iis2dlpc.o
                0x0000000008001cdc                IIS2DLPC_ACC_GetOutputDataRate
 .text.IIS2DLPC_ACC_SetOutputDataRate
                0x00000000080020a0       0x24 ./Drivers/BSP/Components/iis2dlpc/iis2dlpc.o
                0x00000000080020a0                IIS2DLPC_ACC_SetOutputDataRate
 .text.IIS2DLPC_ACC_SetOutputDataRate_With_Mode
                0x00000000080020c4       0x4c ./Drivers/BSP/Components/iis2dlpc/iis2dlpc.o
                0x00000000080020c4                IIS2DLPC_ACC_SetOutputDataRate_With_Mode
 .text.IIS2DLPC_ACC_GetFullScale
                0x0000000008002110       0x84 ./Drivers/BSP/Components/iis2dlpc/iis2dlpc.o
                0x0000000008002110                IIS2DLPC_ACC_GetFullScale
 .text.IIS2DLPC_ACC_SetFullScale
                0x0000000008002194       0x50 ./Drivers/BSP/Components/iis2dlpc/iis2dlpc.o
                0x0000000008002194                IIS2DLPC_ACC_SetFullScale
 .text.IIS2DLPC_ACC_GetAxesRaw
                0x00000000080021e4      0x148 ./Drivers/BSP/Components/iis2dlpc/iis2dlpc.o
                0x00000000080021e4                IIS2DLPC_ACC_GetAxesRaw
 .text.IIS2DLPC_ACC_GetAxes
                0x000000000800232c       0xaa ./Drivers/BSP/Components/iis2dlpc/iis2dlpc.o
                0x000000000800232c                IIS2DLPC_ACC_GetAxes
 .text.IIS2DLPC_Write_Reg
                0x00000000080023d6       0x36 ./Drivers/BSP/Components/iis2dlpc/iis2dlpc.o
                0x00000000080023d6                IIS2DLPC_Write_Reg
 .text.IIS2DLPC_ACC_SetOutputDataRate_When_Enabled
                0x000000000800240c      0x238 ./Drivers/BSP/Components/iis2dlpc/iis2dlpc.o
 .text.IIS2DLPC_ACC_SetOutputDataRate_When_Disabled
                0x0000000008002644      0x124 ./Drivers/BSP/Components/iis2dlpc/iis2dlpc.o
 .text.ReadRegWrap
                0x0000000008002768       0x36 ./Drivers/BSP/Components/iis2dlpc/iis2dlpc.o
 .text.WriteRegWrap
                0x000000000800279e       0x36 ./Drivers/BSP/Components/iis2dlpc/iis2dlpc.o
 .text.iis2dlpc_read_reg
                0x00000000080027d4       0x30 ./Drivers/BSP/Components/iis2dlpc/iis2dlpc_reg.o
                0x00000000080027d4                iis2dlpc_read_reg
 .text.iis2dlpc_write_reg
                0x0000000008002804       0x30 ./Drivers/BSP/Components/iis2dlpc/iis2dlpc_reg.o
                0x0000000008002804                iis2dlpc_write_reg
 .text.iis2dlpc_power_mode_set
                0x0000000008002834       0x9c ./Drivers/BSP/Components/iis2dlpc/iis2dlpc_reg.o
                0x0000000008002834                iis2dlpc_power_mode_set
 .text.iis2dlpc_power_mode_get
                0x00000000080028d0      0x174 ./Drivers/BSP/Components/iis2dlpc/iis2dlpc_reg.o
                0x00000000080028d0                iis2dlpc_power_mode_get
 .text.iis2dlpc_data_rate_set
                0x0000000008002a44       0x8a ./Drivers/BSP/Components/iis2dlpc/iis2dlpc_reg.o
                0x0000000008002a44                iis2dlpc_data_rate_set
 *fill*         0x0000000008002ace        0x2 
 .text.iis2dlpc_data_rate_get
                0x0000000008002ad0      0x150 ./Drivers/BSP/Components/iis2dlpc/iis2dlpc_reg.o
                0x0000000008002ad0                iis2dlpc_data_rate_get
 .text.iis2dlpc_block_data_update_set
                0x0000000008002c20       0x4c ./Drivers/BSP/Components/iis2dlpc/iis2dlpc_reg.o
                0x0000000008002c20                iis2dlpc_block_data_update_set
 .text.iis2dlpc_full_scale_set
                0x0000000008002c6c       0x4c ./Drivers/BSP/Components/iis2dlpc/iis2dlpc_reg.o
                0x0000000008002c6c                iis2dlpc_full_scale_set
 .text.iis2dlpc_full_scale_get
                0x0000000008002cb8       0x70 ./Drivers/BSP/Components/iis2dlpc/iis2dlpc_reg.o
                0x0000000008002cb8                iis2dlpc_full_scale_get
 .text.iis2dlpc_acceleration_raw_get
                0x0000000008002d28       0x96 ./Drivers/BSP/Components/iis2dlpc/iis2dlpc_reg.o
                0x0000000008002d28                iis2dlpc_acceleration_raw_get
 .text.iis2dlpc_device_id_get
                0x0000000008002dbe       0x22 ./Drivers/BSP/Components/iis2dlpc/iis2dlpc_reg.o
                0x0000000008002dbe                iis2dlpc_device_id_get
 .text.iis2dlpc_auto_increment_set
                0x0000000008002de0       0x4c ./Drivers/BSP/Components/iis2dlpc/iis2dlpc_reg.o
                0x0000000008002de0                iis2dlpc_auto_increment_set
 .text.iis2dlpc_fifo_mode_set
                0x0000000008002e2c       0x4c ./Drivers/BSP/Components/iis2dlpc/iis2dlpc_reg.o
                0x0000000008002e2c                iis2dlpc_fifo_mode_set
 .text.IIS2MDC_RegisterBusIO
                0x0000000008002e78       0xd0 ./Drivers/BSP/Components/iis2mdc/iis2mdc.o
                0x0000000008002e78                IIS2MDC_RegisterBusIO
 .text.IIS2MDC_Init
                0x0000000008002f48       0x7a ./Drivers/BSP/Components/iis2mdc/iis2mdc.o
                0x0000000008002f48                IIS2MDC_Init
 .text.IIS2MDC_DeInit
                0x0000000008002fc2       0x2c ./Drivers/BSP/Components/iis2mdc/iis2mdc.o
                0x0000000008002fc2                IIS2MDC_DeInit
 .text.IIS2MDC_ReadID
                0x0000000008002fee       0x2c ./Drivers/BSP/Components/iis2mdc/iis2mdc.o
                0x0000000008002fee                IIS2MDC_ReadID
 *fill*         0x000000000800301a        0x2 
 .text.IIS2MDC_GetCapabilities
                0x000000000800301c       0x5c ./Drivers/BSP/Components/iis2mdc/iis2mdc.o
                0x000000000800301c                IIS2MDC_GetCapabilities
 .text.IIS2MDC_MAG_Enable
                0x0000000008003078       0x40 ./Drivers/BSP/Components/iis2mdc/iis2mdc.o
                0x0000000008003078                IIS2MDC_MAG_Enable
 .text.IIS2MDC_MAG_Disable
                0x00000000080030b8       0x40 ./Drivers/BSP/Components/iis2mdc/iis2mdc.o
                0x00000000080030b8                IIS2MDC_MAG_Disable
 .text.IIS2MDC_MAG_GetSensitivity
                0x00000000080030f8       0x20 ./Drivers/BSP/Components/iis2mdc/iis2mdc.o
                0x00000000080030f8                IIS2MDC_MAG_GetSensitivity
 .text.IIS2MDC_MAG_GetOutputDataRate
                0x0000000008003118       0x8c ./Drivers/BSP/Components/iis2mdc/iis2mdc.o
                0x0000000008003118                IIS2MDC_MAG_GetOutputDataRate
 .text.IIS2MDC_MAG_SetOutputDataRate
                0x00000000080031a4       0x7c ./Drivers/BSP/Components/iis2mdc/iis2mdc.o
                0x00000000080031a4                IIS2MDC_MAG_SetOutputDataRate
 .text.IIS2MDC_MAG_GetFullScale
                0x0000000008003220       0x1e ./Drivers/BSP/Components/iis2mdc/iis2mdc.o
                0x0000000008003220                IIS2MDC_MAG_GetFullScale
 .text.IIS2MDC_MAG_SetFullScale
                0x000000000800323e       0x18 ./Drivers/BSP/Components/iis2mdc/iis2mdc.o
                0x000000000800323e                IIS2MDC_MAG_SetFullScale
 .text.IIS2MDC_MAG_GetAxesRaw
                0x0000000008003256       0x48 ./Drivers/BSP/Components/iis2mdc/iis2mdc.o
                0x0000000008003256                IIS2MDC_MAG_GetAxesRaw
 .text.IIS2MDC_MAG_GetAxes
                0x000000000800329e       0x9c ./Drivers/BSP/Components/iis2mdc/iis2mdc.o
                0x000000000800329e                IIS2MDC_MAG_GetAxes
 .text.ReadMagRegWrap
                0x000000000800333a       0x62 ./Drivers/BSP/Components/iis2mdc/iis2mdc.o
 .text.WriteMagRegWrap
                0x000000000800339c       0x62 ./Drivers/BSP/Components/iis2mdc/iis2mdc.o
 .text.iis2mdc_read_reg
                0x00000000080033fe       0x30 ./Drivers/BSP/Components/iis2mdc/iis2mdc_reg.o
                0x00000000080033fe                iis2mdc_read_reg
 .text.iis2mdc_write_reg
                0x000000000800342e       0x30 ./Drivers/BSP/Components/iis2mdc/iis2mdc_reg.o
                0x000000000800342e                iis2mdc_write_reg
 .text.iis2mdc_operating_mode_set
                0x000000000800345e       0x4c ./Drivers/BSP/Components/iis2mdc/iis2mdc_reg.o
                0x000000000800345e                iis2mdc_operating_mode_set
 .text.iis2mdc_data_rate_set
                0x00000000080034aa       0x4c ./Drivers/BSP/Components/iis2mdc/iis2mdc_reg.o
                0x00000000080034aa                iis2mdc_data_rate_set
 *fill*         0x00000000080034f6        0x2 
 .text.iis2mdc_data_rate_get
                0x00000000080034f8       0x70 ./Drivers/BSP/Components/iis2mdc/iis2mdc_reg.o
                0x00000000080034f8                iis2mdc_data_rate_get
 .text.iis2mdc_block_data_update_set
                0x0000000008003568       0x4c ./Drivers/BSP/Components/iis2mdc/iis2mdc_reg.o
                0x0000000008003568                iis2mdc_block_data_update_set
 .text.iis2mdc_magnetic_raw_get
                0x00000000080035b4       0x96 ./Drivers/BSP/Components/iis2mdc/iis2mdc_reg.o
                0x00000000080035b4                iis2mdc_magnetic_raw_get
 .text.iis2mdc_device_id_get
                0x000000000800364a       0x22 ./Drivers/BSP/Components/iis2mdc/iis2mdc_reg.o
                0x000000000800364a                iis2mdc_device_id_get
 .text.iis2mdc_self_test_set
                0x000000000800366c       0x4c ./Drivers/BSP/Components/iis2mdc/iis2mdc_reg.o
                0x000000000800366c                iis2mdc_self_test_set
 .text.iis2mdc_i2c_interface_set
                0x00000000080036b8       0x4c ./Drivers/BSP/Components/iis2mdc/iis2mdc_reg.o
                0x00000000080036b8                iis2mdc_i2c_interface_set
 .text.ISM330DHCX_RegisterBusIO
                0x0000000008003704       0xd4 ./Drivers/BSP/Components/ism330dhcx/ism330dhcx.o
                0x0000000008003704                ISM330DHCX_RegisterBusIO
 .text.ISM330DHCX_Init
                0x00000000080037d8      0x11a ./Drivers/BSP/Components/ism330dhcx/ism330dhcx.o
                0x00000000080037d8                ISM330DHCX_Init
 .text.ISM330DHCX_DeInit
                0x00000000080038f2       0x4e ./Drivers/BSP/Components/ism330dhcx/ism330dhcx.o
                0x00000000080038f2                ISM330DHCX_DeInit
 .text.ISM330DHCX_ReadID
                0x0000000008003940       0x2c ./Drivers/BSP/Components/ism330dhcx/ism330dhcx.o
                0x0000000008003940                ISM330DHCX_ReadID
 .text.ISM330DHCX_GetCapabilities
                0x000000000800396c       0x5c ./Drivers/BSP/Components/ism330dhcx/ism330dhcx.o
                0x000000000800396c                ISM330DHCX_GetCapabilities
 .text.ISM330DHCX_ACC_Enable
                0x00000000080039c8       0x48 ./Drivers/BSP/Components/ism330dhcx/ism330dhcx.o
                0x00000000080039c8                ISM330DHCX_ACC_Enable
 .text.ISM330DHCX_ACC_Disable
                0x0000000008003a10       0x5e ./Drivers/BSP/Components/ism330dhcx/ism330dhcx.o
                0x0000000008003a10                ISM330DHCX_ACC_Disable
 *fill*         0x0000000008003a6e        0x2 
 .text.ISM330DHCX_ACC_GetSensitivity
                0x0000000008003a70       0x8c ./Drivers/BSP/Components/ism330dhcx/ism330dhcx.o
                0x0000000008003a70                ISM330DHCX_ACC_GetSensitivity
 .text.ISM330DHCX_ACC_GetOutputDataRate
                0x0000000008003afc       0xf8 ./Drivers/BSP/Components/ism330dhcx/ism330dhcx.o
                0x0000000008003afc                ISM330DHCX_ACC_GetOutputDataRate
 .text.ISM330DHCX_ACC_SetOutputDataRate
                0x0000000008003bf4       0x38 ./Drivers/BSP/Components/ism330dhcx/ism330dhcx.o
                0x0000000008003bf4                ISM330DHCX_ACC_SetOutputDataRate
 .text.ISM330DHCX_ACC_GetFullScale
                0x0000000008003c2c       0x7c ./Drivers/BSP/Components/ism330dhcx/ism330dhcx.o
                0x0000000008003c2c                ISM330DHCX_ACC_GetFullScale
 .text.ISM330DHCX_ACC_SetFullScale
                0x0000000008003ca8       0x50 ./Drivers/BSP/Components/ism330dhcx/ism330dhcx.o
                0x0000000008003ca8                ISM330DHCX_ACC_SetFullScale
 .text.ISM330DHCX_ACC_GetAxesRaw
                0x0000000008003cf8       0x48 ./Drivers/BSP/Components/ism330dhcx/ism330dhcx.o
                0x0000000008003cf8                ISM330DHCX_ACC_GetAxesRaw
 .text.ISM330DHCX_ACC_GetAxes
                0x0000000008003d40       0xae ./Drivers/BSP/Components/ism330dhcx/ism330dhcx.o
                0x0000000008003d40                ISM330DHCX_ACC_GetAxes
 .text.ISM330DHCX_GYRO_Enable
                0x0000000008003dee       0x48 ./Drivers/BSP/Components/ism330dhcx/ism330dhcx.o
                0x0000000008003dee                ISM330DHCX_GYRO_Enable
 .text.ISM330DHCX_GYRO_Disable
                0x0000000008003e36       0x5e ./Drivers/BSP/Components/ism330dhcx/ism330dhcx.o
                0x0000000008003e36                ISM330DHCX_GYRO_Disable
 .text.ISM330DHCX_GYRO_GetSensitivity
                0x0000000008003e94       0xc8 ./Drivers/BSP/Components/ism330dhcx/ism330dhcx.o
                0x0000000008003e94                ISM330DHCX_GYRO_GetSensitivity
 .text.ISM330DHCX_GYRO_GetOutputDataRate
                0x0000000008003f5c       0xf8 ./Drivers/BSP/Components/ism330dhcx/ism330dhcx.o
                0x0000000008003f5c                ISM330DHCX_GYRO_GetOutputDataRate
 .text.ISM330DHCX_GYRO_SetOutputDataRate
                0x0000000008004054       0x38 ./Drivers/BSP/Components/ism330dhcx/ism330dhcx.o
                0x0000000008004054                ISM330DHCX_GYRO_SetOutputDataRate
 .text.ISM330DHCX_GYRO_GetFullScale
                0x000000000800408c       0xb8 ./Drivers/BSP/Components/ism330dhcx/ism330dhcx.o
                0x000000000800408c                ISM330DHCX_GYRO_GetFullScale
 .text.ISM330DHCX_GYRO_SetFullScale
                0x0000000008004144       0x6a ./Drivers/BSP/Components/ism330dhcx/ism330dhcx.o
                0x0000000008004144                ISM330DHCX_GYRO_SetFullScale
 .text.ISM330DHCX_GYRO_GetAxesRaw
                0x00000000080041ae       0x48 ./Drivers/BSP/Components/ism330dhcx/ism330dhcx.o
                0x00000000080041ae                ISM330DHCX_GYRO_GetAxesRaw
 .text.ISM330DHCX_GYRO_GetAxes
                0x00000000080041f6       0xa8 ./Drivers/BSP/Components/ism330dhcx/ism330dhcx.o
                0x00000000080041f6                ISM330DHCX_GYRO_GetAxes
 .text.ISM330DHCX_Write_Reg
                0x000000000800429e       0x36 ./Drivers/BSP/Components/ism330dhcx/ism330dhcx.o
                0x000000000800429e                ISM330DHCX_Write_Reg
 .text.ISM330DHCX_ACC_SetOutputDataRate_When_Enabled
                0x00000000080042d4      0x118 ./Drivers/BSP/Components/ism330dhcx/ism330dhcx.o
 .text.ISM330DHCX_ACC_SetOutputDataRate_When_Disabled
                0x00000000080043ec      0x104 ./Drivers/BSP/Components/ism330dhcx/ism330dhcx.o
 .text.ISM330DHCX_GYRO_SetOutputDataRate_When_Enabled
                0x00000000080044f0      0x118 ./Drivers/BSP/Components/ism330dhcx/ism330dhcx.o
 .text.ISM330DHCX_GYRO_SetOutputDataRate_When_Disabled
                0x0000000008004608      0x104 ./Drivers/BSP/Components/ism330dhcx/ism330dhcx.o
 .text.ReadRegWrap
                0x000000000800470c       0x36 ./Drivers/BSP/Components/ism330dhcx/ism330dhcx.o
 .text.WriteRegWrap
                0x0000000008004742       0x36 ./Drivers/BSP/Components/ism330dhcx/ism330dhcx.o
 .text.ism330dhcx_read_reg
                0x0000000008004778       0x30 ./Drivers/BSP/Components/ism330dhcx/ism330dhcx_reg.o
                0x0000000008004778                ism330dhcx_read_reg
 .text.ism330dhcx_write_reg
                0x00000000080047a8       0x30 ./Drivers/BSP/Components/ism330dhcx/ism330dhcx_reg.o
                0x00000000080047a8                ism330dhcx_write_reg
 .text.ism330dhcx_xl_full_scale_set
                0x00000000080047d8       0x4c ./Drivers/BSP/Components/ism330dhcx/ism330dhcx_reg.o
                0x00000000080047d8                ism330dhcx_xl_full_scale_set
 .text.ism330dhcx_xl_full_scale_get
                0x0000000008004824       0x70 ./Drivers/BSP/Components/ism330dhcx/ism330dhcx_reg.o
                0x0000000008004824                ism330dhcx_xl_full_scale_get
 .text.ism330dhcx_xl_data_rate_set
                0x0000000008004894      0x2e0 ./Drivers/BSP/Components/ism330dhcx/ism330dhcx_reg.o
                0x0000000008004894                ism330dhcx_xl_data_rate_set
 .text.ism330dhcx_xl_data_rate_get
                0x0000000008004b74       0xd0 ./Drivers/BSP/Components/ism330dhcx/ism330dhcx_reg.o
                0x0000000008004b74                ism330dhcx_xl_data_rate_get
 .text.ism330dhcx_gy_full_scale_set
                0x0000000008004c44       0x4c ./Drivers/BSP/Components/ism330dhcx/ism330dhcx_reg.o
                0x0000000008004c44                ism330dhcx_gy_full_scale_set
 .text.ism330dhcx_gy_full_scale_get
                0x0000000008004c90       0xa4 ./Drivers/BSP/Components/ism330dhcx/ism330dhcx_reg.o
                0x0000000008004c90                ism330dhcx_gy_full_scale_get
 .text.ism330dhcx_gy_data_rate_set
                0x0000000008004d34      0x2e0 ./Drivers/BSP/Components/ism330dhcx/ism330dhcx_reg.o
                0x0000000008004d34                ism330dhcx_gy_data_rate_set
 .text.ism330dhcx_gy_data_rate_get
                0x0000000008005014       0xc4 ./Drivers/BSP/Components/ism330dhcx/ism330dhcx_reg.o
                0x0000000008005014                ism330dhcx_gy_data_rate_get
 .text.ism330dhcx_block_data_update_set
                0x00000000080050d8       0x4c ./Drivers/BSP/Components/ism330dhcx/ism330dhcx_reg.o
                0x00000000080050d8                ism330dhcx_block_data_update_set
 .text.ism330dhcx_angular_rate_raw_get
                0x0000000008005124       0x96 ./Drivers/BSP/Components/ism330dhcx/ism330dhcx_reg.o
                0x0000000008005124                ism330dhcx_angular_rate_raw_get
 .text.ism330dhcx_acceleration_raw_get
                0x00000000080051ba       0x96 ./Drivers/BSP/Components/ism330dhcx/ism330dhcx_reg.o
                0x00000000080051ba                ism330dhcx_acceleration_raw_get
 .text.ism330dhcx_device_conf_set
                0x0000000008005250       0x4c ./Drivers/BSP/Components/ism330dhcx/ism330dhcx_reg.o
                0x0000000008005250                ism330dhcx_device_conf_set
 .text.ism330dhcx_mem_bank_set
                0x000000000800529c       0x4c ./Drivers/BSP/Components/ism330dhcx/ism330dhcx_reg.o
                0x000000000800529c                ism330dhcx_mem_bank_set
 .text.ism330dhcx_device_id_get
                0x00000000080052e8       0x22 ./Drivers/BSP/Components/ism330dhcx/ism330dhcx_reg.o
                0x00000000080052e8                ism330dhcx_device_id_get
 .text.ism330dhcx_reset_set
                0x000000000800530a       0x4c ./Drivers/BSP/Components/ism330dhcx/ism330dhcx_reg.o
                0x000000000800530a                ism330dhcx_reset_set
 .text.ism330dhcx_auto_increment_set
                0x0000000008005356       0x4c ./Drivers/BSP/Components/ism330dhcx/ism330dhcx_reg.o
                0x0000000008005356                ism330dhcx_auto_increment_set
 .text.ism330dhcx_fifo_mode_set
                0x00000000080053a2       0x4c ./Drivers/BSP/Components/ism330dhcx/ism330dhcx_reg.o
                0x00000000080053a2                ism330dhcx_fifo_mode_set
 .text.ism330dhcx_fsm_enable_get
                0x00000000080053ee       0x58 ./Drivers/BSP/Components/ism330dhcx/ism330dhcx_reg.o
                0x00000000080053ee                ism330dhcx_fsm_enable_get
 *fill*         0x0000000008005446        0x2 
 .text.ism330dhcx_fsm_data_rate_get
                0x0000000008005448       0x90 ./Drivers/BSP/Components/ism330dhcx/ism330dhcx_reg.o
                0x0000000008005448                ism330dhcx_fsm_data_rate_get
 .text.ism330dhcx_mlc_get
                0x00000000080054d8       0x52 ./Drivers/BSP/Components/ism330dhcx/ism330dhcx_reg.o
                0x00000000080054d8                ism330dhcx_mlc_get
 *fill*         0x000000000800552a        0x2 
 .text.ism330dhcx_mlc_data_rate_get
                0x000000000800552c       0x90 ./Drivers/BSP/Components/ism330dhcx/ism330dhcx_reg.o
                0x000000000800552c                ism330dhcx_mlc_data_rate_get
 .text.IKS02A1_MOTION_SENSOR_Init
                0x00000000080055bc      0x1f8 ./Drivers/BSP/IKS02A1/iks02a1_motion_sensors.o
                0x00000000080055bc                IKS02A1_MOTION_SENSOR_Init
 .text.ISM330DHCX_0_Probe
                0x00000000080057b4      0x180 ./Drivers/BSP/IKS02A1/iks02a1_motion_sensors.o
 .text.IIS2DLPC_0_Probe
                0x0000000008005934      0x158 ./Drivers/BSP/IKS02A1/iks02a1_motion_sensors.o
 .text.IIS2MDC_0_Probe
                0x0000000008005a8c      0x158 ./Drivers/BSP/IKS02A1/iks02a1_motion_sensors.o
 .text.HAL_Init
                0x0000000008005be4       0x1a ./Drivers/STM32F7xx_HAL_Driver/Src/stm32f7xx_hal.o
                0x0000000008005be4                HAL_Init
 *fill*         0x0000000008005bfe        0x2 
 .text.HAL_InitTick
                0x0000000008005c00       0x60 ./Drivers/STM32F7xx_HAL_Driver/Src/stm32f7xx_hal.o
                0x0000000008005c00                HAL_InitTick
 .text.HAL_IncTick
                0x0000000008005c60       0x28 ./Drivers/STM32F7xx_HAL_Driver/Src/stm32f7xx_hal.o
                0x0000000008005c60                HAL_IncTick
 .text.HAL_GetTick
                0x0000000008005c88       0x18 ./Drivers/STM32F7xx_HAL_Driver/Src/stm32f7xx_hal.o
                0x0000000008005c88                HAL_GetTick
 .text.HAL_Delay
                0x0000000008005ca0       0x48 ./Drivers/STM32F7xx_HAL_Driver/Src/stm32f7xx_hal.o
                0x0000000008005ca0                HAL_Delay
 .text.__NVIC_SetPriorityGrouping
                0x0000000008005ce8       0x48 ./Drivers/STM32F7xx_HAL_Driver/Src/stm32f7xx_hal_cortex.o
 .text.__NVIC_GetPriorityGrouping
                0x0000000008005d30       0x1c ./Drivers/STM32F7xx_HAL_Driver/Src/stm32f7xx_hal_cortex.o
 .text.__NVIC_EnableIRQ
                0x0000000008005d4c       0x3c ./Drivers/STM32F7xx_HAL_Driver/Src/stm32f7xx_hal_cortex.o
 .text.__NVIC_DisableIRQ
                0x0000000008005d88       0x48 ./Drivers/STM32F7xx_HAL_Driver/Src/stm32f7xx_hal_cortex.o
 .text.__NVIC_SetPriority
                0x0000000008005dd0       0x54 ./Drivers/STM32F7xx_HAL_Driver/Src/stm32f7xx_hal_cortex.o
 .text.NVIC_EncodePriority
                0x0000000008005e24       0x66 ./Drivers/STM32F7xx_HAL_Driver/Src/stm32f7xx_hal_cortex.o
 *fill*         0x0000000008005e8a        0x2 
 .text.SysTick_Config
                0x0000000008005e8c       0x44 ./Drivers/STM32F7xx_HAL_Driver/Src/stm32f7xx_hal_cortex.o
 .text.HAL_NVIC_SetPriorityGrouping
                0x0000000008005ed0       0x16 ./Drivers/STM32F7xx_HAL_Driver/Src/stm32f7xx_hal_cortex.o
                0x0000000008005ed0                HAL_NVIC_SetPriorityGrouping
 .text.HAL_NVIC_SetPriority
                0x0000000008005ee6       0x38 ./Drivers/STM32F7xx_HAL_Driver/Src/stm32f7xx_hal_cortex.o
                0x0000000008005ee6                HAL_NVIC_SetPriority
 .text.HAL_NVIC_EnableIRQ
                0x0000000008005f1e       0x1c ./Drivers/STM32F7xx_HAL_Driver/Src/stm32f7xx_hal_cortex.o
                0x0000000008005f1e                HAL_NVIC_EnableIRQ
 .text.HAL_NVIC_DisableIRQ
                0x0000000008005f3a       0x1c ./Drivers/STM32F7xx_HAL_Driver/Src/stm32f7xx_hal_cortex.o
                0x0000000008005f3a                HAL_NVIC_DisableIRQ
 .text.HAL_SYSTICK_Config
                0x0000000008005f56       0x18 ./Drivers/STM32F7xx_HAL_Driver/Src/stm32f7xx_hal_cortex.o
                0x0000000008005f56                HAL_SYSTICK_Config
 *fill*         0x0000000008005f6e        0x2 
 .text.HAL_CRC_Init
                0x0000000008005f70       0xc8 ./Drivers/STM32F7xx_HAL_Driver/Src/stm32f7xx_hal_crc.o
                0x0000000008005f70                HAL_CRC_Init
 .text.HAL_CRCEx_Polynomial_Set
                0x0000000008006038      0x10c ./Drivers/STM32F7xx_HAL_Driver/Src/stm32f7xx_hal_crc_ex.o
                0x0000000008006038                HAL_CRCEx_Polynomial_Set
 .text.HAL_DMA_Init
                0x0000000008006144      0x15c ./Drivers/STM32F7xx_HAL_Driver/Src/stm32f7xx_hal_dma.o
                0x0000000008006144                HAL_DMA_Init
 .text.HAL_DMA_Start_IT
                0x00000000080062a0       0xc0 ./Drivers/STM32F7xx_HAL_Driver/Src/stm32f7xx_hal_dma.o
                0x00000000080062a0                HAL_DMA_Start_IT
 .text.HAL_DMA_Abort
                0x0000000008006360       0xe0 ./Drivers/STM32F7xx_HAL_Driver/Src/stm32f7xx_hal_dma.o
                0x0000000008006360                HAL_DMA_Abort
 .text.HAL_DMA_Abort_IT
                0x0000000008006440       0x44 ./Drivers/STM32F7xx_HAL_Driver/Src/stm32f7xx_hal_dma.o
                0x0000000008006440                HAL_DMA_Abort_IT
 .text.HAL_DMA_IRQHandler
                0x0000000008006484      0x314 ./Drivers/STM32F7xx_HAL_Driver/Src/stm32f7xx_hal_dma.o
                0x0000000008006484                HAL_DMA_IRQHandler
 .text.HAL_DMA_GetState
                0x0000000008006798       0x1c ./Drivers/STM32F7xx_HAL_Driver/Src/stm32f7xx_hal_dma.o
                0x0000000008006798                HAL_DMA_GetState
 .text.DMA_SetConfig
                0x00000000080067b4       0x5c ./Drivers/STM32F7xx_HAL_Driver/Src/stm32f7xx_hal_dma.o
 .text.DMA_CalcBaseAndBitshift
                0x0000000008006810       0x6c ./Drivers/STM32F7xx_HAL_Driver/Src/stm32f7xx_hal_dma.o
 .text.DMA_CheckFifoParam
                0x000000000800687c       0xf8 ./Drivers/STM32F7xx_HAL_Driver/Src/stm32f7xx_hal_dma.o
 .text.HAL_GPIO_Init
                0x0000000008006974      0x358 ./Drivers/STM32F7xx_HAL_Driver/Src/stm32f7xx_hal_gpio.o
                0x0000000008006974                HAL_GPIO_Init
 .text.HAL_GPIO_DeInit
                0x0000000008006ccc      0x218 ./Drivers/STM32F7xx_HAL_Driver/Src/stm32f7xx_hal_gpio.o
                0x0000000008006ccc                HAL_GPIO_DeInit
 .text.HAL_I2C_Init
                0x0000000008006ee4      0x120 ./Drivers/STM32F7xx_HAL_Driver/Src/stm32f7xx_hal_i2c.o
                0x0000000008006ee4                HAL_I2C_Init
 .text.HAL_I2C_DeInit
                0x0000000008007004       0x5e ./Drivers/STM32F7xx_HAL_Driver/Src/stm32f7xx_hal_i2c.o
                0x0000000008007004                HAL_I2C_DeInit
 *fill*         0x0000000008007062        0x2 
 .text.HAL_I2C_Mem_Write
                0x0000000008007064      0x228 ./Drivers/STM32F7xx_HAL_Driver/Src/stm32f7xx_hal_i2c.o
                0x0000000008007064                HAL_I2C_Mem_Write
 .text.HAL_I2C_Mem_Read
                0x000000000800728c      0x234 ./Drivers/STM32F7xx_HAL_Driver/Src/stm32f7xx_hal_i2c.o
                0x000000000800728c                HAL_I2C_Mem_Read
 .text.HAL_I2C_Mem_Read_IT
                0x00000000080074c0      0x10c ./Drivers/STM32F7xx_HAL_Driver/Src/stm32f7xx_hal_i2c.o
                0x00000000080074c0                HAL_I2C_Mem_Read_IT
 .text.HAL_I2C_EV_IRQHandler
                0x00000000080075cc       0x34 ./Drivers/STM32F7xx_HAL_Driver/Src/stm32f7xx_hal_i2c.o
                0x00000000080075cc                HAL_I2C_EV_IRQHandler
 .text.HAL_I2C_ER_IRQHandler
                0x0000000008007600       0xc2 ./Drivers/STM32F7xx_HAL_Driver/Src/stm32f7xx_hal_i2c.o
                0x0000000008007600                HAL_I2C_ER_IRQHandler
 .text.HAL_I2C_MasterTxCpltCallback
                0x00000000080076c2       0x14 ./Drivers/STM32F7xx_HAL_Driver/Src/stm32f7xx_hal_i2c.o
                0x00000000080076c2                HAL_I2C_MasterTxCpltCallback
 .text.HAL_I2C_MasterRxCpltCallback
                0x00000000080076d6       0x14 ./Drivers/STM32F7xx_HAL_Driver/Src/stm32f7xx_hal_i2c.o
                0x00000000080076d6                HAL_I2C_MasterRxCpltCallback
 .text.HAL_I2C_SlaveTxCpltCallback
                0x00000000080076ea       0x14 ./Drivers/STM32F7xx_HAL_Driver/Src/stm32f7xx_hal_i2c.o
                0x00000000080076ea                HAL_I2C_SlaveTxCpltCallback
 .text.HAL_I2C_SlaveRxCpltCallback
                0x00000000080076fe       0x14 ./Drivers/STM32F7xx_HAL_Driver/Src/stm32f7xx_hal_i2c.o
                0x00000000080076fe                HAL_I2C_SlaveRxCpltCallback
 .text.HAL_I2C_AddrCallback
                0x0000000008007712       0x1c ./Drivers/STM32F7xx_HAL_Driver/Src/stm32f7xx_hal_i2c.o
                0x0000000008007712                HAL_I2C_AddrCallback
 .text.HAL_I2C_ListenCpltCallback
                0x000000000800772e       0x14 ./Drivers/STM32F7xx_HAL_Driver/Src/stm32f7xx_hal_i2c.o
                0x000000000800772e                HAL_I2C_ListenCpltCallback
 .text.HAL_I2C_MemTxCpltCallback
                0x0000000008007742       0x14 ./Drivers/STM32F7xx_HAL_Driver/Src/stm32f7xx_hal_i2c.o
                0x0000000008007742                HAL_I2C_MemTxCpltCallback
 .text.HAL_I2C_ErrorCallback
                0x0000000008007756       0x14 ./Drivers/STM32F7xx_HAL_Driver/Src/stm32f7xx_hal_i2c.o
                0x0000000008007756                HAL_I2C_ErrorCallback
 .text.HAL_I2C_AbortCpltCallback
                0x000000000800776a       0x14 ./Drivers/STM32F7xx_HAL_Driver/Src/stm32f7xx_hal_i2c.o
                0x000000000800776a                HAL_I2C_AbortCpltCallback
 .text.HAL_I2C_GetState
                0x000000000800777e       0x1c ./Drivers/STM32F7xx_HAL_Driver/Src/stm32f7xx_hal_i2c.o
                0x000000000800777e                HAL_I2C_GetState
 .text.HAL_I2C_GetError
                0x000000000800779a       0x18 ./Drivers/STM32F7xx_HAL_Driver/Src/stm32f7xx_hal_i2c.o
                0x000000000800779a                HAL_I2C_GetError
 *fill*         0x00000000080077b2        0x2 
 .text.I2C_Mem_ISR_IT
                0x00000000080077b4      0x254 ./Drivers/STM32F7xx_HAL_Driver/Src/stm32f7xx_hal_i2c.o
 .text.I2C_Slave_ISR_IT
                0x0000000008007a08      0x206 ./Drivers/STM32F7xx_HAL_Driver/Src/stm32f7xx_hal_i2c.o
 .text.I2C_Master_ISR_DMA
                0x0000000008007c0e      0x1e6 ./Drivers/STM32F7xx_HAL_Driver/Src/stm32f7xx_hal_i2c.o
 .text.I2C_Slave_ISR_DMA
                0x0000000008007df4      0x1c0 ./Drivers/STM32F7xx_HAL_Driver/Src/stm32f7xx_hal_i2c.o
 .text.I2C_RequestMemoryWrite
                0x0000000008007fb4       0xa8 ./Drivers/STM32F7xx_HAL_Driver/Src/stm32f7xx_hal_i2c.o
 .text.I2C_RequestMemoryRead
                0x000000000800805c       0xa8 ./Drivers/STM32F7xx_HAL_Driver/Src/stm32f7xx_hal_i2c.o
 .text.I2C_ITAddrCplt
                0x0000000008008104      0x108 ./Drivers/STM32F7xx_HAL_Driver/Src/stm32f7xx_hal_i2c.o
 .text.I2C_ITMasterSeqCplt
                0x000000000800820c       0x7a ./Drivers/STM32F7xx_HAL_Driver/Src/stm32f7xx_hal_i2c.o
 .text.I2C_ITSlaveSeqCplt
                0x0000000008008286       0xbc ./Drivers/STM32F7xx_HAL_Driver/Src/stm32f7xx_hal_i2c.o
 *fill*         0x0000000008008342        0x2 
 .text.I2C_ITMasterCplt
                0x0000000008008344      0x194 ./Drivers/STM32F7xx_HAL_Driver/Src/stm32f7xx_hal_i2c.o
 .text.I2C_ITSlaveCplt
                0x00000000080084d8      0x214 ./Drivers/STM32F7xx_HAL_Driver/Src/stm32f7xx_hal_i2c.o
 .text.I2C_ITListenCplt
                0x00000000080086ec       0xac ./Drivers/STM32F7xx_HAL_Driver/Src/stm32f7xx_hal_i2c.o
 .text.I2C_ITError
                0x0000000008008798      0x1a0 ./Drivers/STM32F7xx_HAL_Driver/Src/stm32f7xx_hal_i2c.o
 .text.I2C_TreatErrorCallback
                0x0000000008008938       0x4e ./Drivers/STM32F7xx_HAL_Driver/Src/stm32f7xx_hal_i2c.o
 .text.I2C_Flush_TXDR
                0x0000000008008986       0x48 ./Drivers/STM32F7xx_HAL_Driver/Src/stm32f7xx_hal_i2c.o
 .text.I2C_DMAAbort
                0x00000000080089ce       0x3c ./Drivers/STM32F7xx_HAL_Driver/Src/stm32f7xx_hal_i2c.o
 .text.I2C_WaitOnFlagUntilTimeout
                0x0000000008008a0a       0x80 ./Drivers/STM32F7xx_HAL_Driver/Src/stm32f7xx_hal_i2c.o
 .text.I2C_WaitOnTXISFlagUntilTimeout
                0x0000000008008a8a       0x80 ./Drivers/STM32F7xx_HAL_Driver/Src/stm32f7xx_hal_i2c.o
 .text.I2C_WaitOnSTOPFlagUntilTimeout
                0x0000000008008b0a       0x78 ./Drivers/STM32F7xx_HAL_Driver/Src/stm32f7xx_hal_i2c.o
 *fill*         0x0000000008008b82        0x2 
 .text.I2C_IsErrorOccurred
                0x0000000008008b84      0x1c0 ./Drivers/STM32F7xx_HAL_Driver/Src/stm32f7xx_hal_i2c.o
 .text.I2C_TransferConfig
                0x0000000008008d44       0x64 ./Drivers/STM32F7xx_HAL_Driver/Src/stm32f7xx_hal_i2c.o
 .text.I2C_Enable_IRQ
                0x0000000008008da8       0xd4 ./Drivers/STM32F7xx_HAL_Driver/Src/stm32f7xx_hal_i2c.o
 .text.I2C_Disable_IRQ
                0x0000000008008e7c       0xbc ./Drivers/STM32F7xx_HAL_Driver/Src/stm32f7xx_hal_i2c.o
 .text.HAL_I2CEx_ConfigAnalogFilter
                0x0000000008008f38       0x96 ./Drivers/STM32F7xx_HAL_Driver/Src/stm32f7xx_hal_i2c_ex.o
                0x0000000008008f38                HAL_I2CEx_ConfigAnalogFilter
 .text.HAL_I2CEx_ConfigDigitalFilter
                0x0000000008008fce       0x98 ./Drivers/STM32F7xx_HAL_Driver/Src/stm32f7xx_hal_i2c_ex.o
                0x0000000008008fce                HAL_I2CEx_ConfigDigitalFilter
 *fill*         0x0000000008009066        0x2 
 .text.HAL_I2CEx_EnableFastModePlus
                0x0000000008009068       0x40 ./Drivers/STM32F7xx_HAL_Driver/Src/stm32f7xx_hal_i2c_ex.o
                0x0000000008009068                HAL_I2CEx_EnableFastModePlus
 .text.HAL_RCC_OscConfig
                0x00000000080090a8      0x548 ./Drivers/STM32F7xx_HAL_Driver/Src/stm32f7xx_hal_rcc.o
                0x00000000080090a8                HAL_RCC_OscConfig
 .text.HAL_RCC_ClockConfig
                0x00000000080095f0      0x1d8 ./Drivers/STM32F7xx_HAL_Driver/Src/stm32f7xx_hal_rcc.o
                0x00000000080095f0                HAL_RCC_ClockConfig
 .text.HAL_RCC_GetSysClockFreq
                0x00000000080097c8      0x208 ./Drivers/STM32F7xx_HAL_Driver/Src/stm32f7xx_hal_rcc.o
                0x00000000080097c8                HAL_RCC_GetSysClockFreq
 .text.HAL_RCC_GetHCLKFreq
                0x00000000080099d0       0x18 ./Drivers/STM32F7xx_HAL_Driver/Src/stm32f7xx_hal_rcc.o
                0x00000000080099d0                HAL_RCC_GetHCLKFreq
 .text.HAL_RCC_GetPCLK1Freq
                0x00000000080099e8       0x28 ./Drivers/STM32F7xx_HAL_Driver/Src/stm32f7xx_hal_rcc.o
                0x00000000080099e8                HAL_RCC_GetPCLK1Freq
 .text.HAL_RCC_GetPCLK2Freq
                0x0000000008009a10       0x28 ./Drivers/STM32F7xx_HAL_Driver/Src/stm32f7xx_hal_rcc.o
                0x0000000008009a10                HAL_RCC_GetPCLK2Freq
 .text.HAL_RCCEx_PeriphCLKConfig
                0x0000000008009a38      0x7e0 ./Drivers/STM32F7xx_HAL_Driver/Src/stm32f7xx_hal_rcc_ex.o
                0x0000000008009a38                HAL_RCCEx_PeriphCLKConfig
 .text.HAL_SPI_Init
                0x000000000800a218      0x156 ./Drivers/STM32F7xx_HAL_Driver/Src/stm32f7xx_hal_spi.o
                0x000000000800a218                HAL_SPI_Init
 *fill*         0x000000000800a36e        0x2 
 .text.HAL_SPI_Receive_DMA
                0x000000000800a370      0x248 ./Drivers/STM32F7xx_HAL_Driver/Src/stm32f7xx_hal_spi.o
                0x000000000800a370                HAL_SPI_Receive_DMA
 .text.HAL_SPI_TransmitReceive_DMA
                0x000000000800a5b8      0x318 ./Drivers/STM32F7xx_HAL_Driver/Src/stm32f7xx_hal_spi.o
                0x000000000800a5b8                HAL_SPI_TransmitReceive_DMA
 .text.HAL_SPI_IRQHandler
                0x000000000800a8d0      0x200 ./Drivers/STM32F7xx_HAL_Driver/Src/stm32f7xx_hal_spi.o
                0x000000000800a8d0                HAL_SPI_IRQHandler
 .text.HAL_SPI_TxRxCpltCallback
                0x000000000800aad0       0x14 ./Drivers/STM32F7xx_HAL_Driver/Src/stm32f7xx_hal_spi.o
                0x000000000800aad0                HAL_SPI_TxRxCpltCallback
 .text.HAL_SPI_TxRxHalfCpltCallback
                0x000000000800aae4       0x14 ./Drivers/STM32F7xx_HAL_Driver/Src/stm32f7xx_hal_spi.o
                0x000000000800aae4                HAL_SPI_TxRxHalfCpltCallback
 .text.HAL_SPI_ErrorCallback
                0x000000000800aaf8       0x14 ./Drivers/STM32F7xx_HAL_Driver/Src/stm32f7xx_hal_spi.o
                0x000000000800aaf8                HAL_SPI_ErrorCallback
 .text.SPI_DMAReceiveCplt
                0x000000000800ab0c       0xaa ./Drivers/STM32F7xx_HAL_Driver/Src/stm32f7xx_hal_spi.o
 .text.SPI_DMATransmitReceiveCplt
                0x000000000800abb6       0x92 ./Drivers/STM32F7xx_HAL_Driver/Src/stm32f7xx_hal_spi.o
 .text.SPI_DMAHalfReceiveCplt
                0x000000000800ac48       0x1c ./Drivers/STM32F7xx_HAL_Driver/Src/stm32f7xx_hal_spi.o
 .text.SPI_DMAHalfTransmitReceiveCplt
                0x000000000800ac64       0x1c ./Drivers/STM32F7xx_HAL_Driver/Src/stm32f7xx_hal_spi.o
 .text.SPI_DMAError
                0x000000000800ac80       0x40 ./Drivers/STM32F7xx_HAL_Driver/Src/stm32f7xx_hal_spi.o
 .text.SPI_DMAAbortOnError
                0x000000000800acc0       0x2a ./Drivers/STM32F7xx_HAL_Driver/Src/stm32f7xx_hal_spi.o
 *fill*         0x000000000800acea        0x2 
 .text.SPI_WaitFlagStateUntilTimeout
                0x000000000800acec      0x110 ./Drivers/STM32F7xx_HAL_Driver/Src/stm32f7xx_hal_spi.o
 .text.SPI_WaitFifoStateUntilTimeout
                0x000000000800adfc      0x12c ./Drivers/STM32F7xx_HAL_Driver/Src/stm32f7xx_hal_spi.o
 .text.SPI_EndRxTransaction
                0x000000000800af28       0xf8 ./Drivers/STM32F7xx_HAL_Driver/Src/stm32f7xx_hal_spi.o
 .text.SPI_EndRxTxTransaction
                0x000000000800b020       0xd4 ./Drivers/STM32F7xx_HAL_Driver/Src/stm32f7xx_hal_spi.o
 .text.HAL_TIM_Base_Init
                0x000000000800b0f4       0xae ./Drivers/STM32F7xx_HAL_Driver/Src/stm32f7xx_hal_tim.o
                0x000000000800b0f4                HAL_TIM_Base_Init
 *fill*         0x000000000800b1a2        0x2 
 .text.HAL_TIM_Base_Start_IT
                0x000000000800b1a4       0xf0 ./Drivers/STM32F7xx_HAL_Driver/Src/stm32f7xx_hal_tim.o
                0x000000000800b1a4                HAL_TIM_Base_Start_IT
 .text.HAL_TIM_IRQHandler
                0x000000000800b294      0x23e ./Drivers/STM32F7xx_HAL_Driver/Src/stm32f7xx_hal_tim.o
                0x000000000800b294                HAL_TIM_IRQHandler
 *fill*         0x000000000800b4d2        0x2 
 .text.HAL_TIM_ConfigClockSource
                0x000000000800b4d4      0x194 ./Drivers/STM32F7xx_HAL_Driver/Src/stm32f7xx_hal_tim.o
                0x000000000800b4d4                HAL_TIM_ConfigClockSource
 .text.HAL_TIM_OC_DelayElapsedCallback
                0x000000000800b668       0x14 ./Drivers/STM32F7xx_HAL_Driver/Src/stm32f7xx_hal_tim.o
                0x000000000800b668                HAL_TIM_OC_DelayElapsedCallback
 .text.HAL_TIM_IC_CaptureCallback
                0x000000000800b67c       0x14 ./Drivers/STM32F7xx_HAL_Driver/Src/stm32f7xx_hal_tim.o
                0x000000000800b67c                HAL_TIM_IC_CaptureCallback
 .text.HAL_TIM_PWM_PulseFinishedCallback
                0x000000000800b690       0x14 ./Drivers/STM32F7xx_HAL_Driver/Src/stm32f7xx_hal_tim.o
                0x000000000800b690                HAL_TIM_PWM_PulseFinishedCallback
 .text.HAL_TIM_TriggerCallback
                0x000000000800b6a4       0x14 ./Drivers/STM32F7xx_HAL_Driver/Src/stm32f7xx_hal_tim.o
                0x000000000800b6a4                HAL_TIM_TriggerCallback
 .text.TIM_Base_SetConfig
                0x000000000800b6b8      0x140 ./Drivers/STM32F7xx_HAL_Driver/Src/stm32f7xx_hal_tim.o
                0x000000000800b6b8                TIM_Base_SetConfig
 .text.TIM_TI1_ConfigInputStage
                0x000000000800b7f8       0x5e ./Drivers/STM32F7xx_HAL_Driver/Src/stm32f7xx_hal_tim.o
 .text.TIM_TI2_ConfigInputStage
                0x000000000800b856       0x60 ./Drivers/STM32F7xx_HAL_Driver/Src/stm32f7xx_hal_tim.o
 .text.TIM_ITRx_SetConfig
                0x000000000800b8b6       0x36 ./Drivers/STM32F7xx_HAL_Driver/Src/stm32f7xx_hal_tim.o
 .text.TIM_ETR_SetConfig
                0x000000000800b8ec       0x40 ./Drivers/STM32F7xx_HAL_Driver/Src/stm32f7xx_hal_tim.o
                0x000000000800b8ec                TIM_ETR_SetConfig
 .text.HAL_TIMEx_MasterConfigSynchronization
                0x000000000800b92c      0x11c ./Drivers/STM32F7xx_HAL_Driver/Src/stm32f7xx_hal_tim_ex.o
                0x000000000800b92c                HAL_TIMEx_MasterConfigSynchronization
 .text.HAL_TIMEx_CommutCallback
                0x000000000800ba48       0x14 ./Drivers/STM32F7xx_HAL_Driver/Src/stm32f7xx_hal_tim_ex.o
                0x000000000800ba48                HAL_TIMEx_CommutCallback
 .text.HAL_TIMEx_BreakCallback
                0x000000000800ba5c       0x14 ./Drivers/STM32F7xx_HAL_Driver/Src/stm32f7xx_hal_tim_ex.o
                0x000000000800ba5c                HAL_TIMEx_BreakCallback
 .text.HAL_TIMEx_Break2Callback
                0x000000000800ba70       0x14 ./Drivers/STM32F7xx_HAL_Driver/Src/stm32f7xx_hal_tim_ex.o
                0x000000000800ba70                HAL_TIMEx_Break2Callback
 .text.HAL_UART_Init
                0x000000000800ba84       0x9c ./Drivers/STM32F7xx_HAL_Driver/Src/stm32f7xx_hal_uart.o
                0x000000000800ba84                HAL_UART_Init
 .text.HAL_UART_Transmit
                0x000000000800bb20      0x106 ./Drivers/STM32F7xx_HAL_Driver/Src/stm32f7xx_hal_uart.o
                0x000000000800bb20                HAL_UART_Transmit
 *fill*         0x000000000800bc26        0x2 
 .text.HAL_UART_IRQHandler
                0x000000000800bc28      0x5a4 ./Drivers/STM32F7xx_HAL_Driver/Src/stm32f7xx_hal_uart.o
                0x000000000800bc28                HAL_UART_IRQHandler
 .text.HAL_UART_TxCpltCallback
                0x000000000800c1cc       0x14 ./Drivers/STM32F7xx_HAL_Driver/Src/stm32f7xx_hal_uart.o
                0x000000000800c1cc                HAL_UART_TxCpltCallback
 .text.HAL_UART_ErrorCallback
                0x000000000800c1e0       0x14 ./Drivers/STM32F7xx_HAL_Driver/Src/stm32f7xx_hal_uart.o
                0x000000000800c1e0                HAL_UART_ErrorCallback
 .text.HAL_UARTEx_RxEventCallback
                0x000000000800c1f4       0x18 ./Drivers/STM32F7xx_HAL_Driver/Src/stm32f7xx_hal_uart.o
                0x000000000800c1f4                HAL_UARTEx_RxEventCallback
 .text.UART_SetConfig
                0x000000000800c20c      0x4c8 ./Drivers/STM32F7xx_HAL_Driver/Src/stm32f7xx_hal_uart.o
                0x000000000800c20c                UART_SetConfig
 .text.UART_AdvFeatureConfig
                0x000000000800c6d4      0x144 ./Drivers/STM32F7xx_HAL_Driver/Src/stm32f7xx_hal_uart.o
                0x000000000800c6d4                UART_AdvFeatureConfig
 .text.UART_CheckIdleState
                0x000000000800c818       0x6e ./Drivers/STM32F7xx_HAL_Driver/Src/stm32f7xx_hal_uart.o
                0x000000000800c818                UART_CheckIdleState
 .text.UART_WaitOnFlagUntilTimeout
                0x000000000800c886      0x18c ./Drivers/STM32F7xx_HAL_Driver/Src/stm32f7xx_hal_uart.o
                0x000000000800c886                UART_WaitOnFlagUntilTimeout
 .text.UART_EndRxTransfer
                0x000000000800ca12       0xc8 ./Drivers/STM32F7xx_HAL_Driver/Src/stm32f7xx_hal_uart.o
 .text.UART_DMAAbortOnError
                0x000000000800cada       0x2c ./Drivers/STM32F7xx_HAL_Driver/Src/stm32f7xx_hal_uart.o
 .text.UART_EndTransmit_IT
                0x000000000800cb06       0x54 ./Drivers/STM32F7xx_HAL_Driver/Src/stm32f7xx_hal_uart.o
 .text.MX_MEMS_Init
                0x000000000800cb5a        0xc ./MEMS/App/app_mems.o
                0x000000000800cb5a                MX_MEMS_Init
 .text.MX_IKS02A1_DataLogTerminal_Init
                0x000000000800cb66       0x10 ./MEMS/App/app_mems.o
 *fill*         0x000000000800cb76        0x2 
 .text.MX_PDM2PCM_Init
                0x000000000800cb78       0x50 ./PDM2PCM/App/pdm2pcm.o
                0x000000000800cb78                MX_PDM2PCM_Init
 .text.D16_GENERIC
                0x000000000800cbc8      0x110 ../Middlewares/ST/STM32_Audio/Addons/PDM/Lib/libPDMFilter_CM7_GCC_wc32.a(pdm_filter.o)
 .text.D24_GENERIC
                0x000000000800ccd8      0x17c ../Middlewares/ST/STM32_Audio/Addons/PDM/Lib/libPDMFilter_CM7_GCC_wc32.a(pdm_filter.o)
 .text.D32_GENERIC
                0x000000000800ce54      0x188 ../Middlewares/ST/STM32_Audio/Addons/PDM/Lib/libPDMFilter_CM7_GCC_wc32.a(pdm_filter.o)
 .text.D48_GENERIC
                0x000000000800cfdc      0x1f0 ../Middlewares/ST/STM32_Audio/Addons/PDM/Lib/libPDMFilter_CM7_GCC_wc32.a(pdm_filter.o)
 .text.D64_GENERIC
                0x000000000800d1cc      0x230 ../Middlewares/ST/STM32_Audio/Addons/PDM/Lib/libPDMFilter_CM7_GCC_wc32.a(pdm_filter.o)
 .text.D80_GENERIC
                0x000000000800d3fc      0x29c ../Middlewares/ST/STM32_Audio/Addons/PDM/Lib/libPDMFilter_CM7_GCC_wc32.a(pdm_filter.o)
 .text.D128_GENERIC
                0x000000000800d698      0x3b8 ../Middlewares/ST/STM32_Audio/Addons/PDM/Lib/libPDMFilter_CM7_GCC_wc32.a(pdm_filter.o)
 .text.D16_1CH_HTONS_VOL_HP
                0x000000000800da50       0xfc ../Middlewares/ST/STM32_Audio/Addons/PDM/Lib/libPDMFilter_CM7_GCC_wc32.a(pdm_filter.o)
 .text.D24_1CH_HTONS_VOL_HP
                0x000000000800db4c      0x130 ../Middlewares/ST/STM32_Audio/Addons/PDM/Lib/libPDMFilter_CM7_GCC_wc32.a(pdm_filter.o)
 .text.D32_1CH_HTONS_VOL_HP
                0x000000000800dc7c      0x148 ../Middlewares/ST/STM32_Audio/Addons/PDM/Lib/libPDMFilter_CM7_GCC_wc32.a(pdm_filter.o)
 .text.D48_1CH_HTONS_VOL_HP
                0x000000000800ddc4      0x180 ../Middlewares/ST/STM32_Audio/Addons/PDM/Lib/libPDMFilter_CM7_GCC_wc32.a(pdm_filter.o)
 .text.D64_1CH_HTONS_VOL_HP
                0x000000000800df44      0x1b8 ../Middlewares/ST/STM32_Audio/Addons/PDM/Lib/libPDMFilter_CM7_GCC_wc32.a(pdm_filter.o)
 .text.D80_1CH_HTONS_VOL_HP
                0x000000000800e0fc      0x200 ../Middlewares/ST/STM32_Audio/Addons/PDM/Lib/libPDMFilter_CM7_GCC_wc32.a(pdm_filter.o)
 .text.D128_1CH_HTONS_VOL_HP
                0x000000000800e2fc      0x2ec ../Middlewares/ST/STM32_Audio/Addons/PDM/Lib/libPDMFilter_CM7_GCC_wc32.a(pdm_filter.o)
 .text.PDM_Filter_Init
                0x000000000800e5e8      0x10c ../Middlewares/ST/STM32_Audio/Addons/PDM/Lib/libPDMFilter_CM7_GCC_wc32.a(pdm_filter.o)
                0x000000000800e5e8                PDM_Filter_Init
 .text.PDM_Filter_setConfig
                0x000000000800e6f4      0x1dc ../Middlewares/ST/STM32_Audio/Addons/PDM/Lib/libPDMFilter_CM7_GCC_wc32.a(pdm_filter.o)
                0x000000000800e6f4                PDM_Filter_setConfig
 .text.PDM_Filter
                0x000000000800e8d0       0x1c ../Middlewares/ST/STM32_Audio/Addons/PDM/Lib/libPDMFilter_CM7_GCC_wc32.a(pdm_filter.o)
                0x000000000800e8d0                PDM_Filter
 .text.CRC_Lock
                0x000000000800e8ec       0x80 ../Middlewares/ST/STM32_Audio/Addons/PDM/Lib/libPDMFilter_CM7_GCC_wc32.a(stm32_crc_lock.o)
                0x000000000800e8ec                CRC_Lock
 .text.__errno  0x000000000800e96c        0xc /home/kovvalinio/st/stm32cubeide_1.10.1_2/plugins/com.st.stm32cube.ide.mcu.externaltools.gnu-tools-for-stm32.10.3-2021.10.linux64_1.0.0.202111181127/tools/bin/../lib/gcc/arm-none-eabi/10.3.1/../../../../arm-none-eabi/lib/thumb/v7e-m+fp/hard/libc_nano.a(lib_a-errno.o)
                0x000000000800e96c                __errno
 .text.__libc_init_array
                0x000000000800e978       0x48 /home/kovvalinio/st/stm32cubeide_1.10.1_2/plugins/com.st.stm32cube.ide.mcu.externaltools.gnu-tools-for-stm32.10.3-2021.10.linux64_1.0.0.202111181127/tools/bin/../lib/gcc/arm-none-eabi/10.3.1/../../../../arm-none-eabi/lib/thumb/v7e-m+fp/hard/libc_nano.a(lib_a-init.o)
                0x000000000800e978                __libc_init_array
 .text.memset   0x000000000800e9c0       0x10 /home/kovvalinio/st/stm32cubeide_1.10.1_2/plugins/com.st.stm32cube.ide.mcu.externaltools.gnu-tools-for-stm32.10.3-2021.10.linux64_1.0.0.202111181127/tools/bin/../lib/gcc/arm-none-eabi/10.3.1/../../../../arm-none-eabi/lib/thumb/v7e-m+fp/hard/libc_nano.a(lib_a-memset.o)
                0x000000000800e9c0                memset
 .text.powf     0x000000000800e9d0       0xae /home/kovvalinio/st/stm32cubeide_1.10.1_2/plugins/com.st.stm32cube.ide.mcu.externaltools.gnu-tools-for-stm32.10.3-2021.10.linux64_1.0.0.202111181127/tools/bin/../lib/gcc/arm-none-eabi/10.3.1/../../../../arm-none-eabi/lib/thumb/v7e-m+fp/hard/libm.a(lib_a-wf_pow.o)
                0x000000000800e9d0                powf
 *fill*         0x000000000800ea7e        0x2 
 .text.__ieee754_powf
                0x000000000800ea80      0x59c /home/kovvalinio/st/stm32cubeide_1.10.1_2/plugins/com.st.stm32cube.ide.mcu.externaltools.gnu-tools-for-stm32.10.3-2021.10.linux64_1.0.0.202111181127/tools/bin/../lib/gcc/arm-none-eabi/10.3.1/../../../../arm-none-eabi/lib/thumb/v7e-m+fp/hard/libm.a(lib_a-ef_pow.o)
                0x000000000800ea80                __ieee754_powf
 .text.__ieee754_sqrtf
                0x000000000800f01c        0x6 /home/kovvalinio/st/stm32cubeide_1.10.1_2/plugins/com.st.stm32cube.ide.mcu.externaltools.gnu-tools-for-stm32.10.3-2021.10.linux64_1.0.0.202111181127/tools/bin/../lib/gcc/arm-none-eabi/10.3.1/../../../../arm-none-eabi/lib/thumb/v7e-m+fp/hard/libm.a(lib_a-ef_sqrt.o)
                0x000000000800f01c                __ieee754_sqrtf
 .text.with_errnof
                0x000000000800f022       0x16 /home/kovvalinio/st/stm32cubeide_1.10.1_2/plugins/com.st.stm32cube.ide.mcu.externaltools.gnu-tools-for-stm32.10.3-2021.10.linux64_1.0.0.202111181127/tools/bin/../lib/gcc/arm-none-eabi/10.3.1/../../../../arm-none-eabi/lib/thumb/v7e-m+fp/hard/libm.a(lib_a-math_errf.o)
 .text.xflowf   0x000000000800f038       0x16 /home/kovvalinio/st/stm32cubeide_1.10.1_2/plugins/com.st.stm32cube.ide.mcu.externaltools.gnu-tools-for-stm32.10.3-2021.10.linux64_1.0.0.202111181127/tools/bin/../lib/gcc/arm-none-eabi/10.3.1/../../../../arm-none-eabi/lib/thumb/v7e-m+fp/hard/libm.a(lib_a-math_errf.o)
 *fill*         0x000000000800f04e        0x2 
 .text.__math_uflowf
                0x000000000800f050        0xc /home/kovvalinio/st/stm32cubeide_1.10.1_2/plugins/com.st.stm32cube.ide.mcu.externaltools.gnu-tools-for-stm32.10.3-2021.10.linux64_1.0.0.202111181127/tools/bin/../lib/gcc/arm-none-eabi/10.3.1/../../../../arm-none-eabi/lib/thumb/v7e-m+fp/hard/libm.a(lib_a-math_errf.o)
                0x000000000800f050                __math_uflowf
 .text.__math_oflowf
                0x000000000800f05c        0xc /home/kovvalinio/st/stm32cubeide_1.10.1_2/plugins/com.st.stm32cube.ide.mcu.externaltools.gnu-tools-for-stm32.10.3-2021.10.linux64_1.0.0.202111181127/tools/bin/../lib/gcc/arm-none-eabi/10.3.1/../../../../arm-none-eabi/lib/thumb/v7e-m+fp/hard/libm.a(lib_a-math_errf.o)
                0x000000000800f05c                __math_oflowf
 .text.fabsf    0x000000000800f068        0xe /home/kovvalinio/st/stm32cubeide_1.10.1_2/plugins/com.st.stm32cube.ide.mcu.externaltools.gnu-tools-for-stm32.10.3-2021.10.linux64_1.0.0.202111181127/tools/bin/../lib/gcc/arm-none-eabi/10.3.1/../../../../arm-none-eabi/lib/thumb/v7e-m+fp/hard/libm.a(lib_a-sf_fabs.o)
                0x000000000800f068                fabsf
 .text.finitef  0x000000000800f076       0x1a /home/kovvalinio/st/stm32cubeide_1.10.1_2/plugins/com.st.stm32cube.ide.mcu.externaltools.gnu-tools-for-stm32.10.3-2021.10.linux64_1.0.0.202111181127/tools/bin/../lib/gcc/arm-none-eabi/10.3.1/../../../../arm-none-eabi/lib/thumb/v7e-m+fp/hard/libm.a(lib_a-sf_finite.o)
                0x000000000800f076                finitef
 .text.scalbnf  0x000000000800f090       0xe4 /home/kovvalinio/st/stm32cubeide_1.10.1_2/plugins/com.st.stm32cube.ide.mcu.externaltools.gnu-tools-for-stm32.10.3-2021.10.linux64_1.0.0.202111181127/tools/bin/../lib/gcc/arm-none-eabi/10.3.1/../../../../arm-none-eabi/lib/thumb/v7e-m+fp/hard/libm.a(lib_a-sf_scalbn.o)
                0x000000000800f090                scalbnf
 *(.glue_7)
 .glue_7        0x000000000800f174        0x0 linker stubs
 *(.glue_7t)
 .glue_7t       0x000000000800f174        0x0 linker stubs
 *(.eh_frame)
 .eh_frame      0x000000000800f174        0x0 /home/kovvalinio/st/stm32cubeide_1.10.1_2/plugins/com.st.stm32cube.ide.mcu.externaltools.gnu-tools-for-stm32.10.3-2021.10.linux64_1.0.0.202111181127/tools/bin/../lib/gcc/arm-none-eabi/10.3.1/thumb/v7e-m+fp/hard/crtbegin.o
 *(.init)
 .init          0x000000000800f174        0x4 /home/kovvalinio/st/stm32cubeide_1.10.1_2/plugins/com.st.stm32cube.ide.mcu.externaltools.gnu-tools-for-stm32.10.3-2021.10.linux64_1.0.0.202111181127/tools/bin/../lib/gcc/arm-none-eabi/10.3.1/thumb/v7e-m+fp/hard/crti.o
                0x000000000800f174                _init
 .init          0x000000000800f178        0x8 /home/kovvalinio/st/stm32cubeide_1.10.1_2/plugins/com.st.stm32cube.ide.mcu.externaltools.gnu-tools-for-stm32.10.3-2021.10.linux64_1.0.0.202111181127/tools/bin/../lib/gcc/arm-none-eabi/10.3.1/thumb/v7e-m+fp/hard/crtn.o
 *(.fini)
 .fini          0x000000000800f180        0x4 /home/kovvalinio/st/stm32cubeide_1.10.1_2/plugins/com.st.stm32cube.ide.mcu.externaltools.gnu-tools-for-stm32.10.3-2021.10.linux64_1.0.0.202111181127/tools/bin/../lib/gcc/arm-none-eabi/10.3.1/thumb/v7e-m+fp/hard/crti.o
                0x000000000800f180                _fini
 .fini          0x000000000800f184        0x8 /home/kovvalinio/st/stm32cubeide_1.10.1_2/plugins/com.st.stm32cube.ide.mcu.externaltools.gnu-tools-for-stm32.10.3-2021.10.linux64_1.0.0.202111181127/tools/bin/../lib/gcc/arm-none-eabi/10.3.1/thumb/v7e-m+fp/hard/crtn.o
                0x000000000800f18c                . = ALIGN (0x4)
                0x000000000800f18c                _etext = .

.vfp11_veneer   0x000000000800f18c        0x0
 .vfp11_veneer  0x000000000800f18c        0x0 linker stubs

.v4_bx          0x000000000800f18c        0x0
 .v4_bx         0x000000000800f18c        0x0 linker stubs

.iplt           0x000000000800f18c        0x0
 .iplt          0x000000000800f18c        0x0 /home/kovvalinio/st/stm32cubeide_1.10.1_2/plugins/com.st.stm32cube.ide.mcu.externaltools.gnu-tools-for-stm32.10.3-2021.10.linux64_1.0.0.202111181127/tools/bin/../lib/gcc/arm-none-eabi/10.3.1/thumb/v7e-m+fp/hard/crtbegin.o

.rodata         0x000000000800f18c       0xd0
                0x000000000800f18c                . = ALIGN (0x4)
 *(.rodata)
 .rodata        0x000000000800f18c       0x38 ../Middlewares/ST/STM32_Audio/Addons/PDM/Lib/libPDMFilter_CM7_GCC_wc32.a(pdm_filter.o)
 *(.rodata*)
 .rodata.AHBPrescTable
                0x000000000800f1c4       0x10 ./Core/Src/system_stm32f7xx.o
                0x000000000800f1c4                AHBPrescTable
 .rodata.APBPrescTable
                0x000000000800f1d4        0x8 ./Core/Src/system_stm32f7xx.o
                0x000000000800f1d4                APBPrescTable
 .rodata.flagBitshiftOffset.0
                0x000000000800f1dc        0x8 ./Drivers/STM32F7xx_HAL_Driver/Src/stm32f7xx_hal_dma.o
 .rodata.__sf_fake_stderr
                0x000000000800f1e4       0x20 /home/kovvalinio/st/stm32cubeide_1.10.1_2/plugins/com.st.stm32cube.ide.mcu.externaltools.gnu-tools-for-stm32.10.3-2021.10.linux64_1.0.0.202111181127/tools/bin/../lib/gcc/arm-none-eabi/10.3.1/../../../../arm-none-eabi/lib/thumb/v7e-m+fp/hard/libc_nano.a(lib_a-findfp.o)
                0x000000000800f1e4                __sf_fake_stderr
 .rodata.__sf_fake_stdin
                0x000000000800f204       0x20 /home/kovvalinio/st/stm32cubeide_1.10.1_2/plugins/com.st.stm32cube.ide.mcu.externaltools.gnu-tools-for-stm32.10.3-2021.10.linux64_1.0.0.202111181127/tools/bin/../lib/gcc/arm-none-eabi/10.3.1/../../../../arm-none-eabi/lib/thumb/v7e-m+fp/hard/libc_nano.a(lib_a-findfp.o)
                0x000000000800f204                __sf_fake_stdin
 .rodata.__sf_fake_stdout
                0x000000000800f224       0x20 /home/kovvalinio/st/stm32cubeide_1.10.1_2/plugins/com.st.stm32cube.ide.mcu.externaltools.gnu-tools-for-stm32.10.3-2021.10.linux64_1.0.0.202111181127/tools/bin/../lib/gcc/arm-none-eabi/10.3.1/../../../../arm-none-eabi/lib/thumb/v7e-m+fp/hard/libc_nano.a(lib_a-findfp.o)
                0x000000000800f224                __sf_fake_stdout
 .rodata.bp     0x000000000800f244        0x8 /home/kovvalinio/st/stm32cubeide_1.10.1_2/plugins/com.st.stm32cube.ide.mcu.externaltools.gnu-tools-for-stm32.10.3-2021.10.linux64_1.0.0.202111181127/tools/bin/../lib/gcc/arm-none-eabi/10.3.1/../../../../arm-none-eabi/lib/thumb/v7e-m+fp/hard/libm.a(lib_a-ef_pow.o)
 .rodata.dp_h   0x000000000800f24c        0x8 /home/kovvalinio/st/stm32cubeide_1.10.1_2/plugins/com.st.stm32cube.ide.mcu.externaltools.gnu-tools-for-stm32.10.3-2021.10.linux64_1.0.0.202111181127/tools/bin/../lib/gcc/arm-none-eabi/10.3.1/../../../../arm-none-eabi/lib/thumb/v7e-m+fp/hard/libm.a(lib_a-ef_pow.o)
 .rodata.dp_l   0x000000000800f254        0x8 /home/kovvalinio/st/stm32cubeide_1.10.1_2/plugins/com.st.stm32cube.ide.mcu.externaltools.gnu-tools-for-stm32.10.3-2021.10.linux64_1.0.0.202111181127/tools/bin/../lib/gcc/arm-none-eabi/10.3.1/../../../../arm-none-eabi/lib/thumb/v7e-m+fp/hard/libm.a(lib_a-ef_pow.o)
                0x000000000800f25c                . = ALIGN (0x4)

.ARM.extab      0x000000000800f25c        0x0
                0x000000000800f25c                . = ALIGN (0x4)
 *(.ARM.extab* .gnu.linkonce.armextab.*)
                0x000000000800f25c                . = ALIGN (0x4)

.ARM            0x000000000800f25c        0x8
                0x000000000800f25c                . = ALIGN (0x4)
                0x000000000800f25c                __exidx_start = .
 *(.ARM.exidx*)
 .ARM.exidx     0x000000000800f25c        0x8 /home/kovvalinio/st/stm32cubeide_1.10.1_2/plugins/com.st.stm32cube.ide.mcu.externaltools.gnu-tools-for-stm32.10.3-2021.10.linux64_1.0.0.202111181127/tools/bin/../lib/gcc/arm-none-eabi/10.3.1/thumb/v7e-m+fp/hard/libgcc.a(_udivmoddi4.o)
                0x000000000800f264                __exidx_end = .
                0x000000000800f264                . = ALIGN (0x4)

.rel.dyn        0x000000000800f264        0x0
 .rel.iplt      0x000000000800f264        0x0 /home/kovvalinio/st/stm32cubeide_1.10.1_2/plugins/com.st.stm32cube.ide.mcu.externaltools.gnu-tools-for-stm32.10.3-2021.10.linux64_1.0.0.202111181127/tools/bin/../lib/gcc/arm-none-eabi/10.3.1/thumb/v7e-m+fp/hard/crtbegin.o

.preinit_array  0x000000000800f264        0x0
                0x000000000800f264                . = ALIGN (0x4)
                0x000000000800f264                PROVIDE (__preinit_array_start = .)
 *(.preinit_array*)
                0x000000000800f264                PROVIDE (__preinit_array_end = .)
                0x000000000800f264                . = ALIGN (0x4)

.init_array     0x000000000800f264        0x4
                0x000000000800f264                . = ALIGN (0x4)
                0x000000000800f264                PROVIDE (__init_array_start = .)
 *(SORT_BY_NAME(.init_array.*))
 *(.init_array*)
 .init_array    0x000000000800f264        0x4 /home/kovvalinio/st/stm32cubeide_1.10.1_2/plugins/com.st.stm32cube.ide.mcu.externaltools.gnu-tools-for-stm32.10.3-2021.10.linux64_1.0.0.202111181127/tools/bin/../lib/gcc/arm-none-eabi/10.3.1/thumb/v7e-m+fp/hard/crtbegin.o
                0x000000000800f268                PROVIDE (__init_array_end = .)
                0x000000000800f268                . = ALIGN (0x4)

.fini_array     0x000000000800f268        0x4
                0x000000000800f268                . = ALIGN (0x4)
                [!provide]                        PROVIDE (__fini_array_start = .)
 *(SORT_BY_NAME(.fini_array.*))
 *(.fini_array*)
 .fini_array    0x000000000800f268        0x4 /home/kovvalinio/st/stm32cubeide_1.10.1_2/plugins/com.st.stm32cube.ide.mcu.externaltools.gnu-tools-for-stm32.10.3-2021.10.linux64_1.0.0.202111181127/tools/bin/../lib/gcc/arm-none-eabi/10.3.1/thumb/v7e-m+fp/hard/crtbegin.o
                [!provide]                        PROVIDE (__fini_array_end = .)
                0x000000000800f26c                . = ALIGN (0x4)
                0x000000000800f26c                _sidata = LOADADDR (.data)

.data           0x0000000020000000      0x544 load address 0x000000000800f26c
                0x0000000020000000                . = ALIGN (0x4)
                0x0000000020000000                _sdata = .
 *(.data)
 .data          0x0000000020000000      0x400 ../Middlewares/ST/STM32_Audio/Addons/PDM/Lib/libPDMFilter_CM7_GCC_wc32.a(pdm_filter.o)
 *(.data*)
 .data.SystemCoreClock
                0x0000000020000400        0x4 ./Core/Src/system_stm32f7xx.o
                0x0000000020000400                SystemCoreClock
 .data.IIS2DLPC_COMMON_Driver
                0x0000000020000404       0x10 ./Drivers/BSP/Components/iis2dlpc/iis2dlpc.o
                0x0000000020000404                IIS2DLPC_COMMON_Driver
 .data.IIS2DLPC_ACC_Driver
                0x0000000020000414       0x24 ./Drivers/BSP/Components/iis2dlpc/iis2dlpc.o
                0x0000000020000414                IIS2DLPC_ACC_Driver
 .data.IIS2MDC_COMMON_Driver
                0x0000000020000438       0x10 ./Drivers/BSP/Components/iis2mdc/iis2mdc.o
                0x0000000020000438                IIS2MDC_COMMON_Driver
 .data.IIS2MDC_MAG_Driver
                0x0000000020000448       0x24 ./Drivers/BSP/Components/iis2mdc/iis2mdc.o
                0x0000000020000448                IIS2MDC_MAG_Driver
 .data.ISM330DHCX_COMMON_Driver
                0x000000002000046c       0x10 ./Drivers/BSP/Components/ism330dhcx/ism330dhcx.o
                0x000000002000046c                ISM330DHCX_COMMON_Driver
 .data.ISM330DHCX_ACC_Driver
                0x000000002000047c       0x24 ./Drivers/BSP/Components/ism330dhcx/ism330dhcx.o
                0x000000002000047c                ISM330DHCX_ACC_Driver
 .data.ISM330DHCX_GYRO_Driver
                0x00000000200004a0       0x24 ./Drivers/BSP/Components/ism330dhcx/ism330dhcx.o
                0x00000000200004a0                ISM330DHCX_GYRO_Driver
 .data.FunctionIndex
                0x00000000200004c4       0x14 ./Drivers/BSP/IKS02A1/iks02a1_motion_sensors.o
 .data.uwTickPrio
                0x00000000200004d8        0x4 ./Drivers/STM32F7xx_HAL_Driver/Src/stm32f7xx_hal.o
                0x00000000200004d8                uwTickPrio
 .data.uwTickFreq
                0x00000000200004dc        0x1 ./Drivers/STM32F7xx_HAL_Driver/Src/stm32f7xx_hal.o
                0x00000000200004dc                uwTickFreq
 *fill*         0x00000000200004dd        0x3 
 .data._impure_ptr
                0x00000000200004e0        0x4 /home/kovvalinio/st/stm32cubeide_1.10.1_2/plugins/com.st.stm32cube.ide.mcu.externaltools.gnu-tools-for-stm32.10.3-2021.10.linux64_1.0.0.202111181127/tools/bin/../lib/gcc/arm-none-eabi/10.3.1/../../../../arm-none-eabi/lib/thumb/v7e-m+fp/hard/libc_nano.a(lib_a-impure.o)
                0x00000000200004e0                _impure_ptr
 .data.impure_data
                0x00000000200004e4       0x60 /home/kovvalinio/st/stm32cubeide_1.10.1_2/plugins/com.st.stm32cube.ide.mcu.externaltools.gnu-tools-for-stm32.10.3-2021.10.linux64_1.0.0.202111181127/tools/bin/../lib/gcc/arm-none-eabi/10.3.1/../../../../arm-none-eabi/lib/thumb/v7e-m+fp/hard/libc_nano.a(lib_a-impure.o)
 *(.RamFunc)
 *(.RamFunc*)
                0x0000000020000544                . = ALIGN (0x4)
                0x0000000020000544                _edata = .

.igot.plt       0x0000000020000544        0x0 load address 0x000000000800f7b0
 .igot.plt      0x0000000020000544        0x0 /home/kovvalinio/st/stm32cubeide_1.10.1_2/plugins/com.st.stm32cube.ide.mcu.externaltools.gnu-tools-for-stm32.10.3-2021.10.linux64_1.0.0.202111181127/tools/bin/../lib/gcc/arm-none-eabi/10.3.1/thumb/v7e-m+fp/hard/crtbegin.o
                0x0000000020000544                . = ALIGN (0x4)

.bss            0x0000000020000544    0x363b8 load address 0x000000000800f7b0
                0x0000000020000544                _sbss = .
                0x0000000020000544                __bss_start__ = _sbss
 *(.bss)
 .bss           0x0000000020000544       0x1c /home/kovvalinio/st/stm32cubeide_1.10.1_2/plugins/com.st.stm32cube.ide.mcu.externaltools.gnu-tools-for-stm32.10.3-2021.10.linux64_1.0.0.202111181127/tools/bin/../lib/gcc/arm-none-eabi/10.3.1/thumb/v7e-m+fp/hard/crtbegin.o
 .bss           0x0000000020000560        0x1 ../Middlewares/ST/STM32_Audio/Addons/PDM/Lib/libPDMFilter_CM7_GCC_wc32.a(pdm_filter.o)
 *(.bss*)
 *fill*         0x0000000020000561        0x3 
 .bss.hcrc      0x0000000020000564       0x24 ./Core/Src/crc.o
                0x0000000020000564                hcrc
 .bss.hi2c4     0x0000000020000588       0x54 ./Core/Src/custom_bus.o
                0x0000000020000588                hi2c4
 .bss.I2C4InitCounter
                0x00000000200005dc        0x4 ./Core/Src/custom_bus.o
 .bss.hi2c1     0x00000000200005e0       0x54 ./Core/Src/i2c.o
                0x00000000200005e0                hi2c1
 .bss.PDMbuff   0x0000000020000634       0xc0 ./Core/Src/main.o
                0x0000000020000634                PDMbuff
 .bss.pcmSmallBuffer
                0x00000000200006f4       0x30 ./Core/Src/main.o
                0x00000000200006f4                pcmSmallBuffer
 .bss.pcmBigBuffer
                0x0000000020000724    0x17700 ./Core/Src/main.o
                0x0000000020000724                pcmBigBuffer
 .bss.micRxFlag
                0x0000000020017e24        0x1 ./Core/Src/main.o
                0x0000000020017e24                micRxFlag
 *fill*         0x0000000020017e25        0x3 
 .bss.fifoIterator
                0x0000000020017e28        0x4 ./Core/Src/main.o
                0x0000000020017e28                fifoIterator
 .bss.mic_data_to_send
                0x0000000020017e2c    0x17750 ./Core/Src/main.o
                0x0000000020017e2c                mic_data_to_send
 .bss.espTxFlag
                0x000000002002f57c        0x1 ./Core/Src/main.o
                0x000000002002f57c                espTxFlag
 *fill*         0x000000002002f57d        0x3 
 .bss.acc_vector
                0x000000002002f580     0x3840 ./Core/Src/main.o
                0x000000002002f580                acc_vector
 .bss.acc_iterator
                0x0000000020032dc0        0x4 ./Core/Src/main.o
                0x0000000020032dc0                acc_iterator
 .bss.data_raw  0x0000000020032dc4        0x6 ./Core/Src/main.o
                0x0000000020032dc4                data_raw
 *fill*         0x0000000020032dca        0x2 
 .bss.acc_data_to_send
                0x0000000020032dcc     0x384c ./Core/Src/main.o
                0x0000000020032dcc                acc_data_to_send
 .bss.acc_aqcuisition_flag
                0x0000000020036618        0x1 ./Core/Src/main.o
                0x0000000020036618                acc_aqcuisition_flag
 *fill*         0x0000000020036619        0x3 
 .bss.hspi2     0x000000002003661c       0x64 ./Core/Src/spi.o
                0x000000002003661c                hspi2
 .bss.hdma_spi2_rx
                0x0000000020036680       0x60 ./Core/Src/spi.o
                0x0000000020036680                hdma_spi2_rx
 .bss.htim1     0x00000000200366e0       0x4c ./Core/Src/tim.o
                0x00000000200366e0                htim1
 .bss.huart4    0x000000002003672c       0x88 ./Core/Src/usart.o
                0x000000002003672c                huart4
 .bss.MotionCompObj
                0x00000000200367b4        0xc ./Drivers/BSP/IKS02A1/iks02a1_motion_sensors.o
                0x00000000200367b4                MotionCompObj
 .bss.MotionFuncDrv
                0x00000000200367c0       0x24 ./Drivers/BSP/IKS02A1/iks02a1_motion_sensors.o
 .bss.MotionDrv
                0x00000000200367e4        0xc ./Drivers/BSP/IKS02A1/iks02a1_motion_sensors.o
 .bss.MotionCtx
                0x00000000200367f0        0xc ./Drivers/BSP/IKS02A1/iks02a1_motion_sensors.o
 .bss.ism330dhcx_obj_0.2
                0x00000000200367fc       0x38 ./Drivers/BSP/IKS02A1/iks02a1_motion_sensors.o
 .bss.iis2dlpc_obj_0.1
                0x0000000020036834       0x3c ./Drivers/BSP/IKS02A1/iks02a1_motion_sensors.o
 .bss.iis2mdc_obj_0.0
                0x0000000020036870       0x34 ./Drivers/BSP/IKS02A1/iks02a1_motion_sensors.o
 .bss.uwTick    0x00000000200368a4        0x4 ./Drivers/STM32F7xx_HAL_Driver/Src/stm32f7xx_hal.o
                0x00000000200368a4                uwTick
 .bss.PDM1_filter_handler
                0x00000000200368a8       0x4c ./PDM2PCM/App/pdm2pcm.o
                0x00000000200368a8                PDM1_filter_handler
 .bss.PDM1_filter_config
                0x00000000200368f4        0x6 ./PDM2PCM/App/pdm2pcm.o
                0x00000000200368f4                PDM1_filter_config
 *(COMMON)
                0x00000000200368fc                . = ALIGN (0x4)
 *fill*         0x00000000200368fa        0x2 
                0x00000000200368fc                _ebss = .
                0x00000000200368fc                __bss_end__ = _ebss

._user_heap_stack
                0x00000000200368fc      0x604 load address 0x000000000800f7b0
                0x0000000020036900                . = ALIGN (0x8)
 *fill*         0x00000000200368fc        0x4 
                [!provide]                        PROVIDE (end = .)
                0x0000000020036900                PROVIDE (_end = .)
                0x0000000020036b00                . = (. + _Min_Heap_Size)
 *fill*         0x0000000020036900      0x200 
                0x0000000020036f00                . = (. + _Min_Stack_Size)