../Drivers/BSP/custom/custom.c:94:9:BSP_GetVersion	4	static
../Drivers/BSP/custom/custom.c:106:9:BSP_LED_Init	16	static
../Drivers/BSP/custom/custom.c:121:9:BSP_LED_DeInit	40	static
../Drivers/BSP/custom/custom.c:144:9:BSP_LED_On	16	static
../Drivers/BSP/custom/custom.c:161:9:BSP_LED_Off	16	static
../Drivers/BSP/custom/custom.c:178:9:BSP_LED_Toggle	16	static
../Drivers/BSP/custom/custom.c:195:9:BSP_LED_GetState	16	static
../Drivers/BSP/custom/custom.c:203:13:LED_USER_GPIO_Init	4	static
../Drivers/BSP/custom/custom.c:218:9:BSP_PB_Init	24	static
../Drivers/BSP/custom/custom.c:258:9:BSP_PB_DeInit	40	static
../Drivers/BSP/custom/custom.c:276:9:BSP_PB_GetState	16	static
../Drivers/BSP/custom/custom.c:285:6:BSP_PB_IRQHandler	16	static
../Drivers/BSP/custom/custom.c:295:13:BSP_PB_Callback	16	static
../Drivers/BSP/custom/custom.c:308:13:BUTTON_USER_EXTI_Callback	8	static
../Drivers/BSP/custom/custom.c:317:13:BUTTON_USER_GPIO_Init	4	static
../Drivers/BSP/custom/custom.c:329:9:BSP_COM_Init	24	static
../Drivers/BSP/custom/custom.c:367:9:BSP_COM_DeInit	24	static
../Drivers/BSP/custom/custom.c:404:26:MX_UART8_Init	24	static
../Drivers/BSP/custom/custom.c:508:9:BSP_COM_SelectLogPort	16	static
../Drivers/BSP/custom/custom.c:554:5:__io_putchar	16	static
../Drivers/BSP/custom/custom.c:567:13:UART8_MspInit	176	static
../Drivers/BSP/custom/custom.c:608:13:UART8_MspDeInit	16	static
